03-04 11:40:29.966  1620  3255 I CursorWindowStats: Created a new Cursor. # Open Cursors=1 (# cursors opened by this proc=1)
03-04 11:40:29.966  1620  3255 D SQLiteCursor: received count(*) from native_fill_window: 0
03-04 11:40:29.991  1620  3255 W IsoInterface: Missing 'ftyp' header
03-04 11:40:29.992  1620  3255 D SQLiteQueryBuilder: SELECT _id, date_modified, _size, mime_type, media_type, is_pending FROM files WHERE ((volume_name IN ( 'internal' ))) AND ((_data=?)) with args [/product/media/audio/notifications/F1_MissedCall.ogg]
03-04 11:40:29.992  1620  3255 I CursorWindowStats: Created a new Cursor. # Open Cursors=1 (# cursors opened by this proc=1)
03-04 11:40:29.992  1620  3255 D SQLiteCursor: received count(*) from native_fill_window: 0
03-04 11:40:30.028  1859  2512 E Search.IcingConnection: Could not connect to Icing. Error code 14.
03-04 11:40:30.030  1271  2348 E angh    : Phenotype API error. Event # caox@23178245, EventCode: 5 [CONTEXT service_id=51 ]
03-04 11:40:30.030  1271  2348 E angh    : anfl: 29500: Empty (package not registered?) or malformed snapshot token: 
03-04 11:40:30.030  1271  2348 E angh    : 	at angk.a(:com.google.android.gms@201817022@20.18.17 (040700-311416286):8)
03-04 11:40:30.030  1271  2348 E angh    : 	at angj.b(:com.google.android.gms@201817022@20.18.17 (040700-311416286):2)
03-04 11:40:30.030  1271  2348 E angh    : 	at angh.a(:com.google.android.gms@201817022@20.18.17 (040700-311416286):90)
03-04 11:40:30.030  1271  2348 E angh    : 	at angh.a(:com.google.android.gms@201817022@20.18.17 (040700-311416286):77)
03-04 11:40:30.030  1271  2348 E angh    : 	at zus.run(:com.google.android.gms@201817022@20.18.17 (040700-311416286):10)
03-04 11:40:30.030  1271  2348 E angh    : 	at blot.run(:com.google.android.gms@201817022@20.18.17 (040700-311416286):2)
03-04 11:40:30.030  1271  2348 E angh    : 	at sji.b(:com.google.android.gms@201817022@20.18.17 (040700-311416286):12)
03-04 11:40:30.030  1271  2348 E angh    : 	at sji.run(:com.google.android.gms@201817022@20.18.17 (040700-311416286):7)
03-04 11:40:30.030  1271  2348 E angh    : 	at java.util.concurrent.ThreadPoolExecutor.runWorker(ThreadPoolExecutor.java:1167)
03-04 11:40:30.030  1271  2348 E angh    : 	at java.util.concurrent.ThreadPoolExecutor$Worker.run(ThreadPoolExecutor.java:641)
03-04 11:40:30.030  1271  2348 E angh    : 	at spj.run(:com.google.android.gms@201817022@20.18.17 (040700-311416286):0)
03-04 11:40:30.030  1271  2348 E angh    : 	at java.lang.Thread.run(Thread.java:923)
03-04 11:40:30.041  1271  2348 E AsyncOperation: serviceID=51, operation=CommitToConfigurationOperationCall
03-04 11:40:30.041  1271  2348 E AsyncOperation: OperationException[Status{statusCode=Empty (package not registered?) or malformed snapshot token: , resolution=null}]
03-04 11:40:30.041  1271  2348 E AsyncOperation: 	at angh.a(:com.google.android.gms@201817022@20.18.17 (040700-311416286):92)
03-04 11:40:30.041  1271  2348 E AsyncOperation: 	at angh.a(:com.google.android.gms@201817022@20.18.17 (040700-311416286):77)
03-04 11:40:30.041  1271  2348 E AsyncOperation: 	at zus.run(:com.google.android.gms@201817022@20.18.17 (040700-311416286):10)
03-04 11:40:30.041  1271  2348 E AsyncOperation: 	at blot.run(:com.google.android.gms@201817022@20.18.17 (040700-311416286):2)
03-04 11:40:30.041  1271  2348 E AsyncOperation: 	at sji.b(:com.google.android.gms@201817022@20.18.17 (040700-311416286):12)
03-04 11:40:30.041  1271  2348 E AsyncOperation: 	at sji.run(:com.google.android.gms@201817022@20.18.17 (040700-311416286):7)
03-04 11:40:30.041  1271  2348 E AsyncOperation: 	at java.util.concurrent.ThreadPoolExecutor.runWorker(ThreadPoolExecutor.java:1167)
03-04 11:40:30.041  1271  2348 E AsyncOperation: 	at java.util.concurrent.ThreadPoolExecutor$Worker.run(ThreadPoolExecutor.java:641)
03-04 11:40:30.041  1271  2348 E AsyncOperation: 	at spj.run(:com.google.android.gms@201817022@20.18.17 (040700-311416286):0)
03-04 11:40:30.041  1271  2348 E AsyncOperation: 	at java.lang.Thread.run(Thread.java:923)
03-04 11:40:30.042  1859  1935 E MendelPackageState: Failed to fetch after encountering old config
03-04 11:40:30.042  1859  1935 E MendelPackageState: com.google.android.libraries.phenotype.client.a.e: 29500: 29500: Empty (package not registered?) or malformed snapshot token: 
03-04 11:40:30.042  1859  1935 E MendelPackageState: 	at com.google.android.libraries.phenotype.client.a.g.a(Unknown Source:1)
03-04 11:40:30.042  1859  1935 E MendelPackageState: 	at com.google.common.v.a.a.a(SourceFile:3)
03-04 11:40:30.042  1859  1935 E MendelPackageState: 	at com.google.common.v.a.c.run(SourceFile:21)
03-04 11:40:30.042  1859  1935 E MendelPackageState: 	at com.google.common.v.a.aw.execute(SourceFile:3)
03-04 11:40:30.042  1859  1935 E MendelPackageState: 	at com.google.common.v.a.d.b(SourceFile:77)
03-04 11:40:30.042  1859  1935 E MendelPackageState: 	at com.google.common.v.a.d.a(SourceFile:76)
03-04 11:40:30.042  1859  1935 E MendelPackageState: 	at com.google.common.v.a.d.b(SourceFile:175)
03-04 11:40:30.042  1859  1935 E MendelPackageState: 	at com.google.android.libraries.n.a.a(Unknown Source:6)
03-04 11:40:30.042  1859  1935 E MendelPackageState: 	at com.google.android.gms.n.n.run(SourceFile:2)
03-04 11:40:30.042  1859  1935 E MendelPackageState: 	at com.google.common.v.a.aw.execute(SourceFile:3)
03-04 11:40:30.042  1859  1935 E MendelPackageState: 	at com.google.android.gms.n.o.a(SourceFile:4)
03-04 11:40:30.042  1859  1935 E MendelPackageState: 	at com.google.android.gms.n.ad.a(SourceFile:10)
03-04 11:40:30.042  1859  1935 E MendelPackageState: 	at com.google.android.gms.n.aj.a(SourceFile:60)
03-04 11:40:30.042  1859  1935 E MendelPackageState: 	at com.google.android.gms.common.api.internal.df.a(SourceFile:3)
03-04 11:40:30.042  1859  1935 E MendelPackageState: 	at com.google.android.gms.phenotype.r.e(SourceFile:2)
03-04 11:40:30.042  1859  1935 E MendelPackageState: 	at com.google.android.gms.phenotype.a.a.dispatchTransaction(SourceFile:32)
03-04 11:40:30.042  1859  1935 E MendelPackageState: 	at com.google.android.a.b.onTransact(SourceFile:7)
03-04 11:40:30.042  1859  1935 E MendelPackageState: 	at android.os.Binder.execTransactInternal(Binder.java:1159)
03-04 11:40:30.042  1859  1935 E MendelPackageState: 	at android.os.Binder.execTransact(Binder.java:1123)
03-04 11:40:30.042  1859  1935 E MendelPackageState: Caused by: com.google.android.gms.common.api.m: 29500: Empty (package not registered?) or malformed snapshot token: 
03-04 11:40:30.042  1859  1935 E MendelPackageState: 	at com.google.android.gms.common.api.internal.df.a(SourceFile:2)
03-04 11:40:30.042  1859  1935 E MendelPackageState: 	... 5 more
03-04 11:40:30.046   594  1908 D PackageManager: Instant App installer not found with android.intent.action.INSTALL_INSTANT_APP_PACKAGE
03-04 11:40:30.046   594  1908 D PackageManager: Clear ephemeral installer activity
03-04 11:40:30.058  1515  2611 W Icing   : No valid account for uploading user actions [CONTEXT service_id=21 ]
03-04 11:40:30.065  1620  3255 W IsoInterface: Missing 'ftyp' header
03-04 11:40:30.066  1620  3255 D SQLiteQueryBuilder: SELECT _id, date_modified, _size, mime_type, media_type, is_pending FROM files WHERE ((volume_name IN ( 'internal' ))) AND ((_data=?)) with args [/product/media/audio/notifications/Helium.ogg]
03-04 11:40:30.067  1859  2211 I WM-GreedyScheduler: Ignoring schedule request in non-main process
03-04 11:40:30.067  1271  2348 E angh    : Phenotype API error. Event # caox@5fcd02b, EventCode: 5 [CONTEXT service_id=51 ]
03-04 11:40:30.067  1271  2348 E angh    : anfl: 29500: Empty (package not registered?) or malformed snapshot token: 
03-04 11:40:30.067  1271  2348 E angh    : 	at angk.a(:com.google.android.gms@201817022@20.18.17 (040700-311416286):8)
03-04 11:40:30.067  1271  2348 E angh    : 	at angj.b(:com.google.android.gms@201817022@20.18.17 (040700-311416286):2)
03-04 11:40:30.067  1271  2348 E angh    : 	at angh.a(:com.google.android.gms@201817022@20.18.17 (040700-311416286):90)
03-04 11:40:30.067  1271  2348 E angh    : 	at angh.a(:com.google.android.gms@201817022@20.18.17 (040700-311416286):77)
03-04 11:40:30.067  1271  2348 E angh    : 	at zus.run(:com.google.android.gms@201817022@20.18.17 (040700-311416286):10)
03-04 11:40:30.067  1271  2348 E angh    : 	at blot.run(:com.google.android.gms@201817022@20.18.17 (040700-311416286):2)
03-04 11:40:30.067  1271  2348 E angh    : 	at sji.b(:com.google.android.gms@201817022@20.18.17 (040700-311416286):12)
03-04 11:40:30.067  1271  2348 E angh    : 	at sji.run(:com.google.android.gms@201817022@20.18.17 (040700-311416286):7)
03-04 11:40:30.067  1271  2348 E angh    : 	at java.util.concurrent.ThreadPoolExecutor.runWorker(ThreadPoolExecutor.java:1167)
03-04 11:40:30.067  1271  2348 E angh    : 	at java.util.concurrent.ThreadPoolExecutor$Worker.run(ThreadPoolExecutor.java:641)
03-04 11:40:30.067  1271  2348 E angh    : 	at spj.run(:com.google.android.gms@201817022@20.18.17 (040700-311416286):0)
03-04 11:40:30.067  1271  2348 E angh    : 	at java.lang.Thread.run(Thread.java:923)
03-04 11:40:30.068  1620  3255 I CursorWindowStats: Created a new Cursor. # Open Cursors=1 (# cursors opened by this proc=1)
03-04 11:40:30.068  1620  3255 D SQLiteCursor: received count(*) from native_fill_window: 0
03-04 11:40:30.068  1271  2348 E AsyncOperation: serviceID=51, operation=CommitToConfigurationOperationCall
03-04 11:40:30.068  1271  2348 E AsyncOperation: OperationException[Status{statusCode=Empty (package not registered?) or malformed snapshot token: , resolution=null}]
03-04 11:40:30.068  1271  2348 E AsyncOperation: 	at angh.a(:com.google.android.gms@201817022@20.18.17 (040700-311416286):92)
03-04 11:40:30.068  1271  2348 E AsyncOperation: 	at angh.a(:com.google.android.gms@201817022@20.18.17 (040700-311416286):77)
03-04 11:40:30.068  1271  2348 E AsyncOperation: 	at zus.run(:com.google.android.gms@201817022@20.18.17 (040700-311416286):10)
03-04 11:40:30.068  1271  2348 E AsyncOperation: 	at blot.run(:com.google.android.gms@201817022@20.18.17 (040700-311416286):2)
03-04 11:40:30.068  1271  2348 E AsyncOperation: 	at sji.b(:com.google.android.gms@201817022@20.18.17 (040700-311416286):12)
03-04 11:40:30.068  1271  2348 E AsyncOperation: 	at sji.run(:com.google.android.gms@201817022@20.18.17 (040700-311416286):7)
03-04 11:40:30.068  1271  2348 E AsyncOperation: 	at java.util.concurrent.ThreadPoolExecutor.runWorker(ThreadPoolExecutor.java:1167)
03-04 11:40:30.068  1271  2348 E AsyncOperation: 	at java.util.concurrent.ThreadPoolExecutor$Worker.run(ThreadPoolExecutor.java:641)
03-04 11:40:30.068  1271  2348 E AsyncOperation: 	at spj.run(:com.google.android.gms@201817022@20.18.17 (040700-311416286):0)
03-04 11:40:30.068  1271  2348 E AsyncOperation: 	at java.lang.Thread.run(Thread.java:923)
03-04 11:40:30.070  1859  1935 E MendelPackageState: Failed to fetch after encountering old config
03-04 11:40:30.070  1859  1935 E MendelPackageState: com.google.android.libraries.phenotype.client.a.e: 29500: 29500: Empty (package not registered?) or malformed snapshot token: 
03-04 11:40:30.070  1859  1935 E MendelPackageState: 	at com.google.android.libraries.phenotype.client.a.g.a(Unknown Source:1)
03-04 11:40:30.070  1859  1935 E MendelPackageState: 	at com.google.common.v.a.a.a(SourceFile:3)
03-04 11:40:30.070  1859  1935 E MendelPackageState: 	at com.google.common.v.a.c.run(SourceFile:21)
03-04 11:40:30.070  1859  1935 E MendelPackageState: 	at com.google.common.v.a.aw.execute(SourceFile:3)
03-04 11:40:30.070  1859  1935 E MendelPackageState: 	at com.google.common.v.a.d.b(SourceFile:77)
03-04 11:40:30.070  1859  1935 E MendelPackageState: 	at com.google.common.v.a.d.a(SourceFile:76)
03-04 11:40:30.070  1859  1935 E MendelPackageState: 	at com.google.common.v.a.d.b(SourceFile:175)
03-04 11:40:30.070  1859  1935 E MendelPackageState: 	at com.google.android.libraries.n.a.a(Unknown Source:6)
03-04 11:40:30.070  1859  1935 E MendelPackageState: 	at com.google.android.gms.n.n.run(SourceFile:2)
03-04 11:40:30.070  1859  1935 E MendelPackageState: 	at com.google.common.v.a.aw.execute(SourceFile:3)
03-04 11:40:30.070  1859  1935 E MendelPackageState: 	at com.google.android.gms.n.o.a(SourceFile:4)
03-04 11:40:30.070  1859  1935 E MendelPackageState: 	at com.google.android.gms.n.ad.a(SourceFile:10)
03-04 11:40:30.070  1859  1935 E MendelPackageState: 	at com.google.android.gms.n.aj.a(SourceFile:60)
03-04 11:40:30.070  1859  1935 E MendelPackageState: 	at com.google.android.gms.common.api.internal.df.a(SourceFile:3)
03-04 11:40:30.070  1859  1935 E MendelPackageState: 	at com.google.android.gms.phenotype.r.e(SourceFile:2)
03-04 11:40:30.070  1859  1935 E MendelPackageState: 	at com.google.android.gms.phenotype.a.a.dispatchTransaction(SourceFile:32)
03-04 11:40:30.070  1859  1935 E MendelPackageState: 	at com.google.android.a.b.onTransact(SourceFile:7)
03-04 11:40:30.070  1859  1935 E MendelPackageState: 	at android.os.Binder.execTransactInternal(Binder.java:1159)
03-04 11:40:30.070  1859  1935 E MendelPackageState: 	at android.os.Binder.execTransact(Binder.java:1123)
03-04 11:40:30.070  1859  1935 E MendelPackageState: Caused by: com.google.android.gms.common.api.m: 29500: Empty (package not registered?) or malformed snapshot token: 
03-04 11:40:30.070  1859  1935 E MendelPackageState: 	at com.google.android.gms.common.api.internal.df.a(SourceFile:2)
03-04 11:40:30.070  1859  1935 E MendelPackageState: 	... 5 more
03-04 11:40:30.076  1271  2442 E angh    : Phenotype API error. Event # caox@cdcf951, EventCode: 5 [CONTEXT service_id=51 ]
03-04 11:40:30.076  1271  2442 E angh    : anfl: 29500: Empty (package not registered?) or malformed snapshot token: 
03-04 11:40:30.076  1271  2442 E angh    : 	at angk.a(:com.google.android.gms@201817022@20.18.17 (040700-311416286):8)
03-04 11:40:30.076  1271  2442 E angh    : 	at angj.b(:com.google.android.gms@201817022@20.18.17 (040700-311416286):2)
03-04 11:40:30.076  1271  2442 E angh    : 	at angh.a(:com.google.android.gms@201817022@20.18.17 (040700-311416286):90)
03-04 11:40:30.076  1271  2442 E angh    : 	at angh.a(:com.google.android.gms@201817022@20.18.17 (040700-311416286):77)
03-04 11:40:30.076  1271  2442 E angh    : 	at zus.run(:com.google.android.gms@201817022@20.18.17 (040700-311416286):10)
03-04 11:40:30.076  1271  2442 E angh    : 	at blot.run(:com.google.android.gms@201817022@20.18.17 (040700-311416286):2)
03-04 11:40:30.076  1271  2442 E angh    : 	at sji.b(:com.google.android.gms@201817022@20.18.17 (040700-311416286):12)
03-04 11:40:30.076  1271  2442 E angh    : 	at sji.run(:com.google.android.gms@201817022@20.18.17 (040700-311416286):7)
03-04 11:40:30.076  1271  2442 E angh    : 	at java.util.concurrent.ThreadPoolExecutor.runWorker(ThreadPoolExecutor.java:1167)
03-04 11:40:30.076  1271  2442 E angh    : 	at java.util.concurrent.ThreadPoolExecutor$Worker.run(ThreadPoolExecutor.java:641)
03-04 11:40:30.076  1271  2442 E angh    : 	at spj.run(:com.google.android.gms@201817022@20.18.17 (040700-311416286):0)
03-04 11:40:30.076  1271  2442 E angh    : 	at java.lang.Thread.run(Thread.java:923)
03-04 11:40:30.077  1271  2442 E AsyncOperation: serviceID=51, operation=CommitToConfigurationOperationCall
03-04 11:40:30.077  1271  2442 E AsyncOperation: OperationException[Status{statusCode=Empty (package not registered?) or malformed snapshot token: , resolution=null}]
03-04 11:40:30.077  1271  2442 E AsyncOperation: 	at angh.a(:com.google.android.gms@201817022@20.18.17 (040700-311416286):92)
03-04 11:40:30.077  1271  2442 E AsyncOperation: 	at angh.a(:com.google.android.gms@201817022@20.18.17 (040700-311416286):77)
03-04 11:40:30.077  1271  2442 E AsyncOperation: 	at zus.run(:com.google.android.gms@201817022@20.18.17 (040700-311416286):10)
03-04 11:40:30.077  1271  2442 E AsyncOperation: 	at blot.run(:com.google.android.gms@201817022@20.18.17 (040700-311416286):2)
03-04 11:40:30.077  1271  2442 E AsyncOperation: 	at sji.b(:com.google.android.gms@201817022@20.18.17 (040700-311416286):12)
03-04 11:40:30.077  1271  2442 E AsyncOperation: 	at sji.run(:com.google.android.gms@201817022@20.18.17 (040700-311416286):7)
03-04 11:40:30.077  1271  2442 E AsyncOperation: 	at java.util.concurrent.ThreadPoolExecutor.runWorker(ThreadPoolExecutor.java:1167)
03-04 11:40:30.077  1271  2442 E AsyncOperation: 	at java.util.concurrent.ThreadPoolExecutor$Worker.run(ThreadPoolExecutor.java:641)
03-04 11:40:30.077  1271  2442 E AsyncOperation: 	at spj.run(:com.google.android.gms@201817022@20.18.17 (040700-311416286):0)
03-04 11:40:30.077  1271  2442 E AsyncOperation: 	at java.lang.Thread.run(Thread.java:923)
03-04 11:40:30.081  1859  1935 E MendelPackageState: Failed to fetch after encountering old config
03-04 11:40:30.081  1859  1935 E MendelPackageState: com.google.android.libraries.phenotype.client.a.e: 29500: 29500: Empty (package not registered?) or malformed snapshot token: 
03-04 11:40:30.081  1859  1935 E MendelPackageState: 	at com.google.android.libraries.phenotype.client.a.g.a(Unknown Source:1)
03-04 11:40:30.081  1859  1935 E MendelPackageState: 	at com.google.common.v.a.a.a(SourceFile:3)
03-04 11:40:30.081  1859  1935 E MendelPackageState: 	at com.google.common.v.a.c.run(SourceFile:21)
03-04 11:40:30.081  1859  1935 E MendelPackageState: 	at com.google.common.v.a.aw.execute(SourceFile:3)
03-04 11:40:30.081  1859  1935 E MendelPackageState: 	at com.google.common.v.a.d.b(SourceFile:77)
03-04 11:40:30.081  1859  1935 E MendelPackageState: 	at com.google.common.v.a.d.a(SourceFile:76)
03-04 11:40:30.081  1859  1935 E MendelPackageState: 	at com.google.common.v.a.d.b(SourceFile:175)
03-04 11:40:30.081  1859  1935 E MendelPackageState: 	at com.google.android.libraries.n.a.a(Unknown Source:6)
03-04 11:40:30.081  1859  1935 E MendelPackageState: 	at com.google.android.gms.n.n.run(SourceFile:2)
03-04 11:40:30.081  1859  1935 E MendelPackageState: 	at com.google.common.v.a.aw.execute(SourceFile:3)
03-04 11:40:30.081  1859  1935 E MendelPackageState: 	at com.google.android.gms.n.o.a(SourceFile:4)
03-04 11:40:30.081  1859  1935 E MendelPackageState: 	at com.google.android.gms.n.ad.a(SourceFile:10)
03-04 11:40:30.081  1859  1935 E MendelPackageState: 	at com.google.android.gms.n.aj.a(SourceFile:60)
03-04 11:40:30.081  1859  1935 E MendelPackageState: 	at com.google.android.gms.common.api.internal.df.a(SourceFile:3)
03-04 11:40:30.081  1859  1935 E MendelPackageState: 	at com.google.android.gms.phenotype.r.e(SourceFile:2)
03-04 11:40:30.081  1859  1935 E MendelPackageState: 	at com.google.android.gms.phenotype.a.a.dispatchTransaction(SourceFile:32)
03-04 11:40:30.081  1859  1935 E MendelPackageState: 	at com.google.android.a.b.onTransact(SourceFile:7)
03-04 11:40:30.081  1859  1935 E MendelPackageState: 	at android.os.Binder.execTransactInternal(Binder.java:1159)
03-04 11:40:30.081  1859  1935 E MendelPackageState: 	at android.os.Binder.execTransact(Binder.java:1123)
03-04 11:40:30.081  1859  1935 E MendelPackageState: Caused by: com.google.android.gms.common.api.m: 29500: Empty (package not registered?) or malformed snapshot token: 
03-04 11:40:30.081  1859  1935 E MendelPackageState: 	at com.google.android.gms.common.api.internal.df.a(SourceFile:2)
03-04 11:40:30.081  1859  1935 E MendelPackageState: 	... 5 more
03-04 11:40:30.090  1271  2442 E angh    : Phenotype API error. Event # caox@896ce4be, EventCode: 5 [CONTEXT service_id=51 ]
03-04 11:40:30.090  1271  2442 E angh    : anfl: 29500: Empty (package not registered?) or malformed snapshot token: 
03-04 11:40:30.090  1271  2442 E angh    : 	at angk.a(:com.google.android.gms@201817022@20.18.17 (040700-311416286):8)
03-04 11:40:30.090  1271  2442 E angh    : 	at angj.b(:com.google.android.gms@201817022@20.18.17 (040700-311416286):2)
03-04 11:40:30.090  1271  2442 E angh    : 	at angh.a(:com.google.android.gms@201817022@20.18.17 (040700-311416286):90)
03-04 11:40:30.090  1271  2442 E angh    : 	at angh.a(:com.google.android.gms@201817022@20.18.17 (040700-311416286):77)
03-04 11:40:30.090  1271  2442 E angh    : 	at zus.run(:com.google.android.gms@201817022@20.18.17 (040700-311416286):10)
03-04 11:40:30.090  1271  2442 E angh    : 	at blot.run(:com.google.android.gms@201817022@20.18.17 (040700-311416286):2)
03-04 11:40:30.090  1271  2442 E angh    : 	at sji.b(:com.google.android.gms@201817022@20.18.17 (040700-311416286):12)
03-04 11:40:30.090  1271  2442 E angh    : 	at sji.run(:com.google.android.gms@201817022@20.18.17 (040700-311416286):8)
03-04 11:40:30.090  1271  2442 E angh    : 	at java.util.concurrent.ThreadPoolExecutor.runWorker(ThreadPoolExecutor.java:1167)
03-04 11:40:30.090  1271  2442 E angh    : 	at java.util.concurrent.ThreadPoolExecutor$Worker.run(ThreadPoolExecutor.java:641)
03-04 11:40:30.090  1271  2442 E angh    : 	at spj.run(:com.google.android.gms@201817022@20.18.17 (040700-311416286):0)
03-04 11:40:30.090  1271  2442 E angh    : 	at java.lang.Thread.run(Thread.java:923)
03-04 11:40:30.090  1271  2442 E AsyncOperation: serviceID=51, operation=CommitToConfigurationOperationCall
03-04 11:40:30.090  1271  2442 E AsyncOperation: OperationException[Status{statusCode=Empty (package not registered?) or malformed snapshot token: , resolution=null}]
03-04 11:40:30.090  1271  2442 E AsyncOperation: 	at angh.a(:com.google.android.gms@201817022@20.18.17 (040700-311416286):92)
03-04 11:40:30.090  1271  2442 E AsyncOperation: 	at angh.a(:com.google.android.gms@201817022@20.18.17 (040700-311416286):77)
03-04 11:40:30.090  1271  2442 E AsyncOperation: 	at zus.run(:com.google.android.gms@201817022@20.18.17 (040700-311416286):10)
03-04 11:40:30.090  1271  2442 E AsyncOperation: 	at blot.run(:com.google.android.gms@201817022@20.18.17 (040700-311416286):2)
03-04 11:40:30.090  1271  2442 E AsyncOperation: 	at sji.b(:com.google.android.gms@201817022@20.18.17 (040700-311416286):12)
03-04 11:40:30.090  1271  2442 E AsyncOperation: 	at sji.run(:com.google.android.gms@201817022@20.18.17 (040700-311416286):8)
03-04 11:40:30.090  1271  2442 E AsyncOperation: 	at java.util.concurrent.ThreadPoolExecutor.runWorker(ThreadPoolExecutor.java:1167)
03-04 11:40:30.090  1271  2442 E AsyncOperation: 	at java.util.concurrent.ThreadPoolExecutor$Worker.run(ThreadPoolExecutor.java:641)
03-04 11:40:30.090  1271  2442 E AsyncOperation: 	at spj.run(:com.google.android.gms@201817022@20.18.17 (040700-311416286):0)
03-04 11:40:30.090  1271  2442 E AsyncOperation: 	at java.lang.Thread.run(Thread.java:923)
03-04 11:40:30.093  1515  2867 I Icing   : IndexChimeraService.getServiceInterface callingPackage=com.google.android.googlequicksearchbox componentName=agsa_icing_connection serviceId=33 [CONTEXT service_id=21 ]
03-04 11:40:30.093  1271  2442 E angh    : Phenotype API error. Event # caox@5fcd02b, EventCode: 5 [CONTEXT service_id=51 ]
03-04 11:40:30.093  1271  2442 E angh    : anfl: 29500: Empty (package not registered?) or malformed snapshot token: 
03-04 11:40:30.093  1271  2442 E angh    : 	at angk.a(:com.google.android.gms@201817022@20.18.17 (040700-311416286):8)
03-04 11:40:30.093  1271  2442 E angh    : 	at angj.b(:com.google.android.gms@201817022@20.18.17 (040700-311416286):2)
03-04 11:40:30.093  1271  2442 E angh    : 	at angh.a(:com.google.android.gms@201817022@20.18.17 (040700-311416286):90)
03-04 11:40:30.093  1271  2442 E angh    : 	at angh.a(:com.google.android.gms@201817022@20.18.17 (040700-311416286):77)
03-04 11:40:30.093  1271  2442 E angh    : 	at zus.run(:com.google.android.gms@201817022@20.18.17 (040700-311416286):10)
03-04 11:40:30.093  1271  2442 E angh    : 	at blot.run(:com.google.android.gms@201817022@20.18.17 (040700-311416286):2)
03-04 11:40:30.093  1271  2442 E angh    : 	at sji.b(:com.google.android.gms@201817022@20.18.17 (040700-311416286):12)
03-04 11:40:30.093  1271  2442 E angh    : 	at sji.run(:com.google.android.gms@201817022@20.18.17 (040700-311416286):8)
03-04 11:40:30.093  1271  2442 E angh    : 	at java.util.concurrent.ThreadPoolExecutor.runWorker(ThreadPoolExecutor.java:1167)
03-04 11:40:30.093  1271  2442 E angh    : 	at java.util.concurrent.ThreadPoolExecutor$Worker.run(ThreadPoolExecutor.java:641)
03-04 11:40:30.093  1271  2442 E angh    : 	at spj.run(:com.google.android.gms@201817022@20.18.17 (040700-311416286):0)
03-04 11:40:30.093  1271  2442 E angh    : 	at java.lang.Thread.run(Thread.java:923)
03-04 11:40:30.094  1271  2348 E angh    : Phenotype API error. Event # caox@cdcf951, EventCode: 5 [CONTEXT service_id=51 ]
03-04 11:40:30.094  1271  2348 E angh    : anfl: 29500: Empty (package not registered?) or malformed snapshot token: 
03-04 11:40:30.094  1271  2348 E angh    : 	at angk.a(:com.google.android.gms@201817022@20.18.17 (040700-311416286):8)
03-04 11:40:30.094  1271  2348 E angh    : 	at angj.b(:com.google.android.gms@201817022@20.18.17 (040700-311416286):2)
03-04 11:40:30.094  1271  2348 E angh    : 	at angh.a(:com.google.android.gms@201817022@20.18.17 (040700-311416286):90)
03-04 11:40:30.094  1271  2348 E angh    : 	at angh.a(:com.google.android.gms@201817022@20.18.17 (040700-311416286):77)
03-04 11:40:30.094  1271  2348 E angh    : 	at zus.run(:com.google.android.gms@201817022@20.18.17 (040700-311416286):10)
03-04 11:40:30.094  1271  2348 E angh    : 	at blot.run(:com.google.android.gms@201817022@20.18.17 (040700-311416286):2)
03-04 11:40:30.094  1271  2348 E angh    : 	at sji.b(:com.google.android.gms@201817022@20.18.17 (040700-311416286):12)
03-04 11:40:30.094  1271  2348 E angh    : 	at sji.run(:com.google.android.gms@201817022@20.18.17 (040700-311416286):7)
03-04 11:40:30.094  1271  2348 E angh    : 	at java.util.concurrent.ThreadPoolExecutor.runWorker(ThreadPoolExecutor.java:1167)
03-04 11:40:30.094  1271  2348 E angh    : 	at java.util.concurrent.ThreadPoolExecutor$Worker.run(ThreadPoolExecutor.java:641)
03-04 11:40:30.094  1271  2348 E angh    : 	at spj.run(:com.google.android.gms@201817022@20.18.17 (040700-311416286):0)
03-04 11:40:30.094  1271  2348 E angh    : 	at java.lang.Thread.run(Thread.java:923)
03-04 11:40:30.097  1271  2442 E AsyncOperation: serviceID=51, operation=CommitToConfigurationOperationCall
03-04 11:40:30.097  1271  2442 E AsyncOperation: OperationException[Status{statusCode=Empty (package not registered?) or malformed snapshot token: , resolution=null}]
03-04 11:40:30.097  1271  2442 E AsyncOperation: 	at angh.a(:com.google.android.gms@201817022@20.18.17 (040700-311416286):92)
03-04 11:40:30.097  1271  2442 E AsyncOperation: 	at angh.a(:com.google.android.gms@201817022@20.18.17 (040700-311416286):77)
03-04 11:40:30.097  1271  2442 E AsyncOperation: 	at zus.run(:com.google.android.gms@201817022@20.18.17 (040700-311416286):10)
03-04 11:40:30.097  1271  2442 E AsyncOperation: 	at blot.run(:com.google.android.gms@201817022@20.18.17 (040700-311416286):2)
03-04 11:40:30.097  1271  2442 E AsyncOperation: 	at sji.b(:com.google.android.gms@201817022@20.18.17 (040700-311416286):12)
03-04 11:40:30.097  1271  2442 E AsyncOperation: 	at sji.run(:com.google.android.gms@201817022@20.18.17 (040700-311416286):8)
03-04 11:40:30.097  1271  2442 E AsyncOperation: 	at java.util.concurrent.ThreadPoolExecutor.runWorker(ThreadPoolExecutor.java:1167)
03-04 11:40:30.097  1271  2442 E AsyncOperation: 	at java.util.concurrent.ThreadPoolExecutor$Worker.run(ThreadPoolExecutor.java:641)
03-04 11:40:30.097  1271  2442 E AsyncOperation: 	at spj.run(:com.google.android.gms@201817022@20.18.17 (040700-311416286):0)
03-04 11:40:30.097  1271  2442 E AsyncOperation: 	at java.lang.Thread.run(Thread.java:923)
03-04 11:40:30.099  1271  2348 E AsyncOperation: serviceID=51, operation=CommitToConfigurationOperationCall
03-04 11:40:30.099  1271  2348 E AsyncOperation: OperationException[Status{statusCode=Empty (package not registered?) or malformed snapshot token: , resolution=null}]
03-04 11:40:30.099  1271  2348 E AsyncOperation: 	at angh.a(:com.google.android.gms@201817022@20.18.17 (040700-311416286):92)
03-04 11:40:30.099  1271  2348 E AsyncOperation: 	at angh.a(:com.google.android.gms@201817022@20.18.17 (040700-311416286):77)
03-04 11:40:30.099  1271  2348 E AsyncOperation: 	at zus.run(:com.google.android.gms@201817022@20.18.17 (040700-311416286):10)
03-04 11:40:30.099  1271  2348 E AsyncOperation: 	at blot.run(:com.google.android.gms@201817022@20.18.17 (040700-311416286):2)
03-04 11:40:30.099  1271  2348 E AsyncOperation: 	at sji.b(:com.google.android.gms@201817022@20.18.17 (040700-311416286):12)
03-04 11:40:30.099  1271  2348 E AsyncOperation: 	at sji.run(:com.google.android.gms@201817022@20.18.17 (040700-311416286):7)
03-04 11:40:30.099  1271  2348 E AsyncOperation: 	at java.util.concurrent.ThreadPoolExecutor.runWorker(ThreadPoolExecutor.java:1167)
03-04 11:40:30.099  1271  2348 E AsyncOperation: 	at java.util.concurrent.ThreadPoolExecutor$Worker.run(ThreadPoolExecutor.java:641)
03-04 11:40:30.099  1271  2348 E AsyncOperation: 	at spj.run(:com.google.android.gms@201817022@20.18.17 (040700-311416286):0)
03-04 11:40:30.099  1271  2348 E AsyncOperation: 	at java.lang.Thread.run(Thread.java:923)
03-04 11:40:30.102  1515  2965 I Icing   : IndexChimeraService.getServiceInterface callingPackage=com.google.android.googlequicksearchbox componentName=agsa_icing_connection serviceId=32 [CONTEXT service_id=21 ]
03-04 11:40:30.105  1271  2442 E angh    : Phenotype API error. Event # caox@cdcf951, EventCode: 5 [CONTEXT service_id=51 ]
03-04 11:40:30.105  1271  2442 E angh    : anfl: 29500: Empty (package not registered?) or malformed snapshot token: 
03-04 11:40:30.105  1271  2442 E angh    : 	at angk.a(:com.google.android.gms@201817022@20.18.17 (040700-311416286):8)
03-04 11:40:30.105  1271  2442 E angh    : 	at angj.b(:com.google.android.gms@201817022@20.18.17 (040700-311416286):2)
03-04 11:40:30.105  1271  2442 E angh    : 	at angh.a(:com.google.android.gms@201817022@20.18.17 (040700-311416286):90)
03-04 11:40:30.105  1271  2442 E angh    : 	at angh.a(:com.google.android.gms@201817022@20.18.17 (040700-311416286):77)
03-04 11:40:30.105  1271  2442 E angh    : 	at zus.run(:com.google.android.gms@201817022@20.18.17 (040700-311416286):10)
03-04 11:40:30.105  1271  2442 E angh    : 	at blot.run(:com.google.android.gms@201817022@20.18.17 (040700-311416286):2)
03-04 11:40:30.105  1271  2442 E angh    : 	at sji.b(:com.google.android.gms@201817022@20.18.17 (040700-311416286):12)
03-04 11:40:30.105  1271  2442 E angh    : 	at sji.run(:com.google.android.gms@201817022@20.18.17 (040700-311416286):8)
03-04 11:40:30.105  1271  2442 E angh    : 	at java.util.concurrent.ThreadPoolExecutor.runWorker(ThreadPoolExecutor.java:1167)
03-04 11:40:30.105  1271  2442 E angh    : 	at java.util.concurrent.ThreadPoolExecutor$Worker.run(ThreadPoolExecutor.java:641)
03-04 11:40:30.105  1271  2442 E angh    : 	at spj.run(:com.google.android.gms@201817022@20.18.17 (040700-311416286):0)
03-04 11:40:30.105  1271  2442 E angh    : 	at java.lang.Thread.run(Thread.java:923)
03-04 11:40:30.105  1271  2442 E AsyncOperation: serviceID=51, operation=CommitToConfigurationOperationCall
03-04 11:40:30.105  1271  2442 E AsyncOperation: OperationException[Status{statusCode=Empty (package not registered?) or malformed snapshot token: , resolution=null}]
03-04 11:40:30.105  1271  2442 E AsyncOperation: 	at angh.a(:com.google.android.gms@201817022@20.18.17 (040700-311416286):92)
03-04 11:40:30.105  1271  2442 E AsyncOperation: 	at angh.a(:com.google.android.gms@201817022@20.18.17 (040700-311416286):77)
03-04 11:40:30.105  1271  2442 E AsyncOperation: 	at zus.run(:com.google.android.gms@201817022@20.18.17 (040700-311416286):10)
03-04 11:40:30.105  1271  2442 E AsyncOperation: 	at blot.run(:com.google.android.gms@201817022@20.18.17 (040700-311416286):2)
03-04 11:40:30.105  1271  2442 E AsyncOperation: 	at sji.b(:com.google.android.gms@201817022@20.18.17 (040700-311416286):12)
03-04 11:40:30.105  1271  2442 E AsyncOperation: 	at sji.run(:com.google.android.gms@201817022@20.18.17 (040700-311416286):8)
03-04 11:40:30.105  1271  2442 E AsyncOperation: 	at java.util.concurrent.ThreadPoolExecutor.runWorker(ThreadPoolExecutor.java:1167)
03-04 11:40:30.105  1271  2442 E AsyncOperation: 	at java.util.concurrent.ThreadPoolExecutor$Worker.run(ThreadPoolExecutor.java:641)
03-04 11:40:30.105  1271  2442 E AsyncOperation: 	at spj.run(:com.google.android.gms@201817022@20.18.17 (040700-311416286):0)
03-04 11:40:30.105  1271  2442 E AsyncOperation: 	at java.lang.Thread.run(Thread.java:923)
03-04 11:40:30.107  1859  2688 E com.google.common.v.a.k: Got more than one input Future failure. Logging failures after the first
03-04 11:40:30.107  1859  2688 E com.google.common.v.a.k: com.google.android.libraries.phenotype.client.a.e: 29500: 29500: Empty (package not registered?) or malformed snapshot token: 
03-04 11:40:30.107  1859  2688 E com.google.common.v.a.k: 	at com.google.android.libraries.phenotype.client.a.g.a(Unknown Source:1)
03-04 11:40:30.107  1859  2688 E com.google.common.v.a.k: 	at com.google.common.v.a.a.a(SourceFile:3)
03-04 11:40:30.107  1859  2688 E com.google.common.v.a.k: 	at com.google.common.v.a.c.run(SourceFile:21)
03-04 11:40:30.107  1859  2688 E com.google.common.v.a.k: 	at com.google.common.v.a.aw.execute(SourceFile:3)
03-04 11:40:30.107  1859  2688 E com.google.common.v.a.k: 	at com.google.common.v.a.d.b(SourceFile:77)
03-04 11:40:30.107  1859  2688 E com.google.common.v.a.k: 	at com.google.common.v.a.d.a(SourceFile:76)
03-04 11:40:30.107  1859  2688 E com.google.common.v.a.k: 	at com.google.common.v.a.d.b(SourceFile:175)
03-04 11:40:30.107  1859  2688 E com.google.common.v.a.k: 	at com.google.android.libraries.n.a.a(Unknown Source:6)
03-04 11:40:30.107  1859  2688 E com.google.common.v.a.k: 	at com.google.android.gms.n.n.run(SourceFile:2)
03-04 11:40:30.107  1859  2688 E com.google.common.v.a.k: 	at com.google.common.v.a.aw.execute(SourceFile:3)
03-04 11:40:30.107  1859  2688 E com.google.common.v.a.k: 	at com.google.android.gms.n.o.a(SourceFile:4)
03-04 11:40:30.107  1859  2688 E com.google.common.v.a.k: 	at com.google.android.gms.n.ad.a(SourceFile:10)
03-04 11:40:30.107  1859  2688 E com.google.common.v.a.k: 	at com.google.android.gms.n.aj.a(SourceFile:60)
03-04 11:40:30.107  1859  2688 E com.google.common.v.a.k: 	at com.google.android.gms.common.api.internal.df.a(SourceFile:3)
03-04 11:40:30.107  1859  2688 E com.google.common.v.a.k: 	at com.google.android.gms.phenotype.r.e(SourceFile:2)
03-04 11:40:30.107  1859  2688 E com.google.common.v.a.k: 	at com.google.android.gms.phenotype.a.a.dispatchTransaction(SourceFile:32)
03-04 11:40:30.107  1859  2688 E com.google.common.v.a.k: 	at com.google.android.a.b.onTransact(SourceFile:7)
03-04 11:40:30.107  1859  2688 E com.google.common.v.a.k: 	at android.os.Binder.execTransactInternal(Binder.java:1159)
03-04 11:40:30.107  1859  2688 E com.google.common.v.a.k: 	at android.os.Binder.execTransact(Binder.java:1123)
03-04 11:40:30.107  1859  2688 E com.google.common.v.a.k: Caused by: com.google.android.gms.common.api.m: 29500: Empty (package not registered?) or malformed snapshot token: 
03-04 11:40:30.107  1859  2688 E com.google.common.v.a.k: 	at com.google.android.gms.common.api.internal.df.a(SourceFile:2)
03-04 11:40:30.107  1859  2688 E com.google.common.v.a.k: 	... 5 more
03-04 11:40:30.108  1859  2688 I chatty  : uid=10107(com.google.android.googlequicksearchbox) Binder:1859_5 identical 1 line
03-04 11:40:30.108  1859  2688 E com.google.common.v.a.k: Got more than one input Future failure. Logging failures after the first
03-04 11:40:30.108  1859  2688 E com.google.common.v.a.k: com.google.android.libraries.phenotype.client.a.e: 29500: 29500: Empty (package not registered?) or malformed snapshot token: 
03-04 11:40:30.108  1859  2688 E com.google.common.v.a.k: 	at com.google.android.libraries.phenotype.client.a.g.a(Unknown Source:1)
03-04 11:40:30.108  1859  2688 E com.google.common.v.a.k: 	at com.google.common.v.a.a.a(SourceFile:3)
03-04 11:40:30.108  1859  2688 E com.google.common.v.a.k: 	at com.google.common.v.a.c.run(SourceFile:21)
03-04 11:40:30.108  1859  2688 E com.google.common.v.a.k: 	at com.google.common.v.a.aw.execute(SourceFile:3)
03-04 11:40:30.108  1859  2688 E com.google.common.v.a.k: 	at com.google.common.v.a.d.b(SourceFile:77)
03-04 11:40:30.108  1859  2688 E com.google.common.v.a.k: 	at com.google.common.v.a.d.a(SourceFile:76)
03-04 11:40:30.108  1859  2688 E com.google.common.v.a.k: 	at com.google.common.v.a.d.b(SourceFile:175)
03-04 11:40:30.108  1859  2688 E com.google.common.v.a.k: 	at com.google.android.libraries.n.a.a(Unknown Source:6)
03-04 11:40:30.108  1859  2688 E com.google.common.v.a.k: 	at com.google.android.gms.n.n.run(SourceFile:2)
03-04 11:40:30.108  1859  2688 E com.google.common.v.a.k: 	at com.google.common.v.a.aw.execute(SourceFile:3)
03-04 11:40:30.108  1859  2688 E com.google.common.v.a.k: 	at com.google.android.gms.n.o.a(SourceFile:4)
03-04 11:40:30.108  1859  2688 E com.google.common.v.a.k: 	at com.google.android.gms.n.ad.a(SourceFile:10)
03-04 11:40:30.108  1859  2688 E com.google.common.v.a.k: 	at com.google.android.gms.n.aj.a(SourceFile:60)
03-04 11:40:30.108  1859  2688 E com.google.common.v.a.k: 	at com.google.android.gms.common.api.internal.df.a(SourceFile:3)
03-04 11:40:30.108  1859  2688 E com.google.common.v.a.k: 	at com.google.android.gms.phenotype.r.e(SourceFile:2)
03-04 11:40:30.108  1859  2688 E com.google.common.v.a.k: 	at com.google.android.gms.phenotype.a.a.dispatchTransaction(SourceFile:32)
03-04 11:40:30.108  1859  2688 E com.google.common.v.a.k: 	at com.google.android.a.b.onTransact(SourceFile:7)
03-04 11:40:30.108  1859  2688 E com.google.common.v.a.k: 	at android.os.Binder.execTransactInternal(Binder.java:1159)
03-04 11:40:30.108  1859  2688 E com.google.common.v.a.k: 	at android.os.Binder.execTransact(Binder.java:1123)
03-04 11:40:30.108  1859  2688 E com.google.common.v.a.k: Caused by: com.google.android.gms.common.api.m: 29500: Empty (package not registered?) or malformed snapshot token: 
03-04 11:40:30.108  1859  2688 E com.google.common.v.a.k: 	at com.google.android.gms.common.api.internal.df.a(SourceFile:2)
03-04 11:40:30.108  1859  2688 E com.google.common.v.a.k: 	... 5 more
03-04 11:40:30.109  1859  2688 E o       : Failed to commit experiments after account switch
03-04 11:40:30.109  1859  2688 E o       : com.google.android.libraries.phenotype.client.a.e: 29500: 29500: Empty (package not registered?) or malformed snapshot token: 
03-04 11:40:30.109  1859  2688 E o       : 	at com.google.android.libraries.phenotype.client.a.g.a(Unknown Source:1)
03-04 11:40:30.109  1859  2688 E o       : 	at com.google.common.v.a.a.a(SourceFile:3)
03-04 11:40:30.109  1859  2688 E o       : 	at com.google.common.v.a.c.run(SourceFile:21)
03-04 11:40:30.109  1859  2688 E o       : 	at com.google.common.v.a.aw.execute(SourceFile:3)
03-04 11:40:30.109  1859  2688 E o       : 	at com.google.common.v.a.d.b(SourceFile:77)
03-04 11:40:30.109  1859  2688 E o       : 	at com.google.common.v.a.d.a(SourceFile:76)
03-04 11:40:30.109  1859  2688 E o       : 	at com.google.common.v.a.d.b(SourceFile:175)
03-04 11:40:30.109  1859  2688 E o       : 	at com.google.android.libraries.n.a.a(Unknown Source:6)
03-04 11:40:30.109  1859  2688 E o       : 	at com.google.android.gms.n.n.run(SourceFile:2)
03-04 11:40:30.109  1859  2688 E o       : 	at com.google.common.v.a.aw.execute(SourceFile:3)
03-04 11:40:30.109  1859  2688 E o       : 	at com.google.android.gms.n.o.a(SourceFile:4)
03-04 11:40:30.109  1859  2688 E o       : 	at com.google.android.gms.n.ad.a(SourceFile:10)
03-04 11:40:30.109  1859  2688 E o       : 	at com.google.android.gms.n.aj.a(SourceFile:60)
03-04 11:40:30.109  1859  2688 E o       : 	at com.google.android.gms.common.api.internal.df.a(SourceFile:3)
03-04 11:40:30.109  1859  2688 E o       : 	at com.google.android.gms.phenotype.r.e(SourceFile:2)
03-04 11:40:30.109  1859  2688 E o       : 	at com.google.android.gms.phenotype.a.a.dispatchTransaction(SourceFile:32)
03-04 11:40:30.109  1859  2688 E o       : 	at com.google.android.a.b.onTransact(SourceFile:7)
03-04 11:40:30.109  1859  2688 E o       : 	at android.os.Binder.execTransactInternal(Binder.java:1159)
03-04 11:40:30.109  1859  2688 E o       : 	at android.os.Binder.execTransact(Binder.java:1123)
03-04 11:40:30.109  1859  2688 E o       : Caused by: com.google.android.gms.common.api.m: 29500: Empty (package not registered?) or malformed snapshot token: 
03-04 11:40:30.109  1859  2688 E o       : 	at com.google.android.gms.common.api.internal.df.a(SourceFile:2)
03-04 11:40:30.109  1859  2688 E o       : 	... 5 more
03-04 11:40:30.123  1859  2211 I WM-GreedyScheduler: Ignoring schedule request in non-main process
03-04 11:40:30.133  1640  1640 I ContactsUpgradeReceiver: Creating or opening contacts database
03-04 11:40:30.141   594  1397 I PreBootBroadcaster: Pre-boot of {com.android.settings/com.android.settings.SettingsInitialize} for user 0
03-04 11:40:30.144  1640  1640 D StrictMode: StrictMode policy violation; ~duration=18 ms: android.os.strictmode.DiskReadViolation
03-04 11:40:30.144  1640  1640 D StrictMode: 	at android.os.StrictMode$AndroidBlockGuardPolicy.onReadFromDisk(StrictMode.java:1591)
03-04 11:40:30.144  1640  1640 D StrictMode: 	at libcore.io.BlockGuardOs.access(BlockGuardOs.java:71)
03-04 11:40:30.144  1640  1640 D StrictMode: 	at libcore.io.ForwardingOs.access(ForwardingOs.java:72)
03-04 11:40:30.144  1640  1640 D StrictMode: 	at android.app.ActivityThread$AndroidOs.access(ActivityThread.java:7533)
03-04 11:40:30.144  1640  1640 D StrictMode: 	at java.io.UnixFileSystem.checkAccess(UnixFileSystem.java:281)
03-04 11:40:30.144  1640  1640 D StrictMode: 	at java.io.File.exists(File.java:815)
03-04 11:40:30.144  1640  1640 D StrictMode: 	at android.app.ContextImpl.ensurePrivateDirExists(ContextImpl.java:681)
03-04 11:40:30.144  1640  1640 D StrictMode: 	at android.app.ContextImpl.ensurePrivateDirExists(ContextImpl.java:672)
03-04 11:40:30.144  1640  1640 D StrictMode: 	at android.app.ContextImpl.getPreferencesDir(ContextImpl.java:628)
03-04 11:40:30.144  1640  1640 D StrictMode: 	at android.app.ContextImpl.getSharedPreferencesPath(ContextImpl.java:853)
03-04 11:40:30.144  1640  1640 D StrictMode: 	at android.app.ContextImpl.getSharedPreferences(ContextImpl.java:475)
03-04 11:40:30.144  1640  1640 D StrictMode: 	at android.content.ContextWrapper.getSharedPreferences(ContextWrapper.java:188)
03-04 11:40:30.144  1640  1640 D StrictMode: 	at android.content.ContextWrapper.getSharedPreferences(ContextWrapper.java:188)
03-04 11:40:30.144  1640  1640 D StrictMode: 	at com.android.providers.contacts.ContactsUpgradeReceiver.onReceive(ContactsUpgradeReceiver.java:55)
03-04 11:40:30.144  1640  1640 D StrictMode: 	at android.app.ActivityThread.handleReceiver(ActivityThread.java:4032)
03-04 11:40:30.144  1640  1640 D StrictMode: 	at android.app.ActivityThread.access$1400(ActivityThread.java:237)
03-04 11:40:30.144  1640  1640 D StrictMode: 	at android.app.ActivityThread$H.handleMessage(ActivityThread.java:1924)
03-04 11:40:30.144  1640  1640 D StrictMode: 	at android.os.Handler.dispatchMessage(Handler.java:106)
03-04 11:40:30.144  1640  1640 D StrictMode: 	at android.os.Looper.loop(Looper.java:223)
03-04 11:40:30.144  1640  1640 D StrictMode: 	at android.app.ActivityThread.main(ActivityThread.java:7656)
03-04 11:40:30.144  1640  1640 D StrictMode: 	at java.lang.reflect.Method.invoke(Native Method)
03-04 11:40:30.144  1640  1640 D StrictMode: 	at com.android.internal.os.RuntimeInit$MethodAndArgsCaller.run(RuntimeInit.java:592)
03-04 11:40:30.144  1640  1640 D StrictMode: 	at com.android.internal.os.ZygoteInit.main(ZygoteInit.java:947)
03-04 11:40:30.145  1758  3713 I BugleRcsEngine: [179] ProvisioningEventReceiver.a: Received Provisioning Event: [Bugle information (100)]
03-04 11:40:30.145  1758  3713 I BugleRcsEngine: [179] ProvisioningEventReceiver.a: JibeService is running, passing event to provisioning engine.
03-04 11:40:30.145  1758  3713 I BugleRcsEngine: [179] spl.a: Handling Provisioning Event: [Bugle information (100)]
03-04 11:40:30.145  1758  3713 I BugleRcsEngine: [179] sqx.a: RcsAvailabilityManager: Calculating Rcs Availability
03-04 11:40:30.153  1640  1640 D StrictMode: StrictMode policy violation; ~duration=17 ms: android.os.strictmode.DiskReadViolation
03-04 11:40:30.153  1640  1640 D StrictMode: 	at android.os.StrictMode$AndroidBlockGuardPolicy.onReadFromDisk(StrictMode.java:1591)
03-04 11:40:30.153  1640  1640 D StrictMode: 	at android.app.SharedPreferencesImpl.awaitLoadedLocked(SharedPreferencesImpl.java:275)
03-04 11:40:30.153  1640  1640 D StrictMode: 	at android.app.SharedPreferencesImpl.getInt(SharedPreferencesImpl.java:320)
03-04 11:40:30.153  1640  1640 D StrictMode: 	at com.android.providers.contacts.ContactsUpgradeReceiver.onReceive(ContactsUpgradeReceiver.java:56)
03-04 11:40:30.153  1640  1640 D StrictMode: 	at android.app.ActivityThread.handleReceiver(ActivityThread.java:4032)
03-04 11:40:30.153  1640  1640 D StrictMode: 	at android.app.ActivityThread.access$1400(ActivityThread.java:237)
03-04 11:40:30.153  1640  1640 D StrictMode: 	at android.app.ActivityThread$H.handleMessage(ActivityThread.java:1924)
03-04 11:40:30.153  1640  1640 D StrictMode: 	at android.os.Handler.dispatchMessage(Handler.java:106)
03-04 11:40:30.153  1640  1640 D StrictMode: 	at android.os.Looper.loop(Looper.java:223)
03-04 11:40:30.153  1640  1640 D StrictMode: 	at android.app.ActivityThread.main(ActivityThread.java:7656)
03-04 11:40:30.153  1640  1640 D StrictMode: 	at java.lang.reflect.Method.invoke(Native Method)
03-04 11:40:30.153  1640  1640 D StrictMode: 	at com.android.internal.os.RuntimeInit$MethodAndArgsCaller.run(RuntimeInit.java:592)
03-04 11:40:30.153  1640  1640 D StrictMode: 	at com.android.internal.os.ZygoteInit.main(ZygoteInit.java:947)
03-04 11:40:30.155  1271  1698 I BeaconBle: Client requested scan, settings=BleSettings [scanMode=ZERO_POWER, callbackType=ALL_MATCHES, reportDelayMillis=0, 5 filters, 1 clients, callingClientName=Nearby] [CONTEXT service_id=111 ]
03-04 11:40:30.156  1640  1640 D StrictMode: StrictMode policy violation; ~duration=15 ms: android.os.strictmode.DiskReadViolation
03-04 11:40:30.156  1640  1640 D StrictMode: 	at android.os.StrictMode$AndroidBlockGuardPolicy.onReadFromDisk(StrictMode.java:1591)
03-04 11:40:30.156  1640  1640 D StrictMode: 	at libcore.io.BlockGuardOs.access(BlockGuardOs.java:71)
03-04 11:40:30.156  1640  1640 D StrictMode: 	at libcore.io.ForwardingOs.access(ForwardingOs.java:72)
03-04 11:40:30.156  1640  1640 D StrictMode: 	at android.app.ActivityThread$AndroidOs.access(ActivityThread.java:7533)
03-04 11:40:30.156  1640  1640 D StrictMode: 	at java.io.UnixFileSystem.checkAccess(UnixFileSystem.java:281)
03-04 11:40:30.156  1640  1640 D StrictMode: 	at java.io.File.exists(File.java:815)
03-04 11:40:30.156  1640  1640 D StrictMode: 	at android.app.SharedPreferencesImpl.writeToFile(SharedPreferencesImpl.java:738)
03-04 11:40:30.156  1640  1640 D StrictMode: 	at android.app.SharedPreferencesImpl.access$900(SharedPreferencesImpl.java:59)
03-04 11:40:30.156  1640  1640 D StrictMode: 	at android.app.SharedPreferencesImpl$2.run(SharedPreferencesImpl.java:672)
03-04 11:40:30.156  1640  1640 D StrictMode: 	at android.app.SharedPreferencesImpl.enqueueDiskWrite(SharedPreferencesImpl.java:691)
03-04 11:40:30.156  1640  1640 D StrictMode: 	at android.app.SharedPreferencesImpl.access$100(SharedPreferencesImpl.java:59)
03-04 11:40:30.156  1640  1640 D StrictMode: 	at android.app.SharedPreferencesImpl$EditorImpl.commit(SharedPreferencesImpl.java:604)
03-04 11:40:30.156  1640  1640 D StrictMode: 	at com.android.providers.contacts.ContactsUpgradeReceiver.onReceive(ContactsUpgradeReceiver.java:76)
03-04 11:40:30.156  1640  1640 D StrictMode: 	at android.app.ActivityThread.handleReceiver(ActivityThread.java:4032)
03-04 11:40:30.156  1640  1640 D StrictMode: 	at android.app.ActivityThread.access$1400(ActivityThread.java:237)
03-04 11:40:30.156  1640  1640 D StrictMode: 	at android.app.ActivityThread$H.handleMessage(ActivityThread.java:1924)
03-04 11:40:30.156  1640  1640 D StrictMode: 	at android.os.Handler.dispatchMessage(Handler.java:106)
03-04 11:40:30.156  1640  1640 D StrictMode: 	at android.os.Looper.loop(Looper.java:223)
03-04 11:40:30.156  1640  1640 D StrictMode: 	at android.app.ActivityThread.main(ActivityThread.java:7656)
03-04 11:40:30.156  1640  1640 D StrictMode: 	at java.lang.reflect.Method.invoke(Native Method)
03-04 11:40:30.156  1640  1640 D StrictMode: 	at com.android.internal.os.RuntimeInit$MethodAndArgsCaller.run(RuntimeInit.java:592)
03-04 11:40:30.156  1640  1640 D StrictMode: 	at com.android.internal.os.ZygoteInit.main(ZygoteInit.java:947)
03-04 11:40:30.156  1640  1640 D StrictMode: StrictMode policy violation; ~duration=15 ms: android.os.strictmode.DiskReadViolation
03-04 11:40:30.156  1640  1640 D StrictMode: 	at android.os.StrictMode$AndroidBlockGuardPolicy.onReadFromDisk(StrictMode.java:1591)
03-04 11:40:30.156  1640  1640 D StrictMode: 	at libcore.io.BlockGuardOs.open(BlockGuardOs.java:249)
03-04 11:40:30.156  1640  1640 D StrictMode: 	at libcore.io.ForwardingOs.open(ForwardingOs.java:166)
03-04 11:40:30.156  1640  1640 D StrictMode: 	at android.app.ActivityThread$AndroidOs.open(ActivityThread.java:7542)
03-04 11:40:30.156  1640  1640 D StrictMode: 	at libcore.io.IoBridge.open(IoBridge.java:478)
03-04 11:40:30.156  1640  1640 D StrictMode: 	at java.io.FileOutputStream.<init>(FileOutputStream.java:236)
03-04 11:40:30.156  1640  1640 D StrictMode: 	at java.io.FileOutputStream.<init>(FileOutputStream.java:186)
03-04 11:40:30.156  1640  1640 D StrictMode: 	at android.app.SharedPreferencesImpl.createFileOutputStream(SharedPreferencesImpl.java:702)
03-04 11:40:30.156  1640  1640 D StrictMode: 	at android.app.SharedPreferencesImpl.writeToFile(SharedPreferencesImpl.java:793)
