--------- beginning of system
03-04 11:40:22.292   594   630 W Looper  : Slow dispatch took 217ms android.fg h=android.os.Handler c=android.app.-$$Lambda$LoadedApk$ReceiverDispatcher$Args$_BumDX2UKsnxLVrE6UJsJZkotuA@7afb3ae m=0
--------- beginning of main
03-04 11:40:22.308  3154  3178 D EGL_emulation: eglCreateContext: 0xea8e2fa0: maj 3 min 0 rcv 3
03-04 11:40:22.309  1146  1146 D CarrierSvcBindHelper: No carrier app for: 0
03-04 11:40:22.310  1033  2664 E NewCardInfo: retrieving bitmap uri=https://www.gstatic.com/images/icons/material/apps/weather/2x/mostly_cloudy_day_light_color_96dp.png gsaRes=
03-04 11:40:22.311   594  3385 I system_server: The ClassLoaderContext is a special shared library.
03-04 11:40:22.333  1033  2664 D skia    : --- Failed to create image decoder with message 'unimplemented'
03-04 11:40:22.333  1033  2664 D ProtoStore: no cached data
03-04 11:40:22.355   594   630 W Looper  : Slow delivery took 332ms android.fg h=android.os.Handler c=android.app.-$$Lambda$LoadedApk$ReceiverDispatcher$Args$_BumDX2UKsnxLVrE6UJsJZkotuA@71f56c7 m=0
03-04 11:40:22.363  1033  2624 W QsbUiManager: Doodle is not valid.
03-04 11:40:22.363  1033  2624 W QsbUiManager: Doodle bitmap is not valid.
03-04 11:40:22.378   820   820 E NewCardInfo: retrieving bitmap uri=https://www.gstatic.com/images/icons/material/apps/weather/2x/mostly_cloudy_day_light_color_96dp.png gsaRes=
03-04 11:40:22.381   820   820 D skia    : --- Failed to create image decoder with message 'unimplemented'
03-04 11:40:22.389  1146  1146 D CarrierConfigLoader: mHandler: 9 phoneId: 0
03-04 11:40:22.434  1033  1091 D CDBHelper: Open Cdb File:/data/user/0/com.google.android.apps.nexuslauncher/cache/keywords_v1.cdb
03-04 11:40:22.446   594  3385 I system_server: The ClassLoaderContext is a special shared library.
03-04 11:40:22.455  1515  1535 D CompatibilityChangeReporter: Compat change id reported: 150939131; UID 10106; state: ENABLED
03-04 11:40:22.472   594  3385 I system_server: The ClassLoaderContext is a special shared library.
03-04 11:40:22.517  1033  1091 D CDBHelper: Open Cdb File:/data/user/0/com.google.android.apps.nexuslauncher/cache/keywords_v1.cdb
03-04 11:40:22.519  1859  2211 I EngineIdGenerator: Refusing EXCLUSIVE task 24, it is already pending. Try again in 331 seconds.
03-04 11:40:22.535  1515  2101 D ActivityThread: Loading provider com.google.android.gms.download: com.google.android.gms.common.download.provider.DownloadsProvider
03-04 11:40:22.561   594  3385 I system_server: The ClassLoaderContext is a special shared library.
03-04 11:40:22.564  1859  2211 I ModelDownloadListener: Schdedule model download
03-04 11:40:22.565  1859  2212 I FedAssExpListener: Fed-ass not supported for signed out users.
03-04 11:40:22.565  1859  2212 I FedAssExpListener: Successfully processed experiments changed.
03-04 11:40:22.573   594   594 W Looper  : Slow dispatch took 560ms main h=android.app.ActivityThread$H c=android.app.-$$Lambda$LoadedApk$ReceiverDispatcher$Args$_BumDX2UKsnxLVrE6UJsJZkotuA@53cc744 m=0
03-04 11:40:22.574   594   594 W Looper  : Slow delivery took 740ms main h=android.os.Handler c=android.app.-$$Lambda$LoadedApk$ReceiverDispatcher$Args$_BumDX2UKsnxLVrE6UJsJZkotuA@ab0b962 m=0
03-04 11:40:22.577  1620  3269 V FuseDaemon: pf_access : node = [node_path: /storage/emulated/3937218416 real_path: /storage/emulated/0] 
03-04 11:40:22.582  1620  1695 V FuseDaemon: pf_opendir : node = [node_path: /storage/emulated/3937218416 real_path: /storage/emulated/0] 
03-04 11:40:22.583  1620  1696 V FuseDaemon: do_readdir_common : node = [node_path: /storage/emulated/3937218416 real_path: /storage/emulated/0] 
03-04 11:40:22.591  1620  1696 D SQLiteQueryBuilder: SELECT _data FROM files WHERE ((owner_package_name IN ( 'com.google.android.gms' , 'com.google.android.gsf' ) OR media_type=2 OR media_type=4 OR media_type=5 OR owner_package_name IN ( 'com.google.android.gms' , 'com.google.android.gsf' ) AND media_type=0 AND mime_type LIKE 'audio/%' OR media_type=3 OR media_type=5 OR owner_package_name IN ( 'com.google.android.gms' , 'com.google.android.gsf' ) AND media_type=0 AND mime_type LIKE 'video/%' OR media_type=1 OR owner_package_name IN ( 'com.google.android.gms' , 'com.google.android.gsf' ) AND media_type=0 AND mime_type LIKE 'image/%') AND (is_pending=0 OR (is_pending=1 AND owner_package_name IN ( 'com.google.android.gms' , 'com.google.android.gsf' ) OR lower(_data) NOT REGEXP '.*/\.pending-(\d+)-([^/]+)$')) AND (is_trashed=0 OR (is_trashed=1 AND owner_package_name IN ( 'com.google.android.gms' , 'com.google.android.gsf' ))) AND (volume_name IN ( 'external_primary' ))) AND ((relative_path =? and mime_type not like 'null')) with args [/]
03-04 11:40:22.594   594   630 W Looper  : Slow dispatch took 138ms android.fg h=android.os.Handler c=<recycled PooledLambda@3933deb> m=0
03-04 11:40:22.599  1859  2211 I OpaEligibilityChecker: send OpaEligibilityChange broadcast to CommonBroadcastReceiver
03-04 11:40:22.601  1620  3255 W IsoInterface: Missing 'ftyp' header
03-04 11:40:22.611  1271  2806 I Fitness : OnPackageChangedOperation got intent: Intent { act=android.intent.action.PACKAGE_CHANGED dat=package:com.google.android.googlequicksearchbox flg=0x45000010 cmp=com.google.android.gms/.chimera.PersistentIntentOperationService (has extras) } [CONTEXT service_id=17 ]
03-04 11:40:22.608  1620  3255 D SQLiteQueryBuilder: SELECT _id, date_modified, _size, mime_type, media_type, is_pending FROM files WHERE ((volume_name IN ( 'internal' ))) AND ((_data=?)) with args [/product/media/audio/notifications/pizzicato.ogg]
03-04 11:40:22.616  1620  1696 I CursorWindowStats: Created a new Cursor. # Open Cursors=1 (# cursors opened by this proc=1)
03-04 11:40:22.616  1620  1696 D SQLiteCursor: received count(*) from native_fill_window: 0
03-04 11:40:22.616  1620  3255 I CursorWindowStats: Created a new Cursor. # Open Cursors=2 (# cursors opened by this proc=2)
03-04 11:40:22.617  1620  3255 D SQLiteCursor: received count(*) from native_fill_window: 0
03-04 11:40:22.618  1620  1696 V FuseDaemon: do_lookup : parent_node = [node_path: /storage/emulated/3937218416 real_path: /storage/emulated/0] 
03-04 11:40:22.618  1620  1696 V FuseDaemon: make_node_entry : node = [node_path: /storage/emulated/3937218416/3937221296 real_path: /storage/emulated/0/Android] 
03-04 11:40:22.618  1620  3269 V FuseDaemon: do_readdir_common : node = [node_path: /storage/emulated/3937218416 real_path: /storage/emulated/0] 
03-04 11:40:22.619  1620  1696 V FuseDaemon: pf_releasedir : node = [node_path: /storage/emulated/3937218416 real_path: /storage/emulated/0] 
03-04 11:40:22.619  1620  1696 V FuseDaemon: pf_access : node = [node_path: /storage/emulated/3937218416/3937221296 real_path: /storage/emulated/0/Android] 
03-04 11:40:22.619  1620  1695 V FuseDaemon: pf_opendir : node = [node_path: /storage/emulated/3937218416/3937221296 real_path: /storage/emulated/0/Android] 
03-04 11:40:22.619  1620  1696 V FuseDaemon: do_readdir_common : node = [node_path: /storage/emulated/3937218416/3937221296 real_path: /storage/emulated/0/Android] 
03-04 11:40:22.623   594  3385 I system_server: The ClassLoaderContext is a special shared library.
03-04 11:40:22.624  1620  1696 D SQLiteQueryBuilder: SELECT _data FROM files WHERE ((owner_package_name IN ( 'com.google.android.gms' , 'com.google.android.gsf' ) OR media_type=2 OR media_type=4 OR media_type=5 OR owner_package_name IN ( 'com.google.android.gms' , 'com.google.android.gsf' ) AND media_type=0 AND mime_type LIKE 'audio/%' OR media_type=3 OR media_type=5 OR owner_package_name IN ( 'com.google.android.gms' , 'com.google.android.gsf' ) AND media_type=0 AND mime_type LIKE 'video/%' OR media_type=1 OR owner_package_name IN ( 'com.google.android.gms' , 'com.google.android.gsf' ) AND media_type=0 AND mime_type LIKE 'image/%') AND (is_pending=0 OR (is_pending=1 AND owner_package_name IN ( 'com.google.android.gms' , 'com.google.android.gsf' ) OR lower(_data) NOT REGEXP '.*/\.pending-(\d+)-([^/]+)$')) AND (is_trashed=0 OR (is_trashed=1 AND owner_package_name IN ( 'com.google.android.gms' , 'com.google.android.gsf' ))) AND (volume_name IN ( 'external_primary' ))) AND ((relative_path =? and mime_type not like 'null')) with args [Android/]
03-04 11:40:22.649   594   594 I Telecom : DefaultDialerCache: Refreshing default dialer for user 0: now com.google.android.dialer: DDC.oR@AJI
03-04 11:40:22.671  1620  1696 I CursorWindowStats: Created a new Cursor. # Open Cursors=1 (# cursors opened by this proc=1)
03-04 11:40:22.671  1620  1696 D SQLiteCursor: received count(*) from native_fill_window: 0
03-04 11:40:22.672  1620  1696 V FuseDaemon: do_lookup : parent_node = [node_path: /storage/emulated/3937218416/3937221296 real_path: /storage/emulated/0/Android] 
03-04 11:40:22.672  1620  1696 V FuseDaemon: make_node_entry : node = [node_path: /storage/emulated/3937218416/3937221296/3937197200 real_path: /storage/emulated/0/Android/data] 
03-04 11:40:22.672  1620  1696 V FuseDaemon: do_lookup : parent_node = [node_path: /storage/emulated/3937218416/3937221296 real_path: /storage/emulated/0/Android] 
03-04 11:40:22.672  1620  1696 V FuseDaemon: make_node_entry : node = [node_path: /storage/emulated/3937218416/3937221296/3937223600 real_path: /storage/emulated/0/Android/obb] 
03-04 11:40:22.672  1620  1696 V FuseDaemon: do_lookup : parent_node = [node_path: /storage/emulated/3937218416/3937221296 real_path: /storage/emulated/0/Android] 
03-04 11:40:22.672  1620  1696 D FuseDaemon: Node: 3937293584 created.
03-04 11:40:22.672  1620  1696 V FuseDaemon: make_node_entry : node = [node_path: /storage/emulated/3937218416/3937221296/3937293584 real_path: /storage/emulated/0/Android/media] 
03-04 11:40:22.672  1620  3269 V FuseDaemon: do_readdir_common : node = [node_path: /storage/emulated/3937218416/3937221296 real_path: /storage/emulated/0/Android] 
03-04 11:40:22.672  1620  1695 V FuseDaemon: pf_releasedir : node = [node_path: /storage/emulated/3937218416/3937221296 real_path: /storage/emulated/0/Android] 
03-04 11:40:22.713  1515  2965 I CheckinUtil: Classify the device as Phone. [CONTEXT service_id=130 ]
03-04 11:40:22.729   594  3385 I system_server: The ClassLoaderContext is a special shared library.
03-04 11:40:22.759   851   879 I PermissionControllerServiceImpl: Updating user sensitive for uid 10107
03-04 11:40:22.761   594   630 W Looper  : Drained
03-04 11:40:22.809   594  3385 I system_server: The ClassLoaderContext is a special shared library.
03-04 11:40:22.810  1620  3255 W IsoInterface: Missing 'ftyp' header
03-04 11:40:22.812  1620  3255 D SQLiteQueryBuilder: SELECT _id, date_modified, _size, mime_type, media_type, is_pending FROM files WHERE ((volume_name IN ( 'internal' ))) AND ((_data=?)) with args [/product/media/audio/notifications/DontPanic.ogg]
03-04 11:40:22.812  1620  3255 I CursorWindowStats: Created a new Cursor. # Open Cursors=1 (# cursors opened by this proc=1)
03-04 11:40:22.812  1620  3255 D SQLiteCursor: received count(*) from native_fill_window: 0
03-04 11:40:22.867   594   690 I InputReader: Reconfiguring input devices, changes=KEYBOARD_LAYOUTS | 
03-04 11:40:22.867   804   804 V AvrcpMediaPlayerList: mPackageChangedBroadcastReceiver: action: android.intent.action.PACKAGE_CHANGED
03-04 11:40:22.867   804   804 D AvrcpMediaPlayerList: Name of package changed: com.google.android.gms
03-04 11:40:22.871   804   804 V AvrcpMediaPlayerList: mPackageChangedBroadcastReceiver: action: android.intent.action.PACKAGE_CHANGED
03-04 11:40:22.871   804   804 D AvrcpMediaPlayerList: Name of package changed: com.google.android.gsf
03-04 11:40:22.883   594   690 I InputReader: Reconfiguring input devices, changes=KEYBOARD_LAYOUTS | 
03-04 11:40:22.895   594  3385 I system_server: The ClassLoaderContext is a special shared library.
03-04 11:40:22.901   594   604 I system_server: Background concurrent copying GC freed 201960(11MB) AllocSpace objects, 35(1864KB) LOS objects, 49% free, 20MB/40MB, paused 3.870ms total 1.132s
--------- beginning of kernel
03-04 11:40:22.875     0     0 I binder  : 594:605 DecRefs 0 refcount change on invalid ref 918 ret -22
03-04 11:40:22.886     0     0 I binder  : 594:605 DecRefs 0 refcount change on invalid ref 1341 ret -22
03-04 11:40:22.887     0     0 I binder  : 594:605 DecRefs 0 refcount change on invalid ref 1340 ret -22
03-04 11:40:22.926   594  3385 I system_server: The ClassLoaderContext is a special shared library.
03-04 11:40:22.954   594  3385 I system_server: The ClassLoaderContext is a special shared library.
03-04 11:40:22.954  1146  1146 D CarrierSvcBindHelper: No carrier app for: 0
03-04 11:40:22.956  1271  2804 I Fitness : FitCleanupIntentOperation received Intent android.intent.action.PACKAGE_CHANGED [CONTEXT service_id=17 ]
03-04 11:40:22.964   594   594 W Looper  : Slow dispatch took 247ms main h=android.app.ActivityThread$H c=android.app.-$$Lambda$LoadedApk$ReceiverDispatcher$Args$_BumDX2UKsnxLVrE6UJsJZkotuA@785fa58 m=0
03-04 11:40:22.968   594  3385 I system_server: The ClassLoaderContext is a special shared library.
03-04 11:40:22.932     0     0 I binder  : 594:605 DecRefs 0 refcount change on invalid ref 1193 ret -22
03-04 11:40:22.942     0     0 I binder  : 594:605 DecRefs 0 refcount change on invalid ref 1192 ret -22
03-04 11:40:22.986   594   594 I Telecom : DefaultDialerCache: Refreshing default dialer for user 0: now com.google.android.dialer: DDC.oR@AJM
03-04 11:40:22.997   594  1958 D PackageManager: Instant App installer not found with android.intent.action.INSTALL_INSTANT_APP_PACKAGE
03-04 11:40:22.997   594  1958 D PackageManager: Clear ephemeral installer activity
03-04 11:40:22.964     0     0 I binder  : 594:605 DecRefs 0 refcount change on invalid ref 917 ret -22
03-04 11:40:23.034   594  1397 D PackageManager: Instant App installer not found with android.intent.action.INSTALL_INSTANT_APP_PACKAGE
03-04 11:40:23.034   594  1397 D PackageManager: Clear ephemeral installer activity
03-04 11:40:23.037   594  1661 D PackageManager: Instant App installer not found with android.intent.action.INSTALL_INSTANT_APP_PACKAGE
03-04 11:40:23.037   594  1661 D PackageManager: Clear ephemeral installer activity
03-04 11:40:23.038   594  1587 D PackageManager: Instant App installer not found with android.intent.action.INSTALL_INSTANT_APP_PACKAGE
03-04 11:40:23.038   594  1587 D PackageManager: Clear ephemeral installer activity
03-04 11:40:23.039   594  1908 D PackageManager: Instant App installer not found with android.intent.action.INSTALL_INSTANT_APP_PACKAGE
03-04 11:40:23.039   594  1908 D PackageManager: Clear ephemeral installer activity
03-04 11:40:23.040   594  1908 D PackageManager: Instant App installer not found with android.intent.action.INSTALL_INSTANT_APP_PACKAGE
03-04 11:40:23.040   594  1908 D PackageManager: Clear ephemeral installer activity
03-04 11:40:22.994   594  3385 I chatty  : uid=1000(system) Binder:594_3 identical 1 line
03-04 11:40:23.000   594  3385 I system_server: The ClassLoaderContext is a special shared library.
03-04 11:40:23.056  1620  3255 W IsoInterface: Missing 'ftyp' header
03-04 11:40:23.057  1620  3255 D SQLiteQueryBuilder: SELECT _id, date_modified, _size, mime_type, media_type, is_pending FROM files WHERE ((volume_name IN ( 'internal' ))) AND ((_data=?)) with args [/product/media/audio/notifications/Fomalhaut.ogg]
03-04 11:40:23.057  1620  3255 I CursorWindowStats: Created a new Cursor. # Open Cursors=1 (# cursors opened by this proc=1)
03-04 11:40:23.057  1620  3255 D SQLiteCursor: received count(*) from native_fill_window: 0
03-04 11:40:23.077   594  3385 I system_server: The ClassLoaderContext is a special shared library.
03-04 11:40:23.088   851   879 I PermissionControllerServiceImpl: Updating user sensitive for uid 10106
03-04 11:40:23.103   594  3385 I system_server: The ClassLoaderContext is a special shared library.
03-04 11:40:23.105  1859  1926 I earchbox:searc: Background concurrent copying GC freed 297116(14MB) AllocSpace objects, 49(2052KB) LOS objects, 49% free, 11MB/22MB, paused 155us total 711.928ms
03-04 11:40:23.131   594   594 I Telecom : DefaultDialerCache: Refreshing default dialer for user 0: now com.google.android.dialer: DDC.oR@AJQ
03-04 11:40:23.144   594  3385 I system_server: The ClassLoaderContext is a special shared library.
03-04 11:40:23.153  1146  1146 D CarrierSvcBindHelper: No carrier app for: 0
03-04 11:40:23.170   594  3385 I system_server: The ClassLoaderContext is a special shared library.
03-04 11:40:23.181  1620  3255 W IsoInterface: Missing 'ftyp' header
03-04 11:40:23.182  1620  3255 D SQLiteQueryBuilder: SELECT _id, date_modified, _size, mime_type, media_type, is_pending FROM files WHERE ((volume_name IN ( 'internal' ))) AND ((_data=?)) with args [/product/media/audio/notifications/Talitha.ogg]
03-04 11:40:23.182  1620  3255 I CursorWindowStats: Created a new Cursor. # Open Cursors=1 (# cursors opened by this proc=1)
03-04 11:40:23.183  1620  3255 D SQLiteCursor: received count(*) from native_fill_window: 0
03-04 11:40:23.200   594   594 V ConditionProviders: enabling condition provider for 0: ComponentInfo{com.google.android.gms/com.google.android.location.settings.DrivingConditionProvider}
03-04 11:40:23.200   594   594 V ConditionProviders: binding: Intent { act=android.service.notification.ConditionProviderService cmp=com.google.android.gms/com.google.android.location.settings.DrivingConditionProvider (has extras) }
03-04 11:40:23.204  1859  1859 I BgTaskExecutorImpl: Starting EXCLUSIVE background task UPDATE_HOTWORD_MODELS.
03-04 11:40:23.204   594  3385 I system_server: The ClassLoaderContext is a special shared library.
03-04 11:40:23.220   851   879 I PermissionControllerServiceImpl: Updating user sensitive for uid 10152
03-04 11:40:23.225  1859  2575 I ModelDownloadController: requestHotwordModelUpdate modelType-2 modelLocale-en-US
03-04 11:40:23.227   851   879 I PermissionControllerServiceImpl: Updating user sensitive for uid 10106
03-04 11:40:23.229  1859  2575 I ModelDownloadController: shouldDownloadModel: modelLocale is en-US
03-04 11:40:23.229  1859  2575 I ModelDownloadController: #requestHotwordModelDownload
03-04 11:40:23.229  1859  2575 I ModelDownloadController: Model download canceled - previously pending request found
03-04 11:40:23.229  1859  2575 I ModelDownloadController: Model download not requested.
03-04 11:40:23.230   594  3385 I system_server: The ClassLoaderContext is a special shared library.
03-04 11:40:23.249   594   594 I Telecom : DefaultDialerCache: Refreshing default dialer for user 0: now com.google.android.dialer: DDC.oR@AJU
03-04 11:40:23.274  1271  2804 I Fitness : OnPackageChangedOperation got intent: Intent { act=android.intent.action.PACKAGE_CHANGED dat=package:com.google.android.gms flg=0x45000010 cmp=com.google.android.gms/.chimera.PersistentIntentOperationService (has extras) } [CONTEXT service_id=17 ]
03-04 11:40:23.294  1271  1271 I GeofencerStateMachine: sendQueryLocationOptIn
03-04 11:40:23.315   447   447 V installd: DexInv: --- BEGIN '/apex/com.android.os.statsd/javalib/service-statsd.jar' ---
03-04 11:40:23.320  1033  1091 D CDBHelper: Open Cdb File:/data/user/0/com.google.android.apps.nexuslauncher/cache/keywords_v1.cdb
03-04 11:40:23.321  3491  3491 W libprocessgroup: Attribute LowCapacityCPUs is already defined
03-04 11:40:23.321  3491  3491 W libprocessgroup: Attribute HighCapacityCPUs is already defined
03-04 11:40:23.321  3491  3491 W libprocessgroup: Attribute MaxCapacityCPUs is already defined
03-04 11:40:23.321  3491  3491 W libprocessgroup: Attribute MemLimit is already defined
03-04 11:40:23.321  3491  3491 W libprocessgroup: Attribute MemSoftLimit is already defined
03-04 11:40:23.321  3491  3491 W libprocessgroup: Attribute MemSwappiness is already defined
03-04 11:40:23.321  3491  3491 W libprocessgroup: Attribute UClampMin is already defined
03-04 11:40:23.321  3491  3491 W libprocessgroup: Attribute UClampMax is already defined
03-04 11:40:23.407  1271  1271 I GeofencerStateMachine: sendQueryLocationOptIn
03-04 11:40:23.412  1620  3255 W IsoInterface: Missing 'ftyp' header
03-04 11:40:23.425  1620  3255 D SQLiteQueryBuilder: SELECT _id, date_modified, _size, mime_type, media_type, is_pending FROM files WHERE ((volume_name IN ( 'internal' ))) AND ((_data=?)) with args [/product/media/audio/notifications/Shaula.ogg]
03-04 11:40:23.425  1620  3255 I CursorWindowStats: Created a new Cursor. # Open Cursors=1 (# cursors opened by this proc=1)
03-04 11:40:23.425  1620  3255 D SQLiteCursor: received count(*) from native_fill_window: 0
03-04 11:40:23.427   594   594 W Looper  : Slow dispatch took 162ms main h=android.app.ActivityThread$H c=android.app.-$$Lambda$LoadedApk$ReceiverDispatcher$Args$_BumDX2UKsnxLVrE6UJsJZkotuA@6f0312 m=0
03-04 11:40:23.437   851   879 I PermissionControllerServiceImpl: Updating user sensitive for uid 10106
03-04 11:40:23.445  1146  1164 I m.android.phon: Background young concurrent copying GC freed 66623(4446KB) AllocSpace objects, 0(0B) LOS objects, 48% free, 3439KB/6714KB, paused 62us total 105.079ms
03-04 11:40:23.449   594   594 I Telecom : DefaultDialerCache: Refreshing default dialer for user 0: now com.google.android.dialer: DDC.oR@AJY
03-04 11:40:23.501  1271  3484 I Fitness : FitCleanupIntentOperation received Intent android.intent.action.PACKAGE_CHANGED [CONTEXT service_id=17 ]
03-04 11:40:23.501  1271  3490 W GCM     : Unexpected forwarded intent: Intent { act=android.intent.action.PACKAGE_ADDED dat=package:com.rnfbdemo flg=0x4000010 cmp=com.google.android.gms/.chimera.PersistentIntentOperationService (has extras) }
03-04 11:40:23.502   594   594 V ConditionProviders: enabling condition provider for 0: ComponentInfo{com.google.android.gms/com.google.android.location.settings.DrivingConditionProvider}
03-04 11:40:23.502   594   594 V ConditionProviders: Not registering ComponentInfo{com.google.android.gms/com.google.android.location.settings.DrivingConditionProvider} is already bound
03-04 11:40:23.509  1271  2804 W GCM     : Unexpected forwarded intent: Intent { act=android.intent.action.PACKAGE_ADDED dat=package:com.rnfbdemo flg=0x4000010 cmp=com.google.android.gms/.chimera.PersistentIntentOperationService (has extras) }
03-04 11:40:23.532   594   594 V ConditionProviders: 0 condition provider service connected: ComponentInfo{com.google.android.gms/com.google.android.location.settings.DrivingConditionProvider}
03-04 11:40:23.534   594   594 W Looper  : Drained
03-04 11:40:23.543  1271  1271 I GeofencerStateMachine: sendQueryLocationOptIn
03-04 11:40:23.546  1515  3290 I Auth    : [SupervisedAccountIntentOperation] onHandleIntent(): android.intent.action.PACKAGE_ADDED
03-04 11:40:23.546  1515  3290 I Auth    : [SupervisedAccountIntentOperation] This operation is disabled
03-04 11:40:23.546  1515  3366 I ChromeSync: [Sync,SyncIntentOperation] Handling the intent: Intent { act=android.intent.action.PACKAGE_ADDED dat=package:com.rnfbdemo flg=0x4000010 cmp=com.google.android.gms/.chimera.GmsIntentOperationService (has extras) }.
03-04 11:40:23.553  1515  3370 I ChimeraCfgMgr: Received com.google.android.chimera.IntentOperation.NEW_MODULE(2/0): -1,false
03-04 11:40:23.553  1515  3370 W ChimeraCfgMgr: Ignoring unexpected com.google.android.chimera.IntentOperation.NEW_MODULE
03-04 11:40:23.582  1620  3255 W IsoInterface: Missing 'ftyp' header
03-04 11:40:23.583  1620  3255 D SQLiteQueryBuilder: SELECT _id, date_modified, _size, mime_type, media_type, is_pending FROM files WHERE ((volume_name IN ( 'internal' ))) AND ((_data=?)) with args [/product/media/audio/notifications/Procyon.ogg]
03-04 11:40:23.583  1620  3255 I CursorWindowStats: Created a new Cursor. # Open Cursors=1 (# cursors opened by this proc=1)
03-04 11:40:23.584  1620  3255 D SQLiteCursor: received count(*) from native_fill_window: 0
03-04 11:40:23.593  3491  3491 W dex2oat32: Unexpected CPU variant for X86 using defaults: x86
03-04 11:40:23.593  3491  3491 W dex2oat32: Mismatch between dex2oat instruction set features to use (ISA: X86 Feature string: -ssse3,-sse4.1,-sse4.2,-avx,-avx2,-popcnt) and those from CPP defines (ISA: X86 Feature string: ssse3,-sse4.1,-sse4.2,-avx,-avx2,-popcnt) for the command line:
03-04 11:40:23.593  3491  3491 W dex2oat32: /apex/com.android.art/bin/dex2oat32 --zip-fd=7 --zip-location=service-statsd.jar --input-vdex-fd=-1 --output-vdex-fd=9 --oat-fd=8 --oat-location=/data/dalvik-cache/x86/apex@com.android.os.statsd@javalib@service-statsd.jar@classes.dex --instruction-set=x86 --instruction-set-variant=x86 --instruction-set-features=default --runtime-arg -Xbootclasspath:/apex/com.android.art/javalib/core-oj.jar:/apex/com.android.art/javalib/core-libart.jar:/apex/com.android.art/javalib/core-icu4j.jar:/apex/com.android.art/javalib/okhttp.jar:/apex/com.android.art/javalib/bouncycastle.jar:/apex/com.android.art/javalib/apache-xml.jar:/system/framework/framework.jar:/system/framework/ext.jar:/system/framework/telephony-common.jar:/system/framework/voip-common.jar:/system/framework/ims-common.jar:/system/framework/framework-atb-backward-compatibility.jar --runtime-arg -Xms64m --runtime-arg -Xmx512m --updatable-bcp-packages-file=/system/etc/updatable-bcp-packages.txt --resolve-startup-const-strings=true --max-image-block-size=524288 --compiler-filter=verify --swap-fd=10 --classpath-dir=/apex/com.android.os.statsd/javalib --class-loader-context=PCL[];PCL[/system/framework/com.android.location.provider.jar:/system/framework/services.jar:/system/framework/ethernet-service.jar:/apex/com.android.permission/javalib/service-permission.jar:/apex/com.android.wifi/javalib/service-wifi.jar:/apex/com.android.ipsec/javalib/android.net.ipsec.ike.jar] --generate-mini-debug-info --compact-dex-level=none --compilation-reason=boot
03-04 11:40:23.593  3491  3491 I dex2oat32: /apex/com.android.art/bin/dex2oat32 --input-vdex-fd=-1 --output-vdex-fd=9 --updatable-bcp-packages-file=/system/etc/updatable-bcp-packages.txt --resolve-startup-const-strings=true --max-image-block-size=524288 --compiler-filter=verify --classpath-dir=/apex/com.android.os.statsd/javalib --class-loader-context=PCL[];PCL[/system/framework/com.android.location.provider.jar:/system/framework/services.jar:/system/framework/ethernet-service.jar:/apex/com.android.permission/javalib/service-permission.jar:/apex/com.android.wifi/javalib/service-wifi.jar:/apex/com.android.ipsec/javalib/android.net.ipsec.ike.jar] --generate-mini-debug-info --compact-dex-level=none --compilation-reason=boot
03-04 11:40:23.595   594   912 D PackageManager: Instant App installer not found with android.intent.action.INSTALL_INSTANT_APP_PACKAGE
03-04 11:40:23.595   594   912 D PackageManager: Clear ephemeral installer activity
03-04 11:40:23.602   594   668 D PackageManager: Instant App installer not found with android.intent.action.INSTALL_INSTANT_APP_PACKAGE
03-04 11:40:23.602   594   668 D PackageManager: Clear ephemeral installer activity
03-04 11:40:23.608   594   668 D PackageManager: Instant App installer not found with android.intent.action.INSTALL_INSTANT_APP_PACKAGE
03-04 11:40:23.608   594   668 D PackageManager: Clear ephemeral installer activity
03-04 11:40:23.610   594   668 D PackageManager: Instant App installer not found with android.intent.action.INSTALL_INSTANT_APP_PACKAGE
03-04 11:40:23.610   594   668 D PackageManager: Clear ephemeral installer activity
03-04 11:40:23.610   594   668 D PackageManager: Instant App installer not found with android.intent.action.INSTALL_INSTANT_APP_PACKAGE
03-04 11:40:23.610   594   668 D PackageManager: Clear ephemeral installer activity
03-04 11:40:23.611   594   668 D PackageManager: Instant App installer not found with android.intent.action.INSTALL_INSTANT_APP_PACKAGE
03-04 11:40:23.611   594   668 D PackageManager: Clear ephemeral installer activity
03-04 11:40:23.611   594  1020 D PackageManager: Instant App installer not found with android.intent.action.INSTALL_INSTANT_APP_PACKAGE
03-04 11:40:23.612   594  1020 D PackageManager: Clear ephemeral installer activity
03-04 11:40:23.612   594   912 D PackageManager: Instant App installer not found with android.intent.action.INSTALL_INSTANT_APP_PACKAGE
03-04 11:40:23.612   594   912 D PackageManager: Clear ephemeral installer activity
03-04 11:40:23.613   594   912 D PackageManager: Instant App installer not found with android.intent.action.INSTALL_INSTANT_APP_PACKAGE
03-04 11:40:23.613   594   912 D PackageManager: Clear ephemeral installer activity
03-04 11:40:23.614   594  1587 D PackageManager: Instant App installer not found with android.intent.action.INSTALL_INSTANT_APP_PACKAGE
03-04 11:40:23.614   594  1587 D PackageManager: Clear ephemeral installer activity
03-04 11:40:23.615   594  1587 D PackageManager: Instant App installer not found with android.intent.action.INSTALL_INSTANT_APP_PACKAGE
03-04 11:40:23.615   594  1587 D PackageManager: Clear ephemeral installer activity
03-04 11:40:23.630  1620  3255 W IsoInterface: Missing 'ftyp' header
03-04 11:40:23.631  1620  3255 D SQLiteQueryBuilder: SELECT _id, date_modified, _size, mime_type, media_type, is_pending FROM files WHERE ((volume_name IN ( 'internal' ))) AND ((_data=?)) with args [/product/media/audio/notifications/Krypton.ogg]
03-04 11:40:23.631  1620  3255 I CursorWindowStats: Created a new Cursor. # Open Cursors=1 (# cursors opened by this proc=1)
03-04 11:40:23.631  1620  3255 D SQLiteCursor: received count(*) from native_fill_window: 0
03-04 11:40:23.637  3491  3491 I dex2oat32: setting boot class path to /apex/com.android.art/javalib/core-oj.jar:/apex/com.android.art/javalib/core-libart.jar:/apex/com.android.art/javalib/core-icu4j.jar:/apex/com.android.art/javalib/okhttp.jar:/apex/com.android.art/javalib/bouncycastle.jar:/apex/com.android.art/javalib/apache-xml.jar:/system/framework/framework.jar:/system/framework/ext.jar:/system/framework/telephony-common.jar:/system/framework/voip-common.jar:/system/framework/ims-common.jar:/system/framework/framework-atb-backward-compatibility.jar
03-04 11:40:23.661  1271  1271 I GeofencerStateMachine: sendQueryLocationOptIn
03-04 11:40:23.662   594  1020 D PackageManager: Instant App installer not found with android.intent.action.INSTALL_INSTANT_APP_PACKAGE
03-04 11:40:23.662   594  1020 D PackageManager: Clear ephemeral installer activity
03-04 11:40:23.676   594  1587 D ConditionProviders: Disabling component com.google.android.gms/com.google.android.location.settings.DrivingConditionProvider
03-04 11:40:23.690  1620  3255 W IsoInterface: Missing 'ftyp' header
03-04 11:40:23.717  1620  3255 D SQLiteQueryBuilder: SELECT _id, date_modified, _size, mime_type, media_type, is_pending FROM files WHERE ((volume_name IN ( 'internal' ))) AND ((_data=?)) with args [/product/media/audio/notifications/Strontium.ogg]
03-04 11:40:23.718  1620  3255 I CursorWindowStats: Created a new Cursor. # Open Cursors=1 (# cursors opened by this proc=1)
03-04 11:40:23.718  1620  3255 D SQLiteCursor: received count(*) from native_fill_window: 0
03-04 11:40:23.736   594   749 D PackageManager: Instant App installer not found with android.intent.action.INSTALL_INSTANT_APP_PACKAGE
03-04 11:40:23.736   594   749 D PackageManager: Clear ephemeral installer activity
03-04 11:40:23.779  1271  3076 I NearbyDiscovery: Show notifications: 0 total, no changes since last shown, no-op. [CONTEXT service_id=49 ]
03-04 11:40:23.793   594   749 D PackageManager: Instant App installer not found with android.intent.action.INSTALL_INSTANT_APP_PACKAGE
03-04 11:40:23.793   594   749 D PackageManager: Clear ephemeral installer activity
03-04 11:40:23.794   594  1397 D PackageManager: Instant App installer not found with android.intent.action.INSTALL_INSTANT_APP_PACKAGE
03-04 11:40:23.794   594  1397 D PackageManager: Clear ephemeral installer activity
03-04 11:40:23.799   594  1397 D PackageManager: Instant App installer not found with android.intent.action.INSTALL_INSTANT_APP_PACKAGE
03-04 11:40:23.799   594  1397 D PackageManager: Clear ephemeral installer activity
03-04 11:40:23.801   594   749 D PackageManager: Instant App installer not found with android.intent.action.INSTALL_INSTANT_APP_PACKAGE
03-04 11:40:23.801   594   749 D PackageManager: Clear ephemeral installer activity
03-04 11:40:23.807  1515  2877 I Auth    : [SupervisedAccountIntentOperation] onHandleIntent(): com.google.android.gms.chimera.container.CONTAINER_UPDATED
03-04 11:40:23.808  1515  2877 I Auth    : [SupervisedAccountIntentOperation] This operation is disabled
03-04 11:40:23.847   594   630 I RoleManagerService: Granting default roles...
03-04 11:40:23.877  1515  2867 W DynamiteModule: Local module descriptor class for providerinstaller not found.
03-04 11:40:23.877  1515  2867 W ProviderHelper: Unknown dynamite feature providerinstaller
03-04 11:40:23.877  1515  2867 I DynamiteModule: Considering local module providerinstaller:0 and remote module providerinstaller:0
03-04 11:40:23.877  1515  2867 W ProviderInstaller: Failed to load providerinstaller module: No acceptable module found. Local version is 0 and remote version is 0.
03-04 11:40:23.892  1515  2869 I Backup  : [CallLogFlagSetter] Not whitelisted for call log backup.
03-04 11:40:23.904  1515  3366 I ChromeSync: [Persistence,AffiliationManager] One of affiliation or grouping data for android://kmwFUO2u567RIRuR_eBr5MxHSOYdjxr74L0S85SaDQmhz0MGxy5mYq5Me4rnpXOoHX5S5bYSRETq-PQT5rH6aQ==@com.rnfbdemo/ was not found. Marking affiliation data as stale...
03-04 11:40:23.935  1271  1685 I GCoreUlr: WorldUpdater received intent Intent { act=com.google.android.location.reporting.ACTION_UPDATE_WORLD cmp=com.google.android.gms/com.google.android.location.reporting.service.DispatchingService (has extras) } with receiverAction android.location.PROVIDERS_CHANGED
03-04 11:40:23.941  1620  3255 W IsoInterface: Missing 'ftyp' header
03-04 11:40:23.964  1271  3484 I Fitness : OnPackageChangedOperation got intent: Intent { act=android.intent.action.PACKAGE_CHANGED dat=package:com.google.android.gms flg=0x45000010 cmp=com.google.android.gms/.chimera.PersistentIntentOperationService (has extras) } [CONTEXT service_id=17 ]
03-04 11:40:23.966  1271  1685 I GCoreUlr: WorldUpdater:android.location.PROVIDERS_CHANGED: Ensuring that reporting is stopped because of reasons: (no Google accounts)
03-04 11:40:23.976  1620  3255 D SQLiteQueryBuilder: SELECT _id, date_modified, _size, mime_type, media_type, is_pending FROM files WHERE ((volume_name IN ( 'internal' ))) AND ((_data=?)) with args [/product/media/audio/notifications/sirius.ogg]
03-04 11:40:23.976  1620  3255 I CursorWindowStats: Created a new Cursor. # Open Cursors=1 (# cursors opened by this proc=1)
03-04 11:40:23.977  1620  3255 D SQLiteCursor: received count(*) from native_fill_window: 0
03-04 11:40:23.994  1271  1685 I GCoreUlr: Unbound from all signal providers.
03-04 11:40:24.027  1271  2804 I Fitness : FitCleanupIntentOperation received Intent android.intent.action.PACKAGE_CHANGED [CONTEXT service_id=17 ]
03-04 11:40:24.039  1271  3484 I Fitness : OnPackageChangedOperation got intent: Intent { act=android.intent.action.PACKAGE_CHANGED dat=package:com.google.android.gsf flg=0x45000010 cmp=com.google.android.gms/.chimera.PersistentIntentOperationService (has extras) } [CONTEXT service_id=17 ]
03-04 11:40:24.040  1515  3301 I ChromeSync: [Sync,SyncIntentOperation] Handling the intent: Intent { act=com.google.android.gms.chimera.container.CONTAINER_UPDATED pkg=com.google.android.gms }.
03-04 11:40:24.071  1515  2867 W DynamiteModule: Local module descriptor class for providerinstaller not found.
03-04 11:40:24.071  1515  2867 I DynamiteModule: Considering local module providerinstaller:0 and remote module providerinstaller:0
03-04 11:40:24.071  1515  2867 W ProviderInstaller: Failed to load providerinstaller module: No acceptable module found. Local version is 0 and remote version is 0.
03-04 11:40:24.130  1515  2869 I ChimeraConfigService: Scheduling checkin every 120 seconds, with flex of 60 seconds
03-04 11:40:24.136  1515  2965 W Conscrypt: Could not set socket write timeout: java.net.SocketException: Socket closed
03-04 11:40:24.137  1515  2965 W Conscrypt: 	at com.google.android.gms.org.conscrypt.Platform.setSocketWriteTimeout(:com.google.android.gms@201817022@20.18.17 (040700-311416286):2)
03-04 11:40:24.137  1515  2965 W Conscrypt: 	at com.google.android.gms.org.conscrypt.ConscryptFileDescriptorSocket.setSoWriteTimeout(:com.google.android.gms@201817022@20.18.17 (040700-311416286):0)
03-04 11:40:24.145  1271  1685 I GCoreUlr: DispatchingService ignoring Intent { act=android.net.wifi.WIFI_STATE_CHANGED flg=0x44000010 (has extras) } because ULR inactive
03-04 11:40:24.156  1271  1698 I BeaconBle: Client requested scan, settings=BleSettings [scanMode=LOW_LATENCY, callbackType=ALL_MATCHES, reportDelayMillis=0, 5 filters, 1 clients, callingClientName=Nearby] [CONTEXT service_id=111 ]
03-04 11:40:24.161  1271  1698 I BeaconBle: 'L' hardware scan: 5 filters, scanMode=2, reportdelay=0, callback type=1, #clients=1, workSource=WorkSource{10106 com.google.android.gms} [CONTEXT service_id=111 ]
03-04 11:40:24.166  1271  1698 I BeaconBle: Starting scan on OS scanner. BT state: 12 [CONTEXT service_id=111 ]
03-04 11:40:24.168   594   690 I InputReader: Reconfiguring input devices, changes=KEYBOARD_LAYOUTS | 
03-04 11:40:24.171   804   804 V AvrcpMediaPlayerList: mPackageChangedBroadcastReceiver: action: android.intent.action.PACKAGE_CHANGED
03-04 11:40:24.171   804   804 D AvrcpMediaPlayerList: Name of package changed: com.google.android.gms
03-04 11:40:24.169  1271  1698 D BluetoothAdapter: isLeEnabled(): ON
03-04 11:40:24.209  1271  3512 I Fitness : FitCleanupIntentOperation received Intent android.intent.action.PACKAGE_CHANGED [CONTEXT service_id=17 ]
03-04 11:40:24.242   804  1258 I bt_stack: [INFO:gatt_api.cc(947)] GATT_Register 038da410-a721-741f-8b1d-cfc0f8d19a2c
03-04 11:40:24.242   804  1258 I bt_stack: [INFO:gatt_api.cc(967)] allocated gatt_if=5
03-04 11:40:24.244  1271  1757 D BluetoothLeScanner: onScannerRegistered() - status=0 scannerId=5 mScannerId=0
03-04 11:40:24.244   594   594 I Telecom : DefaultDialerCache: Refreshing default dialer for user 0: now com.google.android.dialer: DDC.oR@AJc
03-04 11:40:24.257  1271  1685 I GCoreUlr: WorldUpdater received intent Intent { act=com.google.android.location.reporting.ACTION_UPDATE_WORLD cmp=com.google.android.gms/com.google.android.location.reporting.service.DispatchingService (has extras) } with receiverAction android.location.PROVIDERS_CHANGED
03-04 11:40:24.290  1146  1146 D CarrierSvcBindHelper: No carrier app for: 0
03-04 11:40:24.305   594   627 D PackageManager: Instant App installer not found with android.intent.action.INSTALL_INSTANT_APP_PACKAGE
03-04 11:40:24.305   594   627 D PackageManager: Clear ephemeral installer activity
03-04 11:40:24.313  1620  3255 W IsoInterface: Missing 'ftyp' header
03-04 11:40:24.314  1620  3255 D SQLiteQueryBuilder: SELECT _id, date_modified, _size, mime_type, media_type, is_pending FROM files WHERE ((volume_name IN ( 'internal' ))) AND ((_data=?)) with args [/product/media/audio/notifications/OnTheHunt.ogg]
03-04 11:40:24.314  1620  3255 I CursorWindowStats: Created a new Cursor. # Open Cursors=1 (# cursors opened by this proc=1)
03-04 11:40:24.314  1620  3255 D SQLiteCursor: received count(*) from native_fill_window: 0
03-04 11:40:24.328  1515  1529 I gle.android.gm: Background young concurrent copying GC freed 111425(6210KB) AllocSpace objects, 14(648KB) LOS objects, 27% free, 10MB/14MB, paused 2.143ms total 493.529ms
03-04 11:40:24.332  1271  1685 I GCoreUlr: WorldUpdater:android.location.PROVIDERS_CHANGED: Ensuring that reporting is stopped because of reasons: (no Google accounts)
03-04 11:40:24.350   594   627 D PackageManager: Instant App installer not found with android.intent.action.INSTALL_INSTANT_APP_PACKAGE
03-04 11:40:24.350   594   627 D PackageManager: Clear ephemeral installer activity
03-04 11:40:24.350   851   879 I PermissionControllerServiceImpl: Updating user sensitive for uid 10106
03-04 11:40:24.375  1271  1271 I GeofencerStateMachine: sendQueryLocationOptIn
03-04 11:40:24.384  1271  1685 I GCoreUlr: Unbound from all signal providers.
03-04 11:40:24.390  2578  2860 I BugleDataModel: ParticipantRefresh: Number of participants refreshed: 2
03-04 11:40:24.411  2578  2860 I BugleDataModel: SyncMessagesAction: Starting batch for messages. lowerBoundTimeMillis: -1, upperBoundTimeMillis: 1614829210410, maxMessagesToUpdate: 80, maxMessagesToScan: 4000
03-04 11:40:24.417  1271  1685 I GCoreUlr: WorldUpdater received intent Intent { act=com.google.android.location.reporting.ACTION_UPDATE_WORLD cmp=com.google.android.gms/com.google.android.location.reporting.service.DispatchingService (has extras) } with receiverAction android.location.PROVIDERS_CHANGED
03-04 11:40:24.420  1271  1271 I GeofencerStateMachine: sendQueryLocationOptIn
03-04 11:40:24.438   594   749 D PackageManager: Instant App installer not found with android.intent.action.INSTALL_INSTANT_APP_PACKAGE
03-04 11:40:24.438   594   749 D PackageManager: Clear ephemeral installer activity
03-04 11:40:24.442   594   628 D PackageManager: Instant App installer not found with android.intent.action.INSTALL_INSTANT_APP_PACKAGE
03-04 11:40:24.442   594   628 D PackageManager: Clear ephemeral installer activity
03-04 11:40:24.450  1271  1271 I NearbySharing: ReceiveSurfaceService created [CONTEXT service_id=194 ]
03-04 11:40:24.456  1271  3515 I Fitness : OnPackageChangedOperation got intent: Intent { act=android.intent.action.PACKAGE_CHANGED dat=package:com.google.android.gms flg=0x45000010 cmp=com.google.android.gms/.chimera.PersistentIntentOperationService (has extras) } [CONTEXT service_id=17 ]
03-04 11:40:24.456  1515  2867 W DynamiteModule: Local module descriptor class for providerinstaller not found.
03-04 11:40:24.457  1515  3301 I NearbySharing: Runtime state initialization complete. Sharing is disabled. [CONTEXT service_id=194 ]
03-04 11:40:24.458  1515  2867 I DynamiteModule: Considering local module providerinstaller:0 and remote module providerinstaller:0
03-04 11:40:24.458  1515  2867 W ProviderInstaller: Failed to load providerinstaller module: No acceptable module found. Local version is 0 and remote version is 0.
03-04 11:40:24.460  1271  1685 I GCoreUlr: WorldUpdater:android.location.PROVIDERS_CHANGED: Ensuring that reporting is stopped because of reasons: (no Google accounts)
03-04 11:40:24.463  1271  1271 I NearbySharing: ReceiveSurfaceService started [CONTEXT service_id=194 ]
03-04 11:40:24.474  1620  3255 W IsoInterface: Missing 'ftyp' header
03-04 11:40:24.478  1620  3255 D SQLiteQueryBuilder: SELECT _id, date_modified, _size, mime_type, media_type, is_pending FROM files WHERE ((volume_name IN ( 'internal' ))) AND ((_data=?)) with args [/product/media/audio/notifications/Bellatrix.ogg]
03-04 11:40:24.483  1620  3255 I CursorWindowStats: Created a new Cursor. # Open Cursors=1 (# cursors opened by this proc=1)
03-04 11:40:24.484  1620  3255 D SQLiteCursor: received count(*) from native_fill_window: 0
03-04 11:40:24.507  1271  1685 I GCoreUlr: Unbound from all signal providers.
03-04 11:40:24.519  1271  1271 I NearbySharing: ReceiveSurfaceService destroyed [CONTEXT service_id=194 ]
03-04 11:40:24.522  1271  2806 I Fitness : FitCleanupIntentOperation received Intent android.intent.action.PACKAGE_CHANGED [CONTEXT service_id=17 ]
03-04 11:40:24.526  1271  1287 I .gms.persisten: Background young concurrent copying GC freed 77656(4529KB) AllocSpace objects, 14(1024KB) LOS objects, 28% free, 12MB/17MB, paused 3.251ms total 128.586ms
03-04 11:40:24.538  1515  2965 W Conscrypt: Could not set socket write timeout: java.net.SocketException: Socket closed
03-04 11:40:24.538  1515  2965 W Conscrypt: 	at com.google.android.gms.org.conscrypt.Platform.setSocketWriteTimeout(:com.google.android.gms@201817022@20.18.17 (040700-311416286):2)
03-04 11:40:24.538  1515  2965 W Conscrypt: 	at com.google.android.gms.org.conscrypt.ConscryptFileDescriptorSocket.setSoWriteTimeout(:com.google.android.gms@201817022@20.18.17 (040700-311416286):0)
03-04 11:40:24.575  1271  1685 I GCoreUlr: WorldUpdater received intent Intent { act=com.google.android.location.reporting.ACTION_UPDATE_WORLD cmp=com.google.android.gms/com.google.android.location.reporting.service.DispatchingService (has extras) } with receiverAction android.location.PROVIDERS_CHANGED
03-04 11:40:24.607  1271  1685 I GCoreUlr: WorldUpdater:android.location.PROVIDERS_CHANGED: Ensuring that reporting is stopped because of reasons: (no Google accounts)
03-04 11:40:24.616  3491  3491 I dex2oat32: dex2oat took 1.036s (84.863ms cpu) (threads: 4) arena alloc=0B (0B) java alloc=64KB (66496B) native alloc=1269KB (1300304B) free=1509KB (1545504B)
03-04 11:40:24.620  1620  3255 W IsoInterface: Missing 'ftyp' header
03-04 11:40:24.621  1620  3255 D SQLiteQueryBuilder: SELECT _id, date_modified, _size, mime_type, media_type, is_pending FROM files WHERE ((volume_name IN ( 'internal' ))) AND ((_data=?)) with args [/product/media/audio/notifications/Aldebaran.ogg]
03-04 11:40:24.622  1620  3255 I CursorWindowStats: Created a new Cursor. # Open Cursors=1 (# cursors opened by this proc=1)
03-04 11:40:24.622  1620  3255 D SQLiteCursor: received count(*) from native_fill_window: 0
03-04 11:40:24.631  1271  1685 I GCoreUlr: Unbound from all signal providers.
03-04 11:40:24.658  1515  2867 W DynamiteModule: Local module descriptor class for providerinstaller not found.
03-04 11:40:24.658   447   447 V installd: DexInv: --- END '/apex/com.android.os.statsd/javalib/service-statsd.jar' (success) ---
03-04 11:40:24.659  1515  2867 I DynamiteModule: Considering local module providerinstaller:0 and remote module providerinstaller:0
03-04 11:40:24.659  1515  2867 W ProviderInstaller: Failed to load providerinstaller module: No acceptable module found. Local version is 0 and remote version is 0.
03-04 11:40:24.665   594  3385 I system_server: The ClassLoaderContext is a special shared library.
03-04 11:40:24.692   594  3385 I chatty  : uid=1000(system) Binder:594_3 identical 3 lines
03-04 11:40:24.702   594  3385 I system_server: The ClassLoaderContext is a special shared library.
03-04 11:40:24.712  1271  1685 I GCoreUlr: WorldUpdater received intent Intent { act=com.google.android.location.reporting.ACTION_UPDATE_WORLD cmp=com.google.android.gms/com.google.android.location.reporting.service.DispatchingService (has extras) } with receiverAction android.location.PROVIDERS_CHANGED
03-04 11:40:24.724   594  3385 I system_server: The ClassLoaderContext is a special shared library.
03-04 11:40:24.739   594   754 W system_server: Long monitor contention with owner android.bg (638) at boolean com.android.server.usage.AppStandbyController.isCarrierApp(java.lang.String)(AppStandbyController.java:1549) waiters=0 in boolean com.android.server.usage.AppStandbyController.isCarrierApp(java.lang.String) for 699ms
03-04 11:40:24.742   594  1908 W system_server: Long monitor contention with owner NetworkPolicy.uid (754) at boolean com.android.server.net.NetworkPolicyManagerService.isUidIdle(int)(NetworkPolicyManagerService.java:4126) waiters=0 in boolean com.android.server.net.NetworkPolicyManagerService$NetworkPolicyManagerInternalImpl.isUidNetworkingBlocked(int, java.lang.String) for 676ms
03-04 11:40:24.746  1271  1685 I GCoreUlr: WorldUpdater:android.location.PROVIDERS_CHANGED: Ensuring that reporting is stopped because of reasons: (no Google accounts)
03-04 11:40:24.746   594  3385 I system_server: The ClassLoaderContext is a special shared library.
03-04 11:40:24.750   594   594 D CompatibilityChangeReporter: Compat change id reported: 135634846; UID 10100; state: DISABLED
03-04 11:40:24.752   594   640 D CompatibilityChangeReporter: Compat change id reported: 143937733; UID 10100; state: ENABLED
03-04 11:40:24.756  1515  2611 I Icing   : Indexing com.google.android.gms-contacts_contact_id from com.google.android.gms [CONTEXT service_id=21 ]
03-04 11:40:24.757  1620  3255 W IsoInterface: Missing 'ftyp' header
03-04 11:40:24.759   594  3385 I system_server: The ClassLoaderContext is a special shared library.
03-04 11:40:24.760  1620  3255 D SQLiteQueryBuilder: SELECT _id, date_modified, _size, mime_type, media_type, is_pending FROM files WHERE ((volume_name IN ( 'internal' ))) AND ((_data=?)) with args [/product/media/audio/notifications/Gallium.ogg]
03-04 11:40:24.761  1620  3255 I CursorWindowStats: Created a new Cursor. # Open Cursors=1 (# cursors opened by this proc=1)
03-04 11:40:24.761  1620  3255 D SQLiteCursor: received count(*) from native_fill_window: 0
03-04 11:40:24.765  1271  1685 I GCoreUlr: Unbound from all signal providers.
03-04 11:40:24.765   594  3385 I system_server: The ClassLoaderContext is a special shared library.
03-04 11:40:24.775   594  3385 I system_server: The ClassLoaderContext is a special shared library.
03-04 11:40:24.780  1271  1685 I GCoreUlr: WorldUpdater received intent Intent { act=com.google.android.location.reporting.ACTION_UPDATE_WORLD cmp=com.google.android.gms/com.google.android.location.reporting.service.DispatchingService (has extras) } with receiverAction android.location.PROVIDERS_CHANGED
03-04 11:40:24.781   594  3385 I system_server: The ClassLoaderContext is a special shared library.
03-04 11:40:24.787  1271  1685 I GCoreUlr: WorldUpdater:android.location.PROVIDERS_CHANGED: Ensuring that reporting is stopped because of reasons: (no Google accounts)
03-04 11:40:24.792   594  3385 I system_server: The ClassLoaderContext is a special shared library.
03-04 11:40:24.797   359   359 D Zygote  : Forked child process 3541
03-04 11:40:24.803   594   640 W ActivityManager: Slow operation: 53ms so far, now at startProcess: returned from zygote!
03-04 11:40:24.803   594   640 W ActivityManager: Slow operation: 53ms so far, now at startProcess: done updating battery stats
