03-04 11:40:30.156  1640  1640 D StrictMode: 	at android.app.SharedPreferencesImpl.access$900(SharedPreferencesImpl.java:59)
03-04 11:40:30.156  1640  1640 D StrictMode: 	at android.app.SharedPreferencesImpl$2.run(SharedPreferencesImpl.java:672)
03-04 11:40:30.156  1640  1640 D StrictMode: 	at android.app.SharedPreferencesImpl.enqueueDiskWrite(SharedPreferencesImpl.java:691)
03-04 11:40:30.156  1640  1640 D StrictMode: 	at android.app.SharedPreferencesImpl.access$100(SharedPreferencesImpl.java:59)
03-04 11:40:30.156  1640  1640 D StrictMode: 	at android.app.SharedPreferencesImpl$EditorImpl.commit(SharedPreferencesImpl.java:604)
03-04 11:40:30.156  1640  1640 D StrictMode: 	at com.android.providers.contacts.ContactsUpgradeReceiver.onReceive(ContactsUpgradeReceiver.java:76)
03-04 11:40:30.156  1640  1640 D StrictMode: 	at android.app.ActivityThread.handleReceiver(ActivityThread.java:4032)
03-04 11:40:30.156  1640  1640 D StrictMode: 	at android.app.ActivityThread.access$1400(ActivityThread.java:237)
03-04 11:40:30.156  1640  1640 D StrictMode: 	at android.app.ActivityThread$H.handleMessage(ActivityThread.java:1924)
03-04 11:40:30.156  1640  1640 D StrictMode: 	at android.os.Handler.dispatchMessage(Handler.java:106)
03-04 11:40:30.156  1640  1640 D StrictMode: 	at android.os.Looper.loop(Looper.java:223)
03-04 11:40:30.156  1640  1640 D StrictMode: 	at android.app.ActivityThread.main(ActivityThread.java:7656)
03-04 11:40:30.156  1640  1640 D StrictMode: 	at java.lang.reflect.Method.invoke(Native Method)
03-04 11:40:30.156  1640  1640 D StrictMode: 	at com.android.internal.os.RuntimeInit$MethodAndArgsCaller.run(RuntimeInit.java:592)
03-04 11:40:30.156  1640  1640 D StrictMode: 	at com.android.internal.os.ZygoteInit.main(ZygoteInit.java:947)
03-04 11:40:30.164  1640  1640 D StrictMode: StrictMode policy violation; ~duration=15 ms: android.os.strictmode.DiskWriteViolation
03-04 11:40:30.164  1640  1640 D StrictMode: 	at android.os.StrictMode$AndroidBlockGuardPolicy.onWriteToDisk(StrictMode.java:1547)
03-04 11:40:30.164  1640  1640 D StrictMode: 	at libcore.io.BlockGuardOs.open(BlockGuardOs.java:252)
03-04 11:40:30.164  1640  1640 D StrictMode: 	at libcore.io.ForwardingOs.open(ForwardingOs.java:166)
03-04 11:40:30.164  1640  1640 D StrictMode: 	at android.app.ActivityThread$AndroidOs.open(ActivityThread.java:7542)
03-04 11:40:30.164  1640  1640 D StrictMode: 	at libcore.io.IoBridge.open(IoBridge.java:478)
03-04 11:40:30.164  1640  1640 D StrictMode: 	at java.io.FileOutputStream.<init>(FileOutputStream.java:236)
03-04 11:40:30.164  1640  1640 D StrictMode: 	at java.io.FileOutputStream.<init>(FileOutputStream.java:186)
03-04 11:40:30.164  1640  1640 D StrictMode: 	at android.app.SharedPreferencesImpl.createFileOutputStream(SharedPreferencesImpl.java:702)
03-04 11:40:30.164  1640  1640 D StrictMode: 	at android.app.SharedPreferencesImpl.writeToFile(SharedPreferencesImpl.java:793)
03-04 11:40:30.164  1640  1640 D StrictMode: 	at android.app.SharedPreferencesImpl.access$900(SharedPreferencesImpl.java:59)
03-04 11:40:30.164  1640  1640 D StrictMode: 	at android.app.SharedPreferencesImpl$2.run(SharedPreferencesImpl.java:672)
03-04 11:40:30.164  1640  1640 D StrictMode: 	at android.app.SharedPreferencesImpl.enqueueDiskWrite(SharedPreferencesImpl.java:691)
03-04 11:40:30.164  1640  1640 D StrictMode: 	at android.app.SharedPreferencesImpl.access$100(SharedPreferencesImpl.java:59)
03-04 11:40:30.164  1640  1640 D StrictMode: 	at android.app.SharedPreferencesImpl$EditorImpl.commit(SharedPreferencesImpl.java:604)
03-04 11:40:30.164  1640  1640 D StrictMode: 	at com.android.providers.contacts.ContactsUpgradeReceiver.onReceive(ContactsUpgradeReceiver.java:76)
03-04 11:40:30.164  1640  1640 D StrictMode: 	at android.app.ActivityThread.handleReceiver(ActivityThread.java:4032)
03-04 11:40:30.164  1640  1640 D StrictMode: 	at android.app.ActivityThread.access$1400(ActivityThread.java:237)
03-04 11:40:30.164  1640  1640 D StrictMode: 	at android.app.ActivityThread$H.handleMessage(ActivityThread.java:1924)
03-04 11:40:30.164  1640  1640 D StrictMode: 	at android.os.Handler.dispatchMessage(Handler.java:106)
03-04 11:40:30.164  1640  1640 D StrictMode: 	at android.os.Looper.loop(Looper.java:223)
03-04 11:40:30.164  1640  1640 D StrictMode: 	at android.app.ActivityThread.main(ActivityThread.java:7656)
03-04 11:40:30.164  1640  1640 D StrictMode: 	at java.lang.reflect.Method.invoke(Native Method)
03-04 11:40:30.164  1640  1640 D StrictMode: 	at com.android.internal.os.RuntimeInit$MethodAndArgsCaller.run(RuntimeInit.java:592)
03-04 11:40:30.164  1640  1640 D StrictMode: 	at com.android.internal.os.ZygoteInit.main(ZygoteInit.java:947)
03-04 11:40:30.165  1640  1640 D StrictMode: StrictMode policy violation; ~duration=15 ms: android.os.strictmode.DiskReadViolation
03-04 11:40:30.165  1640  1640 D StrictMode: 	at android.os.StrictMode$AndroidBlockGuardPolicy.onReadFromDisk(StrictMode.java:1591)
03-04 11:40:30.165  1640  1640 D StrictMode: 	at libcore.io.BlockGuardOs.fstat(BlockGuardOs.java:174)
03-04 11:40:30.165  1640  1640 D StrictMode: 	at libcore.io.ForwardingOs.fstat(ForwardingOs.java:106)
03-04 11:40:30.165  1640  1640 D StrictMode: 	at libcore.io.IoBridge.open(IoBridge.java:481)
03-04 11:40:30.165  1640  1640 D StrictMode: 	at java.io.FileOutputStream.<init>(FileOutputStream.java:236)
03-04 11:40:30.165  1640  1640 D StrictMode: 	at java.io.FileOutputStream.<init>(FileOutputStream.java:186)
03-04 11:40:30.165  1640  1640 D StrictMode: 	at android.app.SharedPreferencesImpl.createFileOutputStream(SharedPreferencesImpl.java:702)
03-04 11:40:30.165  1640  1640 D StrictMode: 	at android.app.SharedPreferencesImpl.writeToFile(SharedPreferencesImpl.java:793)
03-04 11:40:30.165  1640  1640 D StrictMode: 	at android.app.SharedPreferencesImpl.access$900(SharedPreferencesImpl.java:59)
03-04 11:40:30.165  1640  1640 D StrictMode: 	at android.app.SharedPreferencesImpl$2.run(SharedPreferencesImpl.java:672)
03-04 11:40:30.165  1640  1640 D StrictMode: 	at android.app.SharedPreferencesImpl.enqueueDiskWrite(SharedPreferencesImpl.java:691)
03-04 11:40:30.165  1640  1640 D StrictMode: 	at android.app.SharedPreferencesImpl.access$100(SharedPreferencesImpl.java:59)
03-04 11:40:30.165  1640  1640 D StrictMode: 	at android.app.SharedPreferencesImpl$EditorImpl.commit(SharedPreferencesImpl.java:604)
03-04 11:40:30.165  1640  1640 D StrictMode: 	at com.android.providers.contacts.ContactsUpgradeReceiver.onReceive(ContactsUpgradeReceiver.java:76)
03-04 11:40:30.165  1640  1640 D StrictMode: 	at android.app.ActivityThread.handleReceiver(ActivityThread.java:4032)
03-04 11:40:30.165  1640  1640 D StrictMode: 	at android.app.ActivityThread.access$1400(ActivityThread.java:237)
03-04 11:40:30.165  1640  1640 D StrictMode: 	at android.app.ActivityThread$H.handleMessage(ActivityThread.java:1924)
03-04 11:40:30.165  1640  1640 D StrictMode: 	at android.os.Handler.dispatchMessage(Handler.java:106)
03-04 11:40:30.165  1640  1640 D StrictMode: 	at android.os.Looper.loop(Looper.java:223)
03-04 11:40:30.165  1640  1640 D StrictMode: 	at android.app.ActivityThread.main(ActivityThread.java:7656)
03-04 11:40:30.165  1640  1640 D StrictMode: 	at java.lang.reflect.Method.invoke(Native Method)
03-04 11:40:30.165  1640  1640 D StrictMode: 	at com.android.internal.os.RuntimeInit$MethodAndArgsCaller.run(RuntimeInit.java:592)
03-04 11:40:30.165  1640  1640 D StrictMode: 	at com.android.internal.os.ZygoteInit.main(ZygoteInit.java:947)
03-04 11:40:30.166  1640  1640 D StrictMode: StrictMode policy violation; ~duration=15 ms: android.os.strictmode.DiskWriteViolation
03-04 11:40:30.166  1640  1640 D StrictMode: 	at android.os.StrictMode$AndroidBlockGuardPolicy.onWriteToDisk(StrictMode.java:1547)
03-04 11:40:30.166  1640  1640 D StrictMode: 	at libcore.io.BlockGuardOs.write(BlockGuardOs.java:417)
03-04 11:40:30.166  1640  1640 D StrictMode: 	at libcore.io.ForwardingOs.write(ForwardingOs.java:240)
03-04 11:40:30.166  1640  1640 D StrictMode: 	at libcore.io.IoBridge.write(IoBridge.java:535)
03-04 11:40:30.166  1640  1640 D StrictMode: 	at java.io.FileOutputStream.write(FileOutputStream.java:398)
03-04 11:40:30.166  1640  1640 D StrictMode: 	at com.android.internal.util.FastXmlSerializer.flushBytes(FastXmlSerializer.java:253)
03-04 11:40:30.166  1640  1640 D StrictMode: 	at com.android.internal.util.FastXmlSerializer.flush(FastXmlSerializer.java:274)
03-04 11:40:30.166  1640  1640 D StrictMode: 	at com.android.internal.util.FastXmlSerializer.endDocument(FastXmlSerializer.java:219)
03-04 11:40:30.166  1640  1640 D StrictMode: 	at com.android.internal.util.XmlUtils.writeMapXml(XmlUtils.java:202)
03-04 11:40:30.166  1640  1640 D StrictMode: 	at android.app.SharedPreferencesImpl.writeToFile(SharedPreferencesImpl.java:803)
03-04 11:40:30.166  1640  1640 D StrictMode: 	at android.app.SharedPreferencesImpl.access$900(SharedPreferencesImpl.java:59)
03-04 11:40:30.166  1640  1640 D StrictMode: 	at android.app.SharedPreferencesImpl$2.run(SharedPreferencesImpl.java:672)
03-04 11:40:30.166  1640  1640 D StrictMode: 	at android.app.SharedPreferencesImpl.enqueueDiskWrite(SharedPreferencesImpl.java:691)
03-04 11:40:30.166  1640  1640 D StrictMode: 	at android.app.SharedPreferencesImpl.access$100(SharedPreferencesImpl.java:59)
03-04 11:40:30.166  1640  1640 D StrictMode: 	at android.app.SharedPreferencesImpl$EditorImpl.commit(SharedPreferencesImpl.java:604)
03-04 11:40:30.166  1640  1640 D StrictMode: 	at com.android.providers.contacts.ContactsUpgradeReceiver.onReceive(ContactsUpgradeReceiver.java:76)
03-04 11:40:30.166  1640  1640 D StrictMode: 	at android.app.ActivityThread.handleReceiver(ActivityThread.java:4032)
03-04 11:40:30.166  1640  1640 D StrictMode: 	at android.app.ActivityThread.access$1400(ActivityThread.java:237)
03-04 11:40:30.166  1640  1640 D StrictMode: 	at android.app.ActivityThread$H.handleMessage(ActivityThread.java:1924)
03-04 11:40:30.166  1640  1640 D StrictMode: 	at android.os.Handler.dispatchMessage(Handler.java:106)
03-04 11:40:30.166  1640  1640 D StrictMode: 	at android.os.Looper.loop(Looper.java:223)
03-04 11:40:30.166  1640  1640 D StrictMode: 	at android.app.ActivityThread.main(ActivityThread.java:7656)
03-04 11:40:30.166  1640  1640 D StrictMode: 	at java.lang.reflect.Method.invoke(Native Method)
03-04 11:40:30.166  1640  1640 D StrictMode: 	at com.android.internal.os.RuntimeInit$MethodAndArgsCaller.run(RuntimeInit.java:592)
03-04 11:40:30.166  1640  1640 D StrictMode: 	at com.android.internal.os.ZygoteInit.main(ZygoteInit.java:947)
03-04 11:40:30.167  1515  2611 I Icing   : Usage reports ok 0, Failed Usage reports 0, indexed 0, rejected 0 [CONTEXT service_id=21 ]
03-04 11:40:30.167  1640  1640 D StrictMode: StrictMode policy violation; ~duration=9 ms: android.os.strictmode.DiskWriteViolation
03-04 11:40:30.167  1640  1640 D StrictMode: 	at android.os.StrictMode$AndroidBlockGuardPolicy.onWriteToDisk(StrictMode.java:1547)
03-04 11:40:30.167  1640  1640 D StrictMode: 	at libcore.io.BlockGuardOs.chmod(BlockGuardOs.java:78)
03-04 11:40:30.167  1640  1640 D StrictMode: 	at libcore.io.ForwardingOs.chmod(ForwardingOs.java:85)
03-04 11:40:30.167  1640  1640 D StrictMode: 	at android.system.Os.chmod(Os.java:97)
03-04 11:40:30.167  1640  1640 D StrictMode: 	at android.os.FileUtils.setPermissions(FileUtils.java:157)
03-04 11:40:30.167  1640  1640 D StrictMode: 	at android.app.ContextImpl.setFilePermissionsFromMode(ContextImpl.java:2843)
03-04 11:40:30.167  1640  1640 D StrictMode: 	at android.app.SharedPreferencesImpl.writeToFile(SharedPreferencesImpl.java:812)
03-04 11:40:30.167  1640  1640 D StrictMode: 	at android.app.SharedPreferencesImpl.access$900(SharedPreferencesImpl.java:59)
03-04 11:40:30.167  1640  1640 D StrictMode: 	at android.app.SharedPreferencesImpl$2.run(SharedPreferencesImpl.java:672)
03-04 11:40:30.167  1640  1640 D StrictMode: 	at android.app.SharedPreferencesImpl.enqueueDiskWrite(SharedPreferencesImpl.java:691)
03-04 11:40:30.167  1640  1640 D StrictMode: 	at android.app.SharedPreferencesImpl.access$100(SharedPreferencesImpl.java:59)
03-04 11:40:30.167  1640  1640 D StrictMode: 	at android.app.SharedPreferencesImpl$EditorImpl.commit(SharedPreferencesImpl.java:604)
03-04 11:40:30.167  1640  1640 D StrictMode: 	at com.android.providers.contacts.ContactsUpgradeReceiver.onReceive(ContactsUpgradeReceiver.java:76)
03-04 11:40:30.167  1640  1640 D StrictMode: 	at android.app.ActivityThread.handleReceiver(ActivityThread.java:4032)
03-04 11:40:30.167  1640  1640 D StrictMode: 	at android.app.ActivityThread.access$1400(ActivityThread.java:237)
03-04 11:40:30.167  1640  1640 D StrictMode: 	at android.app.ActivityThread$H.handleMessage(ActivityThread.java:1924)
03-04 11:40:30.167  1640  1640 D StrictMode: 	at android.os.Handler.dispatchMessage(Handler.java:106)
03-04 11:40:30.167  1640  1640 D StrictMode: 	at android.os.Looper.loop(Looper.java:223)
03-04 11:40:30.167  1640  1640 D StrictMode: 	at android.app.ActivityThread.main(ActivityThread.java:7656)
03-04 11:40:30.167  1640  1640 D StrictMode: 	at java.lang.reflect.Method.invoke(Native Method)
03-04 11:40:30.167  1640  1640 D StrictMode: 	at com.android.internal.os.RuntimeInit$MethodAndArgsCaller.run(RuntimeInit.java:592)
03-04 11:40:30.167  1640  1640 D StrictMode: 	at com.android.internal.os.ZygoteInit.main(ZygoteInit.java:947)
03-04 11:40:30.167  1640  1640 D StrictMode: StrictMode policy violation; ~duration=9 ms: android.os.strictmode.DiskReadViolation
03-04 11:40:30.167  1640  1640 D StrictMode: 	at android.os.StrictMode$AndroidBlockGuardPolicy.onReadFromDisk(StrictMode.java:1591)
03-04 11:40:30.167  1640  1640 D StrictMode: 	at libcore.io.BlockGuardOs.stat(BlockGuardOs.java:389)
03-04 11:40:30.167  1640  1640 D StrictMode: 	at libcore.io.ForwardingOs.stat(ForwardingOs.java:221)
03-04 11:40:30.167  1640  1640 D StrictMode: 	at android.app.ActivityThread$AndroidOs.stat(ActivityThread.java:7556)
03-04 11:40:30.167  1640  1640 D StrictMode: 	at android.system.Os.stat(Os.java:657)
03-04 11:40:30.167  1640  1640 D StrictMode: 	at android.app.SharedPreferencesImpl.writeToFile(SharedPreferencesImpl.java:819)
03-04 11:40:30.167  1640  1640 D StrictMode: 	at android.app.SharedPreferencesImpl.access$900(SharedPreferencesImpl.java:59)
03-04 11:40:30.167  1640  1640 D StrictMode: 	at android.app.SharedPreferencesImpl$2.run(SharedPreferencesImpl.java:672)
03-04 11:40:30.167  1640  1640 D StrictMode: 	at android.app.SharedPreferencesImpl.enqueueDiskWrite(SharedPreferencesImpl.java:691)
03-04 11:40:30.167  1640  1640 D StrictMode: 	at android.app.SharedPreferencesImpl.access$100(SharedPreferencesImpl.java:59)
03-04 11:40:30.167  1640  1640 D StrictMode: 	at android.app.SharedPreferencesImpl$EditorImpl.commit(SharedPreferencesImpl.java:604)
03-04 11:40:30.167  1640  1640 D StrictMode: 	at com.android.providers.contacts.ContactsUpgradeReceiver.onReceive(ContactsUpgradeReceiver.java:76)
03-04 11:40:30.167  1640  1640 D StrictMode: 	at android.app.ActivityThread.handleReceiver(ActivityThread.java:4032)
03-04 11:40:30.167  1640  1640 D StrictMode: 	at android.app.ActivityThread.access$1400(ActivityThread.java:237)
03-04 11:40:30.167  1640  1640 D StrictMode: 	at android.app.ActivityThread$H.handleMessage(ActivityThread.java:1924)
03-04 11:40:30.167  1640  1640 D StrictMode: 	at android.os.Handler.dispatchMessage(Handler.java:106)
03-04 11:40:30.167  1640  1640 D StrictMode: 	at android.os.Looper.loop(Looper.java:223)
03-04 11:40:30.167  1640  1640 D StrictMode: 	at android.app.ActivityThread.main(ActivityThread.java:7656)
03-04 11:40:30.167  1640  1640 D StrictMode: 	at java.lang.reflect.Method.invoke(Native Method)
03-04 11:40:30.167  1640  1640 D StrictMode: 	at com.android.internal.os.RuntimeInit$MethodAndArgsCaller.run(RuntimeInit.java:592)
03-04 11:40:30.167  1640  1640 D StrictMode: 	at com.android.internal.os.ZygoteInit.main(ZygoteInit.java:947)
03-04 11:40:30.167  1640  1640 D StrictMode: StrictMode policy violation; ~duration=8 ms: android.os.strictmode.DiskWriteViolation
03-04 11:40:30.167  1640  1640 D StrictMode: 	at android.os.StrictMode$AndroidBlockGuardPolicy.onWriteToDisk(StrictMode.java:1547)
03-04 11:40:30.167  1640  1640 D StrictMode: 	at libcore.io.BlockGuardOs.remove(BlockGuardOs.java:340)
03-04 11:40:30.167  1640  1640 D StrictMode: 	at libcore.io.ForwardingOs.remove(ForwardingOs.java:185)
03-04 11:40:30.167  1640  1640 D StrictMode: 	at android.app.ActivityThread$AndroidOs.remove(ActivityThread.java:7574)
03-04 11:40:30.167  1640  1640 D StrictMode: 	at java.io.UnixFileSystem.delete(UnixFileSystem.java:331)
03-04 11:40:30.167  1640  1640 D StrictMode: 	at java.io.File.delete(File.java:1037)
03-04 11:40:30.167  1640  1640 D StrictMode: 	at android.app.SharedPreferencesImpl.writeToFile(SharedPreferencesImpl.java:833)
03-04 11:40:30.167  1640  1640 D StrictMode: 	at android.app.SharedPreferencesImpl.access$900(SharedPreferencesImpl.java:59)
03-04 11:40:30.167  1640  1640 D StrictMode: 	at android.app.SharedPreferencesImpl$2.run(SharedPreferencesImpl.java:672)
03-04 11:40:30.167  1640  1640 D StrictMode: 	at android.app.SharedPreferencesImpl.enqueueDiskWrite(SharedPreferencesImpl.java:691)
03-04 11:40:30.167  1640  1640 D StrictMode: 	at android.app.SharedPreferencesImpl.access$100(SharedPreferencesImpl.java:59)
03-04 11:40:30.167  1640  1640 D StrictMode: 	at android.app.SharedPreferencesImpl$EditorImpl.commit(SharedPreferencesImpl.java:604)
03-04 11:40:30.167  1640  1640 D StrictMode: 	at com.android.providers.contacts.ContactsUpgradeReceiver.onReceive(ContactsUpgradeReceiver.java:76)
03-04 11:40:30.167  1640  1640 D StrictMode: 	at android.app.ActivityThread.handleReceiver(ActivityThread.java:4032)
03-04 11:40:30.167  1640  1640 D StrictMode: 	at android.app.ActivityThread.access$1400(ActivityThread.java:237)
03-04 11:40:30.167  1640  1640 D StrictMode: 	at android.app.ActivityThread$H.handleMessage(ActivityThread.java:1924)
03-04 11:40:30.167  1640  1640 D StrictMode: 	at android.os.Handler.dispatchMessage(Handler.java:106)
03-04 11:40:30.167  1640  1640 D StrictMode: 	at android.os.Looper.loop(Looper.java:223)
03-04 11:40:30.167  1640  1640 D StrictMode: 	at android.app.ActivityThread.main(ActivityThread.java:7656)
03-04 11:40:30.167  1640  1640 D StrictMode: 	at java.lang.reflect.Method.invoke(Native Method)
03-04 11:40:30.167  1640  1640 D StrictMode: 	at com.android.internal.os.RuntimeInit$MethodAndArgsCaller.run(RuntimeInit.java:592)
03-04 11:40:30.167  1640  1640 D StrictMode: 	at com.android.internal.os.ZygoteInit.main(ZygoteInit.java:947)
03-04 11:40:30.168  1758  3713 I BugleRcsEngine: [179] tes.a: Unable to get Cs Apk version
03-04 11:40:30.172  1758  3713 I BugleRcsEngine: [179] sqx.a: Bugle ContentProvider is disabled by p/h flag, using ProvisioningEngineStateCacheUtil.getBugleEnabledRcsFromPreference()
03-04 11:40:30.173  1758  3713 I BugleRcsEngine: [179] sqx.a: Rcs is enabled from user settings: true
03-04 11:40:30.175  1758  3713 W BugleRcsEngine: [179] soe.c: No config URL available.
03-04 11:40:30.176  1758  3713 I BugleRcsEngine: [179] sqx.a: RcsAvailabilityManager: Rcs Availability still DISABLED_VIA_GSERVICES (RCS is disabled for this carrier by Google)
03-04 11:40:30.199  1620  3255 W IsoInterface: Missing 'ftyp' header
03-04 11:40:30.206  1620  3255 D SQLiteQueryBuilder: SELECT _id, date_modified, _size, mime_type, media_type, is_pending FROM files WHERE ((volume_name IN ( 'internal' ))) AND ((_data=?)) with args [/product/media/audio/notifications/Zirconium.ogg]
03-04 11:40:30.207  1620  3255 I CursorWindowStats: Created a new Cursor. # Open Cursors=1 (# cursors opened by this proc=1)
03-04 11:40:30.207  1620  3255 D SQLiteCursor: received count(*) from native_fill_window: 0
03-04 11:40:30.208  1515  2611 W Icing   : No valid account for uploading user actions [CONTEXT service_id=21 ]
03-04 11:40:30.215  2578  2578 I BugleRcsProvisioning: RcsProvisioningEventReceiver: Received ProvisioningEvent: Availability updated
03-04 11:40:30.215  2578  2578 I BugleRcsProvisioning: RcsProvisioningEventReceiver: Bugle receives rcs availability update to: 2
03-04 11:40:30.215  2578  2578 I BugleRcs: RcsAvailabilityUtilForProvisioningEngineV2: updated datastore for rcs availability, simId: 89014103211118510720, availability: DISABLED_VIA_GSERVICES
03-04 11:40:30.216  2578  2578 I BugleRcsEngine: [2] yrg.disconnect: Disconnecting ChatSessionService
03-04 11:40:30.216  2578  2578 I BugleRcsEngine: [2] yrg.disconnect: Disconnecting ContactsService
03-04 11:40:30.216  2578  2578 I BugleRcsEngine: [2] yrg.disconnect: Disconnecting FileTransferService
03-04 11:40:30.216  2578  2578 I BugleRcsEngine: [2] yrg.disconnect: Disconnecting LocationSharingService
03-04 11:40:30.217  2578  2578 I BugleRcsEngine: [2] yrg.disconnect: Disconnecting ImsConnectionTrackerService
03-04 11:40:30.217  2578  2578 I BugleRcsEngine: [2] yrg.disconnect: Disconnecting RcsProfileService
03-04 11:40:30.217  2578  2578 I BugleRcsEngine: [2] yrg.disconnect: Disconnecting BusinessInfoService
03-04 11:40:30.220  1758  3713 I BugleRcsEngine: [179] ProvisioningEventReceiver.a: Received Provisioning Event: [Availability updated (12)]
03-04 11:40:30.220  1758  3713 I BugleRcsEngine: [179] ProvisioningEventReceiver.a: JibeService is running, passing event to provisioning engine.
03-04 11:40:30.220  1758  3713 I BugleRcsEngine: [179] spl.a: Handling Provisioning Event: [Availability updated (12)]
03-04 11:40:30.220  1758  2218 I BugleRcsEngine: [165] squ.a: (PEv2-SM): DisabledState: event Availability updated
03-04 11:40:30.220  1758  2218 I BugleRcsEngine: [165] sqx.a: RcsAvailabilityManager: Calculating Rcs Availability
03-04 11:40:30.221  1758  2218 I BugleRcsEngine: [165] tes.a: Unable to get Cs Apk version
03-04 11:40:30.222  1758  2218 I BugleRcsEngine: [165] sqx.a: Bugle ContentProvider is disabled by p/h flag, using ProvisioningEngineStateCacheUtil.getBugleEnabledRcsFromPreference()
03-04 11:40:30.222  1758  2218 I BugleRcsEngine: [165] sqx.a: Rcs is enabled from user settings: true
03-04 11:40:30.223  1758  2218 W BugleRcsEngine: [165] soe.c: No config URL available.
03-04 11:40:30.223  1758  2218 I BugleRcsEngine: [165] sqx.a: RcsAvailabilityManager: Rcs Availability still DISABLED_VIA_GSERVICES (RCS is disabled for this carrier by Google)
03-04 11:40:30.223  1758  2218 I BugleRcsEngine: [165] sqx.a: RcsAvailabilityManager: Calculating Rcs Availability
03-04 11:40:30.224  1758  2218 I BugleRcsEngine: [165] tes.a: Unable to get Cs Apk version
03-04 11:40:30.225  1758  2218 I BugleRcsEngine: [165] sqx.a: Bugle ContentProvider is disabled by p/h flag, using ProvisioningEngineStateCacheUtil.getBugleEnabledRcsFromPreference()
03-04 11:40:30.225  1758  2218 I BugleRcsEngine: [165] sqx.a: Rcs is enabled from user settings: true
03-04 11:40:30.225  1758  2218 W BugleRcsEngine: [165] soe.c: No config URL available.
03-04 11:40:30.226  1758  2218 I BugleRcsEngine: [165] sqx.a: RcsAvailabilityManager: Rcs Availability still DISABLED_VIA_GSERVICES (RCS is disabled for this carrier by Google)
03-04 11:40:30.226  1758  2218 W BugleRcsEngine: [165] sqx.a: SimId does not exist in map, could be uninitialized.
03-04 11:40:30.250   594  1686 D PackageManager: Instant App installer not found with android.intent.action.INSTALL_INSTANT_APP_PACKAGE
03-04 11:40:30.250   594  1686 D PackageManager: Clear ephemeral installer activity
03-04 11:40:30.256  1515  2611 I Icing   : Usage reports ok 0, Failed Usage reports 0, indexed 0, rejected 0 [CONTEXT service_id=21 ]
03-04 11:40:30.269   594  2669 D PackageManager: Instant App installer not found with android.intent.action.INSTALL_INSTANT_APP_PACKAGE
03-04 11:40:30.269   594  2669 D PackageManager: Clear ephemeral installer activity
03-04 11:40:30.273   594  2669 D PackageManager: Instant App installer not found with android.intent.action.INSTALL_INSTANT_APP_PACKAGE
03-04 11:40:30.273   594  2669 D PackageManager: Clear ephemeral installer activity
03-04 11:40:30.280  1620  3255 W IsoInterface: Missing 'ftyp' header
03-04 11:40:30.281  1620  3255 D SQLiteQueryBuilder: SELECT _id, date_modified, _size, mime_type, media_type, is_pending FROM files WHERE ((volume_name IN ( 'internal' ))) AND ((_data=?)) with args [/product/media/audio/notifications/Antares.ogg]
03-04 11:40:30.282  1620  3255 I CursorWindowStats: Created a new Cursor. # Open Cursors=1 (# cursors opened by this proc=1)
03-04 11:40:30.282  1620  3255 D SQLiteCursor: received count(*) from native_fill_window: 0
03-04 11:40:30.307  1515  3300 I Backup  : [TargetEnabler] Setting target components to enabled = false
03-04 11:40:30.310   594  1686 D PackageManager: Instant App installer not found with android.intent.action.INSTALL_INSTANT_APP_PACKAGE
03-04 11:40:30.310   594  1686 D PackageManager: Clear ephemeral installer activity
03-04 11:40:30.312   594  1959 D PackageManager: Instant App installer not found with android.intent.action.INSTALL_INSTANT_APP_PACKAGE
03-04 11:40:30.313   594  1959 D PackageManager: Clear ephemeral installer activity
03-04 11:40:30.321  1515  3300 I Backup  : [TargetEnabler] Enabling D2dMigrateHelperService on non-Pixel on P+
03-04 11:40:30.324   594  1397 D PackageManager: Instant App installer not found with android.intent.action.INSTALL_INSTANT_APP_PACKAGE
03-04 11:40:30.324   594  1397 D PackageManager: Clear ephemeral installer activity
03-04 11:40:30.338  1515  3300 I Backup  : [SourceEnabler] Setting source components to enabled = true
03-04 11:40:30.339   594   749 D PackageManager: Instant App installer not found with android.intent.action.INSTALL_INSTANT_APP_PACKAGE
03-04 11:40:30.339   594   749 D PackageManager: Clear ephemeral installer activity
03-04 11:40:30.341   594   749 D PackageManager: Instant App installer not found with android.intent.action.INSTALL_INSTANT_APP_PACKAGE
03-04 11:40:30.341   594   749 D PackageManager: Clear ephemeral installer activity
03-04 11:40:30.364  1515  3300 V Backup  : [MigrateUtil] Using O+ select transport api
03-04 11:40:30.365   594  2669 D PackageManager: Instant App installer not found with android.intent.action.INSTALL_INSTANT_APP_PACKAGE
03-04 11:40:30.366   594  2669 D PackageManager: Clear ephemeral installer activity
03-04 11:40:30.368   594   749 D PackageManager: Instant App installer not found with android.intent.action.INSTALL_INSTANT_APP_PACKAGE
03-04 11:40:30.368   594   749 D PackageManager: Clear ephemeral installer activity
03-04 11:40:30.368   594  1397 D PackageManager: Instant App installer not found with android.intent.action.INSTALL_INSTANT_APP_PACKAGE
03-04 11:40:30.368   594  1397 D PackageManager: Clear ephemeral installer activity
03-04 11:40:30.372   594   749 D PackageManager: Instant App installer not found with android.intent.action.INSTALL_INSTANT_APP_PACKAGE
03-04 11:40:30.372   594   749 D PackageManager: Clear ephemeral installer activity
03-04 11:40:30.373   820   820 D InterruptionStateProvider: No bubble up: not allowed to bubble: 0|android|13|PreBootBroadcaster|1000
03-04 11:40:30.373   820   820 D InterruptionStateProvider: No heads up: unimportant notification: 0|android|13|PreBootBroadcaster|1000
03-04 11:40:30.377   594  2669 D PackageManager: Instant App installer not found with android.intent.action.INSTALL_INSTANT_APP_PACKAGE
03-04 11:40:30.377   594  2669 D PackageManager: Clear ephemeral installer activity
03-04 11:40:30.380   594  1397 D PackageManager: Instant App installer not found with android.intent.action.INSTALL_INSTANT_APP_PACKAGE
03-04 11:40:30.380   594  1397 D PackageManager: Clear ephemeral installer activity
03-04 11:40:30.384   594  2669 D PackageManager: Instant App installer not found with android.intent.action.INSTALL_INSTANT_APP_PACKAGE
03-04 11:40:30.384   594  2669 D PackageManager: Clear ephemeral installer activity
03-04 11:40:30.389   594  2669 D PackageManager: Instant App installer not found with android.intent.action.INSTALL_INSTANT_APP_PACKAGE
03-04 11:40:30.389   594  2669 D PackageManager: Clear ephemeral installer activity
03-04 11:40:30.391   594  2669 D PackageManager: Instant App installer not found with android.intent.action.INSTALL_INSTANT_APP_PACKAGE
03-04 11:40:30.392   594  2669 D PackageManager: Clear ephemeral installer activity
03-04 11:40:30.393  1620  3255 W IsoInterface: Missing 'ftyp' header
03-04 11:40:30.393   594  1397 D PackageManager: Instant App installer not found with android.intent.action.INSTALL_INSTANT_APP_PACKAGE
03-04 11:40:30.393   594  1397 D PackageManager: Clear ephemeral installer activity
03-04 11:40:30.393  1620  3255 D SQLiteQueryBuilder: SELECT _id, date_modified, _size, mime_type, media_type, is_pending FROM files WHERE ((volume_name IN ( 'internal' ))) AND ((_data=?)) with args [/product/media/audio/notifications/DearDeer.ogg]
03-04 11:40:30.394  1620  3255 I CursorWindowStats: Created a new Cursor. # Open Cursors=1 (# cursors opened by this proc=1)
03-04 11:40:30.394  1620  3255 D SQLiteCursor: received count(*) from native_fill_window: 0
03-04 11:40:30.394   594  1397 D PackageManager: Instant App installer not found with android.intent.action.INSTALL_INSTANT_APP_PACKAGE
03-04 11:40:30.394   594  1397 D PackageManager: Clear ephemeral installer activity
03-04 11:40:30.397  1515  3300 W Backup  : [ComponentEnablerUtil] Unable to set component 'com.google.android.gms.backup.component.D2dMigrateFlowActivity' to enabled=false
03-04 11:40:30.410  1271  3537 E ProximityAuth: [GetMyPublicKey] Failed to fetch public key.
03-04 11:40:30.428  1515  3300 V Backup  : [GmsBackupScheduler] Disabled, not scheduling.
03-04 11:40:30.451  1515  3300 V Backup  : [GmsBackupSchedulerLog] Logging to Clearcut eventCode: 30, event: # mjg@b4a69d9d
03-04 11:40:30.464  1271  3658 W GLSUser : [AppCertManager] Failed to get security token.
03-04 11:40:30.464  1271  3658 W GLSUser : java.io.IOException: INVALID_SENDER
03-04 11:40:30.464  1271  3658 W GLSUser : 	at adac.b(:com.google.android.gms@201817022@20.18.17 (040700-311416286):23)
03-04 11:40:30.464  1271  3658 W GLSUser : 	at adac.a(:com.google.android.gms@201817022@20.18.17 (040700-311416286):18)
03-04 11:40:30.464  1271  3658 W GLSUser : 	at adac.a(:com.google.android.gms@201817022@20.18.17 (040700-311416286):11)
03-04 11:40:30.464  1271  3658 W GLSUser : 	at huk.a(:com.google.android.gms@201817022@20.18.17 (040700-311416286):16)
03-04 11:40:30.464  1271  3658 W GLSUser : 	at hui.a(:com.google.android.gms@201817022@20.18.17 (040700-311416286):5)
03-04 11:40:30.464  1271  3658 W GLSUser : 	at hui.a(:com.google.android.gms@201817022@20.18.17 (040700-311416286):42)
03-04 11:40:30.464  1271  3658 W GLSUser : 	at cox.onTransact(:com.google.android.gms@201817022@20.18.17 (040700-311416286):5)
03-04 11:40:30.464  1271  3658 W GLSUser : 	at android.os.Binder.transact(Binder.java:1043)
03-04 11:40:30.464  1271  3658 W GLSUser : 	at csu.onTransact(:com.google.android.gms@201817022@20.18.17 (040700-311416286):2)
03-04 11:40:30.464  1271  3658 W GLSUser : 	at android.os.Binder.transact(Binder.java:1043)
03-04 11:40:30.464  1271  3658 W GLSUser : 	at zww.onTransact(:com.google.android.gms@201817022@20.18.17 (040700-311416286):16)
03-04 11:40:30.464  1271  3658 W GLSUser : 	at android.os.Binder.execTransactInternal(Binder.java:1159)
03-04 11:40:30.464  1271  3658 W GLSUser : 	at android.os.Binder.execTransact(Binder.java:1123)
03-04 11:40:30.465  1271  1698 I BeaconBle: Stopping scan on delegate scanner. BT state: 12 [CONTEXT service_id=111 ]
03-04 11:40:30.465  1271  1698 D BluetoothAdapter: isLeEnabled(): ON
03-04 11:40:30.471   451   451 I keystore: del USRPKEY_unstable.c7202ece89390c490b1b94d5b71225e1.-2118274041264569972 10106
03-04 11:40:30.471   451   451 I keystore: del USRSKEY_unstable.c7202ece89390c490b1b94d5b71225e1.-2118274041264569972 10106
03-04 11:40:30.472   451   451 I keystore: del USRCERT_unstable.c7202ece89390c490b1b94d5b71225e1.-2118274041264569972 10106
03-04 11:40:30.472   451   451 I keystore: del CACERT_unstable.c7202ece89390c490b1b94d5b71225e1.-2118274041264569972 10106
03-04 11:40:30.508   451  3320 D DropBoxManager: About to call service->add()
03-04 11:40:30.510   594  2669 I DropBoxManagerService: add tag=keymaster isTagEnabled=true flags=0x0
03-04 11:40:30.515   451  3320 D DropBoxManager: service->add returned No error
03-04 11:40:30.526  1271  3537 E bqkh    : RuntimeException while executing runnable bqkt{jax@e947704} with executor MoreExecutors.directExecutor()
03-04 11:40:30.526  1271  3537 E bqkh    : java.lang.NullPointerException: Attempt to get length of null array
03-04 11:40:30.526  1271  3537 E bqkh    : 	at android.util.Base64.encode(Base64.java:496)
03-04 11:40:30.526  1271  3537 E bqkh    : 	at android.util.Base64.encodeToString(Base64.java:458)
03-04 11:40:30.526  1271  3537 E bqkh    : 	at com.google.android.gms.auth.proximity.RemoteDevice.a(:com.google.android.gms@201817022@20.18.17 (040700-311416286):1)
03-04 11:40:30.526  1271  3537 E bqkh    : 	at jax.a(:com.google.android.gms@201817022@20.18.17 (040700-311416286):2)
03-04 11:40:30.526  1271  3537 E bqkh    : 	at bqkt.run(:com.google.android.gms@201817022@20.18.17 (040700-311416286):6)
03-04 11:40:30.526  1271  3537 E bqkh    : 	at bqke.execute(:com.google.android.gms@201817022@20.18.17 (040700-311416286):0)
03-04 11:40:30.526  1271  3537 E bqkh    : 	at bqkh.b(:com.google.android.gms@201817022@20.18.17 (040700-311416286):1)
03-04 11:40:30.526  1271  3537 E bqkh    : 	at bqkh.a(:com.google.android.gms@201817022@20.18.17 (040700-311416286):3)
03-04 11:40:30.526  1271  3537 E bqkh    : 	at sjn.done(:com.google.android.gms@201817022@20.18.17 (040700-311416286):0)
03-04 11:40:30.526  1271  3537 E bqkh    : 	at java.util.concurrent.FutureTask.finishCompletion(FutureTask.java:383)
03-04 11:40:30.526  1271  3537 E bqkh    : 	at java.util.concurrent.FutureTask.set(FutureTask.java:234)
03-04 11:40:30.526  1271  3537 E bqkh    : 	at java.util.concurrent.FutureTask.run(FutureTask.java:274)
03-04 11:40:30.526  1271  3537 E bqkh    : 	at sji.b(:com.google.android.gms@201817022@20.18.17 (040700-311416286):12)
03-04 11:40:30.526  1271  3537 E bqkh    : 	at sji.run(:com.google.android.gms@201817022@20.18.17 (040700-311416286):7)
03-04 11:40:30.526  1271  3537 E bqkh    : 	at java.util.concurrent.ThreadPoolExecutor.runWorker(ThreadPoolExecutor.java:1167)
03-04 11:40:30.526  1271  3537 E bqkh    : 	at java.util.concurrent.ThreadPoolExecutor$Worker.run(ThreadPoolExecutor.java:641)
03-04 11:40:30.526  1271  3537 E bqkh    : 	at spj.run(:com.google.android.gms@201817022@20.18.17 (040700-311416286):0)
03-04 11:40:30.526  1271  3537 E bqkh    : 	at java.lang.Thread.run(Thread.java:923)
03-04 11:40:30.498     0     0 D logd    : logdr: UID=2000 GID=2000 PID=3779 b tail=0 logMask=99 pid=0 start=0ns timeout=0ns
03-04 11:40:30.542   594   914 W BroadcastQueue: Background execution not allowed: receiving Intent { act=android.intent.action.DROPBOX_ENTRY_ADDED flg=0x10 (has extras) } to com.google.android.gms/.stats.service.DropBoxEntryAddedReceiver
03-04 11:40:30.542   594   639 W BroadcastQueue: Background execution not allowed: receiving Intent { act=android.intent.action.DROPBOX_ENTRY_ADDED flg=0x10 (has extras) } to com.google.android.gms/.chimera.GmsIntentOperationService$PersistentTrustedReceiver
03-04 11:40:30.545  1515  3300 V Backup  : [MmsBackupScheduler] Scheduled task to run in 1440 minutes, while idle: true, require charging: true, require wifi: true
03-04 11:40:30.552   594  1686 D PackageManager: Instant App installer not found with android.intent.action.INSTALL_INSTANT_APP_PACKAGE
03-04 11:40:30.552   594  1686 D PackageManager: Clear ephemeral installer activity
03-04 11:40:30.567   594  1686 D PackageManager: Instant App installer not found with android.intent.action.INSTALL_INSTANT_APP_PACKAGE
03-04 11:40:30.569   594  1686 D PackageManager: Clear ephemeral installer activity
03-04 11:40:30.571  1620  1696 V FuseDaemon: pf_access : node = [node_path: /storage/emulated/3937218416 real_path: /storage/emulated/0] 
03-04 11:40:30.573  1620  3269 V FuseDaemon: pf_opendir : node = [node_path: /storage/emulated/3937218416 real_path: /storage/emulated/0] 
03-04 11:40:30.574  1620  1695 V FuseDaemon: do_readdir_common : node = [node_path: /storage/emulated/3937218416 real_path: /storage/emulated/0] 
03-04 11:40:30.576  1620  3255 W IsoInterface: Missing 'ftyp' header
03-04 11:40:30.577  1271  1698 I BeaconBle: Resetting - new scanner available: true [CONTEXT service_id=111 ]
03-04 11:40:30.578  1620  1695 D SQLiteQueryBuilder: SELECT _data FROM files WHERE ((owner_package_name IN ( 'com.google.android.gms' , 'com.google.android.gsf' ) OR media_type=2 OR media_type=4 OR media_type=5 OR owner_package_name IN ( 'com.google.android.gms' , 'com.google.android.gsf' ) AND media_type=0 AND mime_type LIKE 'audio/%' OR media_type=3 OR media_type=5 OR owner_package_name IN ( 'com.google.android.gms' , 'com.google.android.gsf' ) AND media_type=0 AND mime_type LIKE 'video/%' OR media_type=1 OR owner_package_name IN ( 'com.google.android.gms' , 'com.google.android.gsf' ) AND media_type=0 AND mime_type LIKE 'image/%') AND (is_pending=0 OR (is_pending=1 AND owner_package_name IN ( 'com.google.android.gms' , 'com.google.android.gsf' ) OR lower(_data) NOT REGEXP '.*/\.pending-(\d+)-([^/]+)$')) AND (is_trashed=0 OR (is_trashed=1 AND owner_package_name IN ( 'com.google.android.gms' , 'com.google.android.gsf' ))) AND (volume_name IN ( 'external_primary' ))) AND ((relative_path =? and mime_type not like 'null')) with args [/]
03-04 11:40:30.579  1620  3255 D SQLiteQueryBuilder: SELECT _id, date_modified, _size, mime_type, media_type, is_pending FROM files WHERE ((volume_name IN ( 'internal' ))) AND ((_data=?)) with args [/product/media/audio/notifications/Thallium.ogg]
03-04 11:40:30.580  1620  3255 I CursorWindowStats: Created a new Cursor. # Open Cursors=1 (# cursors opened by this proc=1)
03-04 11:40:30.580  1271  1698 I BeaconBle: ZERO_POWER is disabled. [CONTEXT service_id=111 ]
03-04 11:40:30.581  1620  3255 D SQLiteCursor: received count(*) from native_fill_window: 0
03-04 11:40:30.581  1271  1698 I BeaconBle: 'L' hardware scan: scan stopped, no powered clients [CONTEXT service_id=111 ]
03-04 11:40:30.583  1620  1695 I CursorWindowStats: Created a new Cursor. # Open Cursors=1 (# cursors opened by this proc=1)
03-04 11:40:30.583  1620  1695 D SQLiteCursor: received count(*) from native_fill_window: 0
03-04 11:40:30.584  1620  1695 V FuseDaemon: do_lookup : parent_node = [node_path: /storage/emulated/3937218416 real_path: /storage/emulated/0] 
03-04 11:40:30.584  1620  1695 V FuseDaemon: make_node_entry : node = [node_path: /storage/emulated/3937218416/3937221296 real_path: /storage/emulated/0/Android] 
03-04 11:40:30.584  1271  3658 I Auth    : [ReflectiveChannelBinder] Successfully bound channel!
03-04 11:40:30.586  1620  1696 V FuseDaemon: do_readdir_common : node = [node_path: /storage/emulated/3937218416 real_path: /storage/emulated/0] 
03-04 11:40:30.586  1620  3269 V FuseDaemon: pf_releasedir : node = [node_path: /storage/emulated/3937218416 real_path: /storage/emulated/0] 
03-04 11:40:30.586  1620  1695 V FuseDaemon: pf_access : node = [node_path: /storage/emulated/3937218416/3937221296 real_path: /storage/emulated/0/Android] 
03-04 11:40:30.587  1620  1696 V FuseDaemon: pf_opendir : node = [node_path: /storage/emulated/3937218416/3937221296 real_path: /storage/emulated/0/Android] 
03-04 11:40:30.589  1620  3269 V FuseDaemon: do_readdir_common : node = [node_path: /storage/emulated/3937218416/3937221296 real_path: /storage/emulated/0/Android] 
03-04 11:40:30.597  1515  3300 V Backup  : [MmsBackupSchedulerLog] Logging is disabled.
03-04 11:40:30.598  1620  3269 D SQLiteQueryBuilder: SELECT _data FROM files WHERE ((owner_package_name IN ( 'com.google.android.gms' , 'com.google.android.gsf' ) OR media_type=2 OR media_type=4 OR media_type=5 OR owner_package_name IN ( 'com.google.android.gms' , 'com.google.android.gsf' ) AND media_type=0 AND mime_type LIKE 'audio/%' OR media_type=3 OR media_type=5 OR owner_package_name IN ( 'com.google.android.gms' , 'com.google.android.gsf' ) AND media_type=0 AND mime_type LIKE 'video/%' OR media_type=1 OR owner_package_name IN ( 'com.google.android.gms' , 'com.google.android.gsf' ) AND media_type=0 AND mime_type LIKE 'image/%') AND (is_pending=0 OR (is_pending=1 AND owner_package_name IN ( 'com.google.android.gms' , 'com.google.android.gsf' ) OR lower(_data) NOT REGEXP '.*/\.pending-(\d+)-([^/]+)$')) AND (is_trashed=0 OR (is_trashed=1 AND owner_package_name IN ( 'com.google.android.gms' , 'com.google.android.gsf' ))) AND (volume_name IN ( 'external_primary' ))) AND ((relative_path =? and mime_type not like 'null')) with args [Android/]
03-04 11:40:30.600   594  1397 D PackageManager: Instant App installer not found with android.intent.action.INSTALL_INSTANT_APP_PACKAGE
03-04 11:40:30.600   594  1397 D PackageManager: Clear ephemeral installer activity
03-04 11:40:30.600  1620  3269 I CursorWindowStats: Created a new Cursor. # Open Cursors=1 (# cursors opened by this proc=1)
03-04 11:40:30.602   594  1686 D PackageManager: Instant App installer not found with android.intent.action.INSTALL_INSTANT_APP_PACKAGE
03-04 11:40:30.602   594  1686 D PackageManager: Clear ephemeral installer activity
03-04 11:40:30.604   594  1397 D PackageManager: Instant App installer not found with android.intent.action.INSTALL_INSTANT_APP_PACKAGE
03-04 11:40:30.604   594  1397 D PackageManager: Clear ephemeral installer activity
03-04 11:40:30.604  1620  3269 D SQLiteCursor: received count(*) from native_fill_window: 0
03-04 11:40:30.605   594  1686 D PackageManager: Instant App installer not found with android.intent.action.INSTALL_INSTANT_APP_PACKAGE
03-04 11:40:30.605   594  1686 D PackageManager: Clear ephemeral installer activity
03-04 11:40:30.606  1620  3269 V FuseDaemon: do_lookup : parent_node = [node_path: /storage/emulated/3937218416/3937221296 real_path: /storage/emulated/0/Android] 
03-04 11:40:30.606  1620  3269 V FuseDaemon: make_node_entry : node = [node_path: /storage/emulated/3937218416/3937221296/3937197200 real_path: /storage/emulated/0/Android/data] 
03-04 11:40:30.606  1620  3269 V FuseDaemon: do_lookup : parent_node = [node_path: /storage/emulated/3937218416/3937221296 real_path: /storage/emulated/0/Android] 
03-04 11:40:30.606  1620  3269 V FuseDaemon: make_node_entry : node = [node_path: /storage/emulated/3937218416/3937221296/3937223600 real_path: /storage/emulated/0/Android/obb] 
03-04 11:40:30.606  1620  3269 V FuseDaemon: do_lookup : parent_node = [node_path: /storage/emulated/3937218416/3937221296 real_path: /storage/emulated/0/Android] 
03-04 11:40:30.606  1620  3269 V FuseDaemon: make_node_entry : node = [node_path: /storage/emulated/3937218416/3937221296/3937293584 real_path: /storage/emulated/0/Android/media] 
03-04 11:40:30.607  1620  1695 V FuseDaemon: do_readdir_common : node = [node_path: /storage/emulated/3937218416/3937221296 real_path: /storage/emulated/0/Android] 
03-04 11:40:30.610  1515  3369 V SmartDevice: [service,SmartDeviceIntentHandlers] OnUpgradeOrBootOperation got intent: Intent { act=com.google.android.chimera.IntentOperation.NEW_MODULE (has extras) } with flag 12
03-04 11:40:30.613  1620  3783 E FuseDaemon: Failed to invalidate dentry media
03-04 11:40:30.613  1620  3269 V FuseDaemon: pf_releasedir : node = [node_path: /storage/emulated/3937218416/3937221296 real_path: /storage/emulated/0/Android] 
03-04 11:40:30.613  1620  3269 V FuseDaemon: do_forget : node = [node_path: /storage/emulated/3937218416/3937221296/3937293584 real_path: /storage/emulated/0/Android/media] 
03-04 11:40:30.613  1620  3269 D FuseDaemon: Node: 3937293584 deleted.
03-04 11:40:30.620   594  1397 D PackageManager: Instant App installer not found with android.intent.action.INSTALL_INSTANT_APP_PACKAGE
03-04 11:40:30.620   594  1397 D PackageManager: Clear ephemeral installer activity
03-04 11:40:30.631  1515  3300 I ChimeraCfgMgr: Received com.google.android.chimera.IntentOperation.NEW_MODULE(2/0): 2,true
03-04 11:40:30.654  3154  3727 W SystemServiceRegistry: No service published for: persistent_data_block
03-04 11:40:30.695  1271  3658 W Conscrypt: Could not set socket write timeout: java.net.SocketException: Socket closed
03-04 11:40:30.695  1271  3658 W Conscrypt: 	at com.google.android.gms.org.conscrypt.Platform.setSocketWriteTimeout(:com.google.android.gms@201817022@20.18.17 (040700-311416286):2)
03-04 11:40:30.695  1271  3658 W Conscrypt: 	at com.google.android.gms.org.conscrypt.ConscryptFileDescriptorSocket.setSoWriteTimeout(:com.google.android.gms@201817022@20.18.17 (040700-311416286):0)
03-04 11:40:30.705   594  1397 W BroadcastQueue: Background execution not allowed: receiving Intent { act=android.net.conn.NETWORK_CONDITIONS_MEASURED flg=0x10 (has extras) } to com.google.android.gms/.chimera.GmsIntentOperationService$PersistentTrustedReceiver
03-04 11:40:30.722   804   804 V AvrcpMediaPlayerList: mPackageChangedBroadcastReceiver: action: android.intent.action.PACKAGE_CHANGED
03-04 11:40:30.722   804   804 D AvrcpMediaPlayerList: Name of package changed: com.google.android.googlequicksearchbox
03-04 11:40:30.724  1859  1859 W n       : Received update for unknown package com.google.android.googlequicksearchbox
03-04 11:40:30.730  1271  3658 W Conscrypt: Could not set socket write timeout: java.net.SocketException: Socket closed
03-04 11:40:30.730  1271  3658 W Conscrypt: 	at com.google.android.gms.org.conscrypt.Platform.setSocketWriteTimeout(:com.google.android.gms@201817022@20.18.17 (040700-311416286):2)
03-04 11:40:30.730  1271  3658 W Conscrypt: 	at com.google.android.gms.org.conscrypt.ConscryptFileDescriptorSocket.setSoWriteTimeout(:com.google.android.gms@201817022@20.18.17 (040700-311416286):0)
03-04 11:40:30.731  1620  3255 W IsoInterface: Missing 'ftyp' header
03-04 11:40:30.731  1620  3255 D SQLiteQueryBuilder: SELECT _id, date_modified, _size, mime_type, media_type, is_pending FROM files WHERE ((volume_name IN ( 'internal' ))) AND ((_data=?)) with args [/product/media/audio/notifications/SpaceSeed.ogg]
03-04 11:40:30.732  1620  3255 I CursorWindowStats: Created a new Cursor. # Open Cursors=1 (# cursors opened by this proc=1)
03-04 11:40:30.732  1620  3255 D SQLiteCursor: received count(*) from native_fill_window: 0
03-04 11:40:30.733   594   690 I InputReader: Reconfiguring input devices, changes=KEYBOARD_LAYOUTS | 
03-04 11:40:30.766   594   630 I RoleManagerService: Granting default roles...
03-04 11:40:30.770  1271  3076 I NearbyDiscovery: Show notifications: 0 total, no changes since last shown, no-op. [CONTEXT service_id=49 ]
03-04 11:40:30.808   804   804 V AvrcpMediaPlayerList: mPackageChangedBroadcastReceiver: action: android.intent.action.PACKAGE_CHANGED
03-04 11:40:30.808   804   804 D AvrcpMediaPlayerList: Name of package changed: com.google.android.gms
03-04 11:40:30.814  3154  3178 D EGL_emulation: eglCreateContext: 0xea8e0bc0: maj 3 min 0 rcv 3
03-04 11:40:30.821   594   690 I InputReader: Reconfiguring input devices, changes=KEYBOARD_LAYOUTS | 
03-04 11:40:30.874  1146  1146 D CarrierSvcBindHelper: No carrier app for: 0
03-04 11:40:30.889  1271  3658 W GLSUser : [AppCertManager] IOException while requesting key: 
03-04 11:40:30.889  1271  3658 W GLSUser : java.io.IOException: Invalid device key response.
03-04 11:40:30.889  1271  3658 W GLSUser : 	at huk.a(:com.google.android.gms@201817022@20.18.17 (040700-311416286):46)
03-04 11:40:30.889  1271  3658 W GLSUser : 	at hui.a(:com.google.android.gms@201817022@20.18.17 (040700-311416286):5)
03-04 11:40:30.889  1271  3658 W GLSUser : 	at hui.a(:com.google.android.gms@201817022@20.18.17 (040700-311416286):42)
03-04 11:40:30.889  1271  3658 W GLSUser : 	at cox.onTransact(:com.google.android.gms@201817022@20.18.17 (040700-311416286):5)
03-04 11:40:30.889  1271  3658 W GLSUser : 	at android.os.Binder.transact(Binder.java:1043)
03-04 11:40:30.889  1271  3658 W GLSUser : 	at csu.onTransact(:com.google.android.gms@201817022@20.18.17 (040700-311416286):2)
03-04 11:40:30.889  1271  3658 W GLSUser : 	at android.os.Binder.transact(Binder.java:1043)
03-04 11:40:30.889  1271  3658 W GLSUser : 	at zww.onTransact(:com.google.android.gms@201817022@20.18.17 (040700-311416286):16)
03-04 11:40:30.889  1271  3658 W GLSUser : 	at android.os.Binder.execTransactInternal(Binder.java:1159)
03-04 11:40:30.889  1271  3658 W GLSUser : 	at android.os.Binder.execTransact(Binder.java:1123)
03-04 11:40:30.889  1271  3658 W GLSUser : [DeviceKeyStore] Cannot load key: Device key file not found.
03-04 11:40:30.897   594   594 W Looper  : Slow dispatch took 156ms main h=android.app.ActivityThread$H c=android.app.-$$Lambda$LoadedApk$ReceiverDispatcher$Args$_BumDX2UKsnxLVrE6UJsJZkotuA@a37e3a5 m=0
03-04 11:40:30.898   594  1686 W system_server: Long monitor contention with owner main (594) at void com.android.server.job.controllers.TimeController.checkExpiredDeadlinesAndResetAlarm()(TimeController.java:271) waiters=0 in int com.android.server.job.JobSchedulerService.scheduleAsPackage(android.app.job.JobInfo, android.app.job.JobWorkItem, int, java.lang.String, int, java.lang.String) for 135ms
03-04 11:40:30.902  3154  3178 D EGL_emulation: eglCreateContext: 0xea8e0bc0: maj 3 min 0 rcv 3
03-04 11:40:30.908  2578  2668 I Bugle   : BuglePhenotypeBroadcastReceiver: onReceive for bugle package: com.google.android.apps.messaging
03-04 11:40:30.913  1271  2202 W .gms.persisten: Long monitor contention with owner Binder:1271_F (3658) at boolean huk.a()(:com.google.android.gms@201817022@20.18.17 (040700-311416286):50) waiters=0 in boolean huk.a() for 934ms
03-04 11:40:30.922   594   594 I Telecom : DefaultDialerCache: Refreshing default dialer for user 0: now com.google.android.dialer: DDC.oR@AJs
