03-04 11:40:26.971   594  1397 D PackageManager: Instant App installer not found with android.intent.action.INSTALL_INSTANT_APP_PACKAGE
03-04 11:40:26.971   594  1397 D PackageManager: Clear ephemeral installer activity
03-04 11:40:26.973   594  1661 D PackageManager: Instant App installer not found with android.intent.action.INSTALL_INSTANT_APP_PACKAGE
03-04 11:40:26.973   594  1661 D PackageManager: Clear ephemeral installer activity
03-04 11:40:26.976   594  1661 D PackageManager: Instant App installer not found with android.intent.action.INSTALL_INSTANT_APP_PACKAGE
03-04 11:40:26.977   594  1661 D PackageManager: Clear ephemeral installer activity
03-04 11:40:26.977   594  1661 D PackageManager: Instant App installer not found with android.intent.action.INSTALL_INSTANT_APP_PACKAGE
03-04 11:40:26.977   594  1661 D PackageManager: Clear ephemeral installer activity
03-04 11:40:26.983  1271  1287 I .gms.persisten: Background young concurrent copying GC freed 68253(3305KB) AllocSpace objects, 13(300KB) LOS objects, 17% free, 14MB/17MB, paused 35us total 101.991ms
03-04 11:40:27.040  1620  3255 W IsoInterface: Missing 'ftyp' header
03-04 11:40:27.041  1620  3255 D SQLiteQueryBuilder: SELECT _id, date_modified, _size, mime_type, media_type, is_pending FROM files WHERE ((volume_name IN ( 'internal' ))) AND ((_data=?)) with args [/product/media/audio/notifications/Beryllium.ogg]
03-04 11:40:27.041  1620  3255 I CursorWindowStats: Created a new Cursor. # Open Cursors=1 (# cursors opened by this proc=1)
03-04 11:40:27.041  1620  3255 D SQLiteCursor: received count(*) from native_fill_window: 0
03-04 11:40:27.047   594   749 D PackageManager: Instant App installer not found with android.intent.action.INSTALL_INSTANT_APP_PACKAGE
03-04 11:40:27.047   594   749 D PackageManager: Clear ephemeral installer activity
03-04 11:40:27.105  1620  3255 W IsoInterface: Missing 'ftyp' header
03-04 11:40:27.106  1620  3255 D SQLiteQueryBuilder: SELECT _id, date_modified, _size, mime_type, media_type, is_pending FROM files WHERE ((volume_name IN ( 'internal' ))) AND ((_data=?)) with args [/product/media/audio/notifications/Alya.ogg]
03-04 11:40:27.106  1620  3255 I CursorWindowStats: Created a new Cursor. # Open Cursors=1 (# cursors opened by this proc=1)
03-04 11:40:27.106  1620  3255 D SQLiteCursor: received count(*) from native_fill_window: 0
03-04 11:40:27.119  1271  2348 E angh    : Phenotype API error. Event # caox@cdcf951, EventCode: 5 [CONTEXT service_id=51 ]
03-04 11:40:27.119  1271  2348 E angh    : anfl: 29500: Empty (package not registered?) or malformed snapshot token: 
03-04 11:40:27.119  1271  2348 E angh    : 	at angk.a(:com.google.android.gms@201817022@20.18.17 (040700-311416286):8)
03-04 11:40:27.119  1271  2348 E angh    : 	at angj.b(:com.google.android.gms@201817022@20.18.17 (040700-311416286):2)
03-04 11:40:27.119  1271  2348 E angh    : 	at angh.a(:com.google.android.gms@201817022@20.18.17 (040700-311416286):90)
03-04 11:40:27.119  1271  2348 E angh    : 	at angh.a(:com.google.android.gms@201817022@20.18.17 (040700-311416286):77)
03-04 11:40:27.119  1271  2348 E angh    : 	at zus.run(:com.google.android.gms@201817022@20.18.17 (040700-311416286):10)
03-04 11:40:27.119  1271  2348 E angh    : 	at blot.run(:com.google.android.gms@201817022@20.18.17 (040700-311416286):2)
03-04 11:40:27.119  1271  2348 E angh    : 	at sji.b(:com.google.android.gms@201817022@20.18.17 (040700-311416286):12)
03-04 11:40:27.119  1271  2348 E angh    : 	at sji.run(:com.google.android.gms@201817022@20.18.17 (040700-311416286):8)
03-04 11:40:27.119  1271  2348 E angh    : 	at java.util.concurrent.ThreadPoolExecutor.runWorker(ThreadPoolExecutor.java:1167)
03-04 11:40:27.119  1271  2348 E angh    : 	at java.util.concurrent.ThreadPoolExecutor$Worker.run(ThreadPoolExecutor.java:641)
03-04 11:40:27.119  1271  2348 E angh    : 	at spj.run(:com.google.android.gms@201817022@20.18.17 (040700-311416286):0)
03-04 11:40:27.119  1271  2348 E angh    : 	at java.lang.Thread.run(Thread.java:923)
03-04 11:40:27.119  1271  2348 E AsyncOperation: serviceID=51, operation=CommitToConfigurationOperationCall
03-04 11:40:27.119  1271  2348 E AsyncOperation: OperationException[Status{statusCode=Empty (package not registered?) or malformed snapshot token: , resolution=null}]
03-04 11:40:27.119  1271  2348 E AsyncOperation: 	at angh.a(:com.google.android.gms@201817022@20.18.17 (040700-311416286):92)
03-04 11:40:27.119  1271  2348 E AsyncOperation: 	at angh.a(:com.google.android.gms@201817022@20.18.17 (040700-311416286):77)
03-04 11:40:27.119  1271  2348 E AsyncOperation: 	at zus.run(:com.google.android.gms@201817022@20.18.17 (040700-311416286):10)
03-04 11:40:27.119  1271  2348 E AsyncOperation: 	at blot.run(:com.google.android.gms@201817022@20.18.17 (040700-311416286):2)
03-04 11:40:27.119  1271  2348 E AsyncOperation: 	at sji.b(:com.google.android.gms@201817022@20.18.17 (040700-311416286):12)
03-04 11:40:27.119  1271  2348 E AsyncOperation: 	at sji.run(:com.google.android.gms@201817022@20.18.17 (040700-311416286):8)
03-04 11:40:27.119  1271  2348 E AsyncOperation: 	at java.util.concurrent.ThreadPoolExecutor.runWorker(ThreadPoolExecutor.java:1167)
03-04 11:40:27.119  1271  2348 E AsyncOperation: 	at java.util.concurrent.ThreadPoolExecutor$Worker.run(ThreadPoolExecutor.java:641)
03-04 11:40:27.119  1271  2348 E AsyncOperation: 	at spj.run(:com.google.android.gms@201817022@20.18.17 (040700-311416286):0)
03-04 11:40:27.119  1271  2348 E AsyncOperation: 	at java.lang.Thread.run(Thread.java:923)
03-04 11:40:27.121  1859  2064 E MendelPackageState: Failed to commit to config
03-04 11:40:27.121  1859  2064 E MendelPackageState: com.google.android.libraries.phenotype.client.a.e: 29500: 29500: Empty (package not registered?) or malformed snapshot token: 
03-04 11:40:27.121  1859  2064 E MendelPackageState: 	at com.google.android.libraries.phenotype.client.a.g.a(Unknown Source:1)
03-04 11:40:27.121  1859  2064 E MendelPackageState: 	at com.google.common.v.a.a.a(SourceFile:3)
03-04 11:40:27.121  1859  2064 E MendelPackageState: 	at com.google.common.v.a.c.run(SourceFile:21)
03-04 11:40:27.121  1859  2064 E MendelPackageState: 	at com.google.common.v.a.aw.execute(SourceFile:3)
03-04 11:40:27.121  1859  2064 E MendelPackageState: 	at com.google.common.v.a.d.b(SourceFile:77)
03-04 11:40:27.121  1859  2064 E MendelPackageState: 	at com.google.common.v.a.d.a(SourceFile:76)
03-04 11:40:27.121  1859  2064 E MendelPackageState: 	at com.google.common.v.a.d.b(SourceFile:175)
03-04 11:40:27.121  1859  2064 E MendelPackageState: 	at com.google.android.libraries.n.a.a(Unknown Source:6)
03-04 11:40:27.121  1859  2064 E MendelPackageState: 	at com.google.android.gms.n.n.run(SourceFile:2)
03-04 11:40:27.121  1859  2064 E MendelPackageState: 	at com.google.common.v.a.aw.execute(SourceFile:3)
03-04 11:40:27.121  1859  2064 E MendelPackageState: 	at com.google.android.gms.n.o.a(SourceFile:4)
03-04 11:40:27.121  1859  2064 E MendelPackageState: 	at com.google.android.gms.n.ad.a(SourceFile:10)
03-04 11:40:27.121  1859  2064 E MendelPackageState: 	at com.google.android.gms.n.aj.a(SourceFile:60)
03-04 11:40:27.121  1859  2064 E MendelPackageState: 	at com.google.android.gms.common.api.internal.df.a(SourceFile:3)
03-04 11:40:27.121  1859  2064 E MendelPackageState: 	at com.google.android.gms.phenotype.r.e(SourceFile:2)
03-04 11:40:27.121  1859  2064 E MendelPackageState: 	at com.google.android.gms.phenotype.a.a.dispatchTransaction(SourceFile:32)
03-04 11:40:27.121  1859  2064 E MendelPackageState: 	at com.google.android.a.b.onTransact(SourceFile:7)
03-04 11:40:27.121  1859  2064 E MendelPackageState: 	at android.os.Binder.execTransactInternal(Binder.java:1159)
03-04 11:40:27.121  1859  2064 E MendelPackageState: 	at android.os.Binder.execTransact(Binder.java:1123)
03-04 11:40:27.121  1859  2064 E MendelPackageState: Caused by: com.google.android.gms.common.api.m: 29500: Empty (package not registered?) or malformed snapshot token: 
03-04 11:40:27.121  1859  2064 E MendelPackageState: 	at com.google.android.gms.common.api.internal.df.a(SourceFile:2)
03-04 11:40:27.121  1859  2064 E MendelPackageState: 	... 5 more
03-04 11:40:27.129  1033  2766 E ActivityThread: Failed to find provider info for com.google.android.apps.wellbeing.api
03-04 11:40:27.141  1515  2877 I Fido    : [FidoInitIntentOperation] Initializing Fido module, InitRuntimeState=12
03-04 11:40:27.141   594   749 D PackageManager: Instant App installer not found with android.intent.action.INSTALL_INSTANT_APP_PACKAGE
03-04 11:40:27.141   594   749 D PackageManager: Clear ephemeral installer activity
03-04 11:40:27.142   594   749 D PackageManager: Instant App installer not found with android.intent.action.INSTALL_INSTANT_APP_PACKAGE
03-04 11:40:27.142   594   749 D PackageManager: Clear ephemeral installer activity
03-04 11:40:27.142   594   749 D PackageManager: Instant App installer not found with android.intent.action.INSTALL_INSTANT_APP_PACKAGE
03-04 11:40:27.142   594   749 D PackageManager: Clear ephemeral installer activity
03-04 11:40:27.208  1515  3275 I CheckinCompat: No service .checkin.CheckinService to disable [CONTEXT service_id=130 ]
03-04 11:40:27.212  1515  3275 I CheckinCompat: No service .update.SystemUpdateActivity to disable [CONTEXT service_id=130 ]
03-04 11:40:27.215  1515  3275 I CheckinCompat: No service .update.SystemUpdateService$SecretCodeReceiver to disable [CONTEXT service_id=130 ]
03-04 11:40:27.222  1515  3275 I CheckinCompat: No service .update.SystemUpdateService$Receiver to disable [CONTEXT service_id=130 ]
03-04 11:40:27.228  1620  3255 W IsoInterface: Missing 'ftyp' header
03-04 11:40:27.235  1620  3255 D SQLiteQueryBuilder: SELECT _id, date_modified, _size, mime_type, media_type, is_pending FROM files WHERE ((volume_name IN ( 'internal' ))) AND ((_data=?)) with args [/product/media/audio/notifications/Polaris.ogg]
03-04 11:40:27.235  1620  3255 I CursorWindowStats: Created a new Cursor. # Open Cursors=1 (# cursors opened by this proc=1)
03-04 11:40:27.236  1620  3255 D SQLiteCursor: received count(*) from native_fill_window: 0
03-04 11:40:27.266   804   804 V AvrcpMediaPlayerList: mPackageChangedBroadcastReceiver: action: android.intent.action.PACKAGE_CHANGED
03-04 11:40:27.266   804   804 D AvrcpMediaPlayerList: Name of package changed: com.google.android.gms
03-04 11:40:27.272   594   690 I InputReader: Reconfiguring input devices, changes=KEYBOARD_LAYOUTS | 
03-04 11:40:27.273   594   630 I RoleManagerService: Granting default roles...
03-04 11:40:27.281  1271  2348 I anhw    : Scheduling Phenotype for a PhenotypeSyncImmediately(6, com.google.android.gms.people.ui) one off with window [1, 2] in seconds [CONTEXT service_id=51 ]
03-04 11:40:27.318  1271  3076 I NearbyDiscovery: Show notifications: 0 total, no changes since last shown, no-op. [CONTEXT service_id=49 ]
03-04 11:40:27.326   594  1661 D PackageManager: Instant App installer not found with android.intent.action.INSTALL_INSTANT_APP_PACKAGE
03-04 11:40:27.326   594  1661 D PackageManager: Clear ephemeral installer activity
03-04 11:40:27.329   594   594 I Telecom : DefaultDialerCache: Refreshing default dialer for user 0: now com.google.android.dialer: DDC.oR@AJk
03-04 11:40:27.331   594  1838 D CompatibilityChangeReporter: Compat change id reported: 135634846; UID 10106; state: DISABLED
03-04 11:40:27.332   594   640 D CompatibilityChangeReporter: Compat change id reported: 143937733; UID 10106; state: ENABLED
03-04 11:40:27.337   851   879 I PermissionControllerServiceImpl: Updating user sensitive for uid 10106
03-04 11:40:27.343   359   359 D Zygote  : Forked child process 3636
03-04 11:40:27.355   594   640 I ActivityManager: Start proc 3636:com.google.android.gms.ui/u0a106 for service {com.google.android.gms/com.google.android.gms.chimera.UiIntentOperationService}
03-04 11:40:27.366  1515  2611 I Icing   : updateResources: need to parse abvr{com.google.android.music} [CONTEXT service_id=21 ]
03-04 11:40:27.372  1146  1146 D CarrierSvcBindHelper: No carrier app for: 0
03-04 11:40:27.381  3636  3636 W .android.gms.u: Unexpected CPU variant for X86 using defaults: x86
03-04 11:40:27.391  1620  3255 W IsoInterface: Missing 'ftyp' header
03-04 11:40:27.392  1620  3255 D SQLiteQueryBuilder: SELECT _id, date_modified, _size, mime_type, media_type, is_pending FROM files WHERE ((volume_name IN ( 'internal' ))) AND ((_data=?)) with args [/product/media/audio/notifications/CetiAlpha.ogg]
03-04 11:40:27.393  1620  3255 I CursorWindowStats: Created a new Cursor. # Open Cursors=1 (# cursors opened by this proc=1)
03-04 11:40:27.393  1620  3255 D SQLiteCursor: received count(*) from native_fill_window: 0
03-04 11:40:27.417   435   478 I adbd    : jdwp connection from 3636
03-04 11:40:27.439  1859  2212 I EngineIdGenerator: Refusing EXCLUSIVE task 24, it is already pending. Try again in 326 seconds.
03-04 11:40:27.446  1859  2212 I ModelDownloadListener: Schdedule model download
03-04 11:40:27.449  3636  3636 I .android.gms.u: The ClassLoaderContext is a special shared library.
03-04 11:40:27.449  1859  2211 I FedAssExpListener: Fed-ass not supported for signed out users.
03-04 11:40:27.449  1859  2211 I FedAssExpListener: Successfully processed experiments changed.
03-04 11:40:27.453  3636  3636 I .android.gms.u: The ClassLoaderContext is a special shared library.
03-04 11:40:27.464  1271  1287 I .gms.persisten: Background young concurrent copying GC freed 14090(787KB) AllocSpace objects, 1(304KB) LOS objects, 2% free, 17MB/17MB, paused 279us total 226.849ms
03-04 11:40:27.469  1859  1859 I BgTaskExecutorImpl: Starting EXCLUSIVE background task UPDATE_HOTWORD_MODELS.
03-04 11:40:27.471  1033  1091 D CDBHelper: Close Cdb File.
03-04 11:40:27.482  3636  3636 I .android.gms.u: The ClassLoaderContext is a special shared library.
03-04 11:40:27.496  1859  2332 I ModelDownloadController: requestHotwordModelUpdate modelType-2 modelLocale-en-US
03-04 11:40:27.504   594  2615 D PackageManager: Instant App installer not found with android.intent.action.INSTALL_INSTANT_APP_PACKAGE
03-04 11:40:27.504   594  2615 D PackageManager: Clear ephemeral installer activity
03-04 11:40:27.506   594  2615 D PackageManager: Instant App installer not found with android.intent.action.INSTALL_INSTANT_APP_PACKAGE
03-04 11:40:27.506   594  2615 D PackageManager: Clear ephemeral installer activity
03-04 11:40:27.513   594  2615 D PackageManager: Instant App installer not found with android.intent.action.INSTALL_INSTANT_APP_PACKAGE
03-04 11:40:27.513   594  2615 D PackageManager: Clear ephemeral installer activity
03-04 11:40:27.517  1859  2212 I OpaEligibilityChecker: send OpaEligibilityChange broadcast to CommonBroadcastReceiver
03-04 11:40:27.528  1515  2867 E MDD     : MDDManager Failed to init shared file metadata.
03-04 11:40:27.533  3636  3636 D NetworkSecurityConfig: Using Network Security Config from resource network_security_config debugBuild: false
03-04 11:40:27.533   594   627 D PackageManager: Instant App installer not found with android.intent.action.INSTALL_INSTANT_APP_PACKAGE
03-04 11:40:27.533   594   627 D PackageManager: Clear ephemeral installer activity
03-04 11:40:27.534   594  1686 D PackageManager: Instant App installer not found with android.intent.action.INSTALL_INSTANT_APP_PACKAGE
03-04 11:40:27.534   594  1686 D PackageManager: Clear ephemeral installer activity
03-04 11:40:27.534   594  1838 D PackageManager: Instant App installer not found with android.intent.action.INSTALL_INSTANT_APP_PACKAGE
03-04 11:40:27.534   594  1838 D PackageManager: Clear ephemeral installer activity
03-04 11:40:27.535   594  2615 D PackageManager: Instant App installer not found with android.intent.action.INSTALL_INSTANT_APP_PACKAGE
03-04 11:40:27.535   594  2615 D PackageManager: Clear ephemeral installer activity
03-04 11:40:27.537   594  2615 D PackageManager: Instant App installer not found with android.intent.action.INSTALL_INSTANT_APP_PACKAGE
03-04 11:40:27.537   594  2615 D PackageManager: Clear ephemeral installer activity
03-04 11:40:27.537   594  1838 D PackageManager: Instant App installer not found with android.intent.action.INSTALL_INSTANT_APP_PACKAGE
03-04 11:40:27.537   594  1838 D PackageManager: Clear ephemeral installer activity
03-04 11:40:27.533  3636  3636 D NetworkSecurityConfig: Using Network Security Config from resource network_security_config debugBuild: false
03-04 11:40:27.538  1859  2332 I ModelDownloadController: shouldDownloadModel: modelLocale is en-US
03-04 11:40:27.538  1859  2332 I ModelDownloadController: #requestHotwordModelDownload
03-04 11:40:27.538   594   627 D PackageManager: Instant App installer not found with android.intent.action.INSTALL_INSTANT_APP_PACKAGE
03-04 11:40:27.538   594   627 D PackageManager: Clear ephemeral installer activity
03-04 11:40:27.538  1859  2332 I ModelDownloadController: Model download canceled - previously pending request found
03-04 11:40:27.538  1859  2332 I ModelDownloadController: Model download not requested.
03-04 11:40:27.539   594   627 D PackageManager: Instant App installer not found with android.intent.action.INSTALL_INSTANT_APP_PACKAGE
03-04 11:40:27.539   594   627 D PackageManager: Clear ephemeral installer activity
03-04 11:40:27.539   594   627 D PackageManager: Instant App installer not found with android.intent.action.INSTALL_INSTANT_APP_PACKAGE
03-04 11:40:27.539   594   627 D PackageManager: Clear ephemeral installer activity
03-04 11:40:27.555  1033  1091 D CDBHelper: Close Cdb File.
03-04 11:40:27.562   594  1908 D PackageManager: Instant App installer not found with android.intent.action.INSTALL_INSTANT_APP_PACKAGE
03-04 11:40:27.562   594  1908 D PackageManager: Clear ephemeral installer activity
03-04 11:40:27.562   594  1908 D PackageManager: Instant App installer not found with android.intent.action.INSTALL_INSTANT_APP_PACKAGE
03-04 11:40:27.562   594  1908 D PackageManager: Clear ephemeral installer activity
03-04 11:40:27.563   594  1908 D PackageManager: Instant App installer not found with android.intent.action.INSTALL_INSTANT_APP_PACKAGE
03-04 11:40:27.563   594  1908 D PackageManager: Clear ephemeral installer activity
03-04 11:40:27.566   594   914 D PackageManager: Instant App installer not found with android.intent.action.INSTALL_INSTANT_APP_PACKAGE
03-04 11:40:27.566   594   914 D PackageManager: Clear ephemeral installer activity
03-04 11:40:27.575  1271  1271 I GeofencerStateMachine: sendQueryLocationOptIn
03-04 11:40:27.575  1515  2877 W MDM     : [173] afxi.b: Unable to set as device admin.
03-04 11:40:27.575  1515  2877 W MDM     : java.lang.reflect.InvocationTargetException
03-04 11:40:27.575  1515  2877 W MDM     : 	at java.lang.reflect.Method.invoke(Native Method)
03-04 11:40:27.575  1515  2877 W MDM     : 	at afww.c(:com.google.android.gms@201817022@20.18.17 (040700-311416286):7)
03-04 11:40:27.575  1515  2877 W MDM     : 	at afww.b(:com.google.android.gms@201817022@20.18.17 (040700-311416286):4)
03-04 11:40:27.575  1515  2877 W MDM     : 	at com.google.android.gms.security.snet.SecurityModuleInitIntentOperation.a(:com.google.android.gms@201817022@20.18.17 (040700-311416286):4)
03-04 11:40:27.575  1515  2877 W MDM     : 	at com.google.android.gms.security.snet.SecurityModuleInitIntentOperation.a(:com.google.android.gms@201817022@20.18.17 (040700-311416286):12)
03-04 11:40:27.575  1515  2877 W MDM     : 	at qgl.onHandleIntent(:com.google.android.gms@201817022@20.18.17 (040700-311416286):7)
03-04 11:40:27.575  1515  2877 W MDM     : 	at com.google.android.chimera.IntentOperation.onHandleIntent(:com.google.android.gms@201817022@20.18.17 (040700-311416286):2)
03-04 11:40:27.575  1515  2877 W MDM     : 	at qgf.onHandleIntent(:com.google.android.gms@201817022@20.18.17 (040700-311416286):4)
03-04 11:40:27.575  1515  2877 W MDM     : 	at cui.run(:com.google.android.gms@201817022@20.18.17 (040700-311416286):5)
03-04 11:40:27.575  1515  2877 W MDM     : 	at cuh.run(:com.google.android.gms@201817022@20.18.17 (040700-311416286):9)
03-04 11:40:27.575  1515  2877 W MDM     : 	at java.util.concurrent.ThreadPoolExecutor.runWorker(ThreadPoolExecutor.java:1167)
03-04 11:40:27.575  1515  2877 W MDM     : 	at java.util.concurrent.ThreadPoolExecutor$Worker.run(ThreadPoolExecutor.java:641)
03-04 11:40:27.575  1515  2877 W MDM     : 	at java.lang.Thread.run(Thread.java:923)
03-04 11:40:27.575  1515  2877 W MDM     : Caused by: java.lang.SecurityException: Neither user 10106 nor current process has android.permission.MANAGE_DEVICE_ADMINS.
03-04 11:40:27.575  1515  2877 W MDM     : 	at android.os.Parcel.createExceptionOrNull(Parcel.java:2373)
03-04 11:40:27.575  1515  2877 W MDM     : 	at android.os.Parcel.createException(Parcel.java:2357)
03-04 11:40:27.575  1515  2877 W MDM     : 	at android.os.Parcel.readException(Parcel.java:2340)
03-04 11:40:27.575  1515  2877 W MDM     : 	at android.os.Parcel.readException(Parcel.java:2282)
03-04 11:40:27.575  1515  2877 W MDM     : 	at android.app.admin.IDevicePolicyManager$Stub$Proxy.setActiveAdmin(IDevicePolicyManager.java:8320)
03-04 11:40:27.575  1515  2877 W MDM     : 	at android.app.admin.DevicePolicyManager.setActiveAdmin(DevicePolicyManager.java:6307)
03-04 11:40:27.575  1515  2877 W MDM     : 	at android.app.admin.DevicePolicyManager.setActiveAdmin(DevicePolicyManager.java:6319)
03-04 11:40:27.575  1515  2877 W MDM     : 	... 13 more
03-04 11:40:27.577   594  1838 D PackageManager: Instant App installer not found with android.intent.action.INSTALL_INSTANT_APP_PACKAGE
03-04 11:40:27.577   594  1838 D PackageManager: Clear ephemeral installer activity
03-04 11:40:27.589  1515  3093 I GCM-GMS : Got GMS registration
03-04 11:40:27.591  1271  1271 I GeofencerStateMachine: sendQueryLocationOptIn
03-04 11:40:27.607  1620  3255 W IsoInterface: Missing 'ftyp' header
03-04 11:40:27.621  1620  3255 D SQLiteQueryBuilder: SELECT _id, date_modified, _size, mime_type, media_type, is_pending FROM files WHERE ((volume_name IN ( 'internal' ))) AND ((_data=?)) with args [/product/media/audio/notifications/Castor.ogg]
03-04 11:40:27.621  1620  3255 I CursorWindowStats: Created a new Cursor. # Open Cursors=1 (# cursors opened by this proc=1)
03-04 11:40:27.621  1620  3255 D SQLiteCursor: received count(*) from native_fill_window: 0
03-04 11:40:27.644  3636  3636 W DynamiteModule: Local module descriptor class for providerinstaller not found.
03-04 11:40:27.644   594   749 D PackageManager: Instant App installer not found with android.intent.action.INSTALL_INSTANT_APP_PACKAGE
03-04 11:40:27.645   594   749 D PackageManager: Clear ephemeral installer activity
03-04 11:40:27.645   594  1838 D PackageManager: Instant App installer not found with android.intent.action.INSTALL_INSTANT_APP_PACKAGE
03-04 11:40:27.645   594  1838 D PackageManager: Clear ephemeral installer activity
03-04 11:40:27.647  3636  3636 W ProviderHelper: Unknown dynamite feature providerinstaller
03-04 11:40:27.651   594   627 D PackageManager: Instant App installer not found with android.intent.action.INSTALL_INSTANT_APP_PACKAGE
03-04 11:40:27.651   594   627 D PackageManager: Clear ephemeral installer activity
03-04 11:40:27.658   594  1908 D PackageManager: Instant App installer not found with android.intent.action.INSTALL_INSTANT_APP_PACKAGE
03-04 11:40:27.658   594  1908 D PackageManager: Clear ephemeral installer activity
03-04 11:40:27.662   594  1838 D PackageManager: Instant App installer not found with android.intent.action.INSTALL_INSTANT_APP_PACKAGE
03-04 11:40:27.662   594  1838 D PackageManager: Clear ephemeral installer activity
03-04 11:40:27.665   594  1908 D PackageManager: Instant App installer not found with android.intent.action.INSTALL_INSTANT_APP_PACKAGE
03-04 11:40:27.665   594  1908 D PackageManager: Clear ephemeral installer activity
03-04 11:40:27.669  3636  3636 I DynamiteModule: Considering local module providerinstaller:0 and remote module providerinstaller:0
03-04 11:40:27.669  3636  3636 W ProviderInstaller: Failed to load providerinstaller module: No acceptable module found. Local version is 0 and remote version is 0.
03-04 11:40:27.673  1515  2868 I NewModuleOp: Enable component: com.google.android.gms.languageprofile.GcmReceiverService
03-04 11:40:27.673   594  1908 D PackageManager: Instant App installer not found with android.intent.action.INSTALL_INSTANT_APP_PACKAGE
03-04 11:40:27.673   594  1908 D PackageManager: Clear ephemeral installer activity
03-04 11:40:27.673  1515  2868 I NewModuleOp: Enable component: com.google.android.gms.languageprofile.GcmTaskService
03-04 11:40:27.675   594  1908 D PackageManager: Instant App installer not found with android.intent.action.INSTALL_INSTANT_APP_PACKAGE
03-04 11:40:27.675   594  1908 D PackageManager: Clear ephemeral installer activity
03-04 11:40:27.675  1515  2868 I NewModuleOp: Schedule LanguageProfileGcmTaskChimeraService tasks.
03-04 11:40:27.680  3636  3636 V NativeCrypto: Registering com/google/android/gms/org/conscrypt/NativeCrypto's 286 native methods...
03-04 11:40:27.701  1620  3255 W IsoInterface: Missing 'ftyp' header
03-04 11:40:27.703  1620  3255 D SQLiteQueryBuilder: SELECT _id, date_modified, _size, mime_type, media_type, is_pending FROM files WHERE ((volume_name IN ( 'internal' ))) AND ((_data=?)) with args [/product/media/audio/notifications/Upsilon.ogg]
03-04 11:40:27.704  1620  3255 I CursorWindowStats: Created a new Cursor. # Open Cursors=1 (# cursors opened by this proc=1)
03-04 11:40:27.704  1620  3255 D SQLiteCursor: received count(*) from native_fill_window: 0
03-04 11:40:27.713  3636  3636 I ProviderInstaller: Installed default security provider GmsCore_OpenSSL
03-04 11:40:27.724  1515  3502 I constellation: [event_manager] Starting session. sessionId: abddcfae-b45d-4443-a97c-40810145425f from trigger: 1
03-04 11:40:27.728  1515  3019 I GCM-GMS : Got GMS direct boot token.
03-04 11:40:27.750  1515  1529 I gle.android.gm: Background young concurrent copying GC freed 30983(1704KB) AllocSpace objects, 57(2932KB) LOS objects, 28% free, 10MB/14MB, paused 54us total 143.717ms
03-04 11:40:27.788  3636  3636 I Safeboot: Checking safeboot...
03-04 11:40:27.790  3636  3636 I Safeboot: Not entering safeboot; wrong process.
03-04 11:40:27.811  1515  2868 I LPGcmTaskChimeraService: Unscheduling sync tasks.
03-04 11:40:27.816  1620  3255 W IsoInterface: Missing 'ftyp' header
03-04 11:40:27.817  1620  3255 D SQLiteQueryBuilder: SELECT _id, date_modified, _size, mime_type, media_type, is_pending FROM files WHERE ((volume_name IN ( 'internal' ))) AND ((_data=?)) with args [/product/media/audio/notifications/Arcturus.ogg]
03-04 11:40:27.818  1620  3255 I CursorWindowStats: Created a new Cursor. # Open Cursors=1 (# cursors opened by this proc=1)
03-04 11:40:27.818  1620  3255 D SQLiteCursor: received count(*) from native_fill_window: 0
03-04 11:40:27.862  1271  2806 I Fitness : OnPackageChangedOperation got intent: Intent { act=android.intent.action.PACKAGE_CHANGED dat=package:com.google.android.gms flg=0x45000010 cmp=com.google.android.gms/.chimera.PersistentIntentOperationService (has extras) } [CONTEXT service_id=17 ]
03-04 11:40:27.873  1515  2868 V Backup  : [MigrateUtil] Clearing migrate temp dir: /data/user/0/com.google.android.gms/files/migrate_dir
03-04 11:40:27.880  1515  2868 D Backup  : [MigrateCleaner] D2D transport was not selected, not selecting cloud transport.
03-04 11:40:27.908  1271  2806 I Fitness : FitCleanupIntentOperation received Intent android.intent.action.PACKAGE_CHANGED [CONTEXT service_id=17 ]
03-04 11:40:27.919  1515  2918 I gle.android.gm: IncrementDisableThreadFlip blocked for 5.191ms
03-04 11:40:27.934  1620  3255 W IsoInterface: Missing 'ftyp' header
03-04 11:40:27.935  1620  3255 D SQLiteQueryBuilder: SELECT _id, date_modified, _size, mime_type, media_type, is_pending FROM files WHERE ((volume_name IN ( 'internal' ))) AND ((_data=?)) with args [/product/media/audio/notifications/Argon.ogg]
03-04 11:40:27.935  1620  3255 I CursorWindowStats: Created a new Cursor. # Open Cursors=1 (# cursors opened by this proc=1)
03-04 11:40:27.935  1620  3255 D SQLiteCursor: received count(*) from native_fill_window: 0
03-04 11:40:28.024  3636  3636 W bdhq    : Primes not initialized, returning default (no-op) Primes instance which will ignore all calls. Please call Primes.initialize(...) before using any Primes API.
03-04 11:40:28.028   594  1959 D PackageManager: Instant App installer not found with android.intent.action.INSTALL_INSTANT_APP_PACKAGE
03-04 11:40:28.028   594  1959 D PackageManager: Clear ephemeral installer activity
03-04 11:40:28.051  1620  3255 W IsoInterface: Missing 'ftyp' header
03-04 11:40:28.053  1620  3255 D SQLiteQueryBuilder: SELECT _id, date_modified, _size, mime_type, media_type, is_pending FROM files WHERE ((volume_name IN ( 'internal' ))) AND ((_data=?)) with args [/product/media/audio/notifications/Tinkerbell.ogg]
03-04 11:40:28.053  1620  3255 I CursorWindowStats: Created a new Cursor. # Open Cursors=1 (# cursors opened by this proc=1)
03-04 11:40:28.071  1620  3255 D SQLiteCursor: received count(*) from native_fill_window: 0
03-04 11:40:28.144  1515  1529 I gle.android.gm: Background young concurrent copying GC freed 21876(1587KB) AllocSpace objects, 16(1528KB) LOS objects, 0% free, 23MB/23MB, paused 4.050ms total 232.632ms
03-04 11:40:28.168  1271  2970 I GCoreUlr: WorldUpdater received intent Intent { act=com.google.android.location.reporting.ACTION_UPDATE_WORLD cmp=com.google.android.gms/com.google.android.location.reporting.service.DispatchingService (has extras) } with receiverAction android.location.PROVIDERS_CHANGED
03-04 11:40:28.178  1271  2970 I GCoreUlr: WorldUpdater:android.location.PROVIDERS_CHANGED: Ensuring that reporting is stopped because of reasons: (no Google accounts)
03-04 11:40:28.182  1271  2970 I GCoreUlr: Unbound from all signal providers.
03-04 11:40:28.218  1515  2868 I TelephonySpam: TelephonySpamInit - onModuleUpdated TelephonySpam module initialized
03-04 11:40:28.219  1515  2868 I TelephonySpam: SpamListSync - scheduleSyncTasks
03-04 11:40:28.219  1515  2868 I TelephonySpam: SpamListSync - schedulePeriodicTask
03-04 11:40:28.255  1620  3255 W IsoInterface: Missing 'ftyp' header
03-04 11:40:28.257  1620  3255 D SQLiteQueryBuilder: SELECT _id, date_modified, _size, mime_type, media_type, is_pending FROM files WHERE ((volume_name IN ( 'internal' ))) AND ((_data=?)) with args [/product/media/audio/notifications/arcturus.ogg]
03-04 11:40:28.258  1620  3255 I CursorWindowStats: Created a new Cursor. # Open Cursors=1 (# cursors opened by this proc=1)
03-04 11:40:28.258  1620  3255 D SQLiteCursor: received count(*) from native_fill_window: 0
03-04 11:40:28.316  1515  2868 I TelephonySpam: SpamListSync - scheduleOneTimeTask
03-04 11:40:28.325  1271  2970 I GCoreUlr: WorldUpdater received intent Intent { act=com.google.android.location.reporting.ACTION_UPDATE_WORLD cmp=com.google.android.gms/com.google.android.location.reporting.service.DispatchingService (has extras) } with receiverAction android.location.PROVIDERS_CHANGED
03-04 11:40:28.339  1271  2970 I GCoreUlr: WorldUpdater:android.location.PROVIDERS_CHANGED: Ensuring that reporting is stopped because of reasons: (no Google accounts)
03-04 11:40:28.345  1271  1287 I .gms.persisten: Background concurrent copying GC freed 252935(10MB) AllocSpace objects, 12(2540KB) LOS objects, 49% free, 10MB/20MB, paused 858us total 877.466ms
03-04 11:40:28.348  1271  2970 I GCoreUlr: Unbound from all signal providers.
03-04 11:40:28.360  1033  1091 D CDBHelper: Close Cdb File.
03-04 11:40:28.368   804   804 V AvrcpMediaPlayerList: mPackageChangedBroadcastReceiver: action: android.intent.action.PACKAGE_CHANGED
03-04 11:40:28.368   804   804 D AvrcpMediaPlayerList: Name of package changed: com.google.android.gms
03-04 11:40:28.370   594   690 I InputReader: Reconfiguring input devices, changes=KEYBOARD_LAYOUTS | 
03-04 11:40:28.418   594   594 I Telecom : DefaultDialerCache: Refreshing default dialer for user 0: now com.google.android.dialer: DDC.oR@AJo
03-04 11:40:28.450   594   630 I RoleManagerService: Granting default roles...
03-04 11:40:28.451   851   879 I PermissionControllerServiceImpl: Updating user sensitive for uid 10106
03-04 11:40:28.466  1620  3255 W IsoInterface: Missing 'ftyp' header
03-04 11:40:28.472  1146  1146 D CarrierSvcBindHelper: No carrier app for: 0
03-04 11:40:28.477  1515  1529 I gle.android.gm: Background concurrent copying GC freed 220185(11MB) AllocSpace objects, 23(5520KB) LOS objects, 49% free, 11MB/22MB, paused 219us total 326.713ms
03-04 11:40:28.481  1515  1531 W System  : A resource failed to call close. 
03-04 11:40:28.489  1620  3255 D SQLiteQueryBuilder: SELECT _id, date_modified, _size, mime_type, media_type, is_pending FROM files WHERE ((volume_name IN ( 'internal' ))) AND ((_data=?)) with args [/product/media/audio/notifications/pixiedust.ogg]
03-04 11:40:28.489  1620  3255 I CursorWindowStats: Created a new Cursor. # Open Cursors=1 (# cursors opened by this proc=1)
03-04 11:40:28.490  1620  3255 D SQLiteCursor: received count(*) from native_fill_window: 0
03-04 11:40:28.510  1271  2970 I GCoreUlr: DispatchingService ignoring Intent { act=android.net.wifi.WIFI_STATE_CHANGED flg=0x44000010 (has extras) } because ULR inactive
03-04 11:40:28.560  1271  1271 I GeofencerStateMachine: sendQueryLocationOptIn
03-04 11:40:28.576   594   631 D AutofillUI: destroySaveUiUiThread(): already destroyed
03-04 11:40:28.578  3210  3406 D CompatibilityChangeReporter: Compat change id reported: 150939131; UID 10131; state: ENABLED
03-04 11:40:28.578  1970  2728 D CompatibilityChangeReporter: Compat change id reported: 150939131; UID 10123; state: DISABLED
03-04 11:40:28.579  1429  3425 D CompatibilityChangeReporter: Compat change id reported: 150939131; UID 10112; state: DISABLED
03-04 11:40:28.580  3636  3657 D CompatibilityChangeReporter: Compat change id reported: 150939131; UID 10106; state: ENABLED
03-04 11:40:28.580  2578  2917 D CompatibilityChangeReporter: Compat change id reported: 150939131; UID 10120; state: DISABLED
03-04 11:40:28.581  3154  3270 D CompatibilityChangeReporter: Compat change id reported: 150939131; UID 10106; state: ENABLED
03-04 11:40:28.581  2443  2473 D CompatibilityChangeReporter: Compat change id reported: 150939131; UID 10101; state: ENABLED
03-04 11:40:28.582  1859  1935 D CompatibilityChangeReporter: Compat change id reported: 150939131; UID 10107; state: DISABLED
03-04 11:40:28.582  3541  3581 D CompatibilityChangeReporter: Compat change id reported: 150939131; UID 10100; state: ENABLED
03-04 11:40:28.582  2514  2537 D CompatibilityChangeReporter: Compat change id reported: 150939131; UID 10105; state: DISABLED
03-04 11:40:28.582  2223  2265 D CompatibilityChangeReporter: Compat change id reported: 150939131; UID 10132; state: DISABLED
03-04 11:40:28.583  1758  1781 D CompatibilityChangeReporter: Compat change id reported: 150939131; UID 10120; state: DISABLED
03-04 11:40:28.586  2025  2712 D CompatibilityChangeReporter: Compat change id reported: 150939131; UID 10106; state: ENABLED
03-04 11:40:28.586  1594  2095 I GservicesProvider: main update completed
03-04 11:40:28.591   594   638 D AutofillManagerServiceImpl: Set component for user 0 as ComponentInfo{com.google.android.gms/com.google.android.gms.autofill.service.AutofillService} and info as ServiceInfo{4394cfd com.google.android.gms.autofill.service.AutofillService}
03-04 11:40:28.591   594   638 E RemoteAugmentedAutofillService: Bad service name for flags 1048704: com.google.android.as/com.google.android.apps.miphone.aiai.app.AiAiAugmentedAutofillService
03-04 11:40:28.597  1271  1271 I GCoreUlr: Unbound from all signal providers.
03-04 11:40:28.597  1271  1271 I GCoreUlr: Stopping handler for UlrDispSvcFast
03-04 11:40:28.598   594   631 D AutofillUI: destroySaveUiUiThread(): already destroyed
03-04 11:40:28.598   594   638 D AutofillManagerServiceImpl: Set component for user 0 as ComponentInfo{com.google.android.gms/com.google.android.gms.autofill.service.AutofillService} and info as ServiceInfo{770f99f com.google.android.gms.autofill.service.AutofillService}
03-04 11:40:28.598   594   638 E RemoteAugmentedAutofillService: Bad service name for flags 1048704: com.google.android.as/com.google.android.apps.miphone.aiai.app.AiAiAugmentedAutofillService
03-04 11:40:28.633  1620  3255 W IsoInterface: Missing 'ftyp' header
03-04 11:40:28.634  1620  3255 D SQLiteQueryBuilder: SELECT _id, date_modified, _size, mime_type, media_type, is_pending FROM files WHERE ((volume_name IN ( 'internal' ))) AND ((_data=?)) with args [/product/media/audio/notifications/Antimony.ogg]
03-04 11:40:28.634  1620  3255 I CursorWindowStats: Created a new Cursor. # Open Cursors=1 (# cursors opened by this proc=1)
03-04 11:40:28.634  1620  3255 D SQLiteCursor: received count(*) from native_fill_window: 0
03-04 11:40:28.653  2223  2223 D CompatibilityChangeReporter: Compat change id reported: 119147584; UID 10132; state: DISABLED
03-04 11:40:28.689  1271  1271 I GeofencerStateMachine: sendQueryLocationOptIn
03-04 11:40:28.702  1758  2677 W BugleRcsEngine: [171] ski.p: No config URL. RCS will be disabled!
03-04 11:40:28.728  1271  2348 E angh    : Phenotype API error. Event # caox@896ce4be, EventCode: 5 [CONTEXT service_id=51 ]
03-04 11:40:28.728  1271  2348 E angh    : anfl: 29500: Empty (package not registered?) or malformed snapshot token: 
03-04 11:40:28.728  1271  2348 E angh    : 	at angk.a(:com.google.android.gms@201817022@20.18.17 (040700-311416286):8)
03-04 11:40:28.728  1271  2348 E angh    : 	at angj.b(:com.google.android.gms@201817022@20.18.17 (040700-311416286):2)
03-04 11:40:28.728  1271  2348 E angh    : 	at angh.a(:com.google.android.gms@201817022@20.18.17 (040700-311416286):90)
03-04 11:40:28.728  1271  2348 E angh    : 	at angh.a(:com.google.android.gms@201817022@20.18.17 (040700-311416286):77)
03-04 11:40:28.728  1271  2348 E angh    : 	at zus.run(:com.google.android.gms@201817022@20.18.17 (040700-311416286):10)
03-04 11:40:28.728  1271  2348 E angh    : 	at blot.run(:com.google.android.gms@201817022@20.18.17 (040700-311416286):2)
03-04 11:40:28.728  1271  2348 E angh    : 	at sji.b(:com.google.android.gms@201817022@20.18.17 (040700-311416286):12)
03-04 11:40:28.728  1271  2348 E angh    : 	at sji.run(:com.google.android.gms@201817022@20.18.17 (040700-311416286):8)
03-04 11:40:28.728  1271  2348 E angh    : 	at java.util.concurrent.ThreadPoolExecutor.runWorker(ThreadPoolExecutor.java:1167)
03-04 11:40:28.728  1271  2348 E angh    : 	at java.util.concurrent.ThreadPoolExecutor$Worker.run(ThreadPoolExecutor.java:641)
03-04 11:40:28.728  1271  2348 E angh    : 	at spj.run(:com.google.android.gms@201817022@20.18.17 (040700-311416286):0)
03-04 11:40:28.728  1271  2348 E angh    : 	at java.lang.Thread.run(Thread.java:923)
03-04 11:40:28.768  1620  3255 W IsoInterface: Missing 'ftyp' header
03-04 11:40:28.769  1620  3255 D SQLiteQueryBuilder: SELECT _id, date_modified, _size, mime_type, media_type, is_pending FROM files WHERE ((volume_name IN ( 'internal' ))) AND ((_data=?)) with args [/product/media/audio/notifications/Adara.ogg]
03-04 11:40:28.769  1620  3255 I CursorWindowStats: Created a new Cursor. # Open Cursors=1 (# cursors opened by this proc=1)
03-04 11:40:28.769  1620  3255 D SQLiteCursor: received count(*) from native_fill_window: 0
03-04 11:40:28.773  1271  2348 E AsyncOperation: serviceID=51, operation=CommitToConfigurationOperationCall
03-04 11:40:28.773  1271  2348 E AsyncOperation: OperationException[Status{statusCode=Empty (package not registered?) or malformed snapshot token: , resolution=null}]
03-04 11:40:28.773  1271  2348 E AsyncOperation: 	at angh.a(:com.google.android.gms@201817022@20.18.17 (040700-311416286):92)
03-04 11:40:28.773  1271  2348 E AsyncOperation: 	at angh.a(:com.google.android.gms@201817022@20.18.17 (040700-311416286):77)
03-04 11:40:28.773  1271  2348 E AsyncOperation: 	at zus.run(:com.google.android.gms@201817022@20.18.17 (040700-311416286):10)
03-04 11:40:28.773  1271  2348 E AsyncOperation: 	at blot.run(:com.google.android.gms@201817022@20.18.17 (040700-311416286):2)
03-04 11:40:28.773  1271  2348 E AsyncOperation: 	at sji.b(:com.google.android.gms@201817022@20.18.17 (040700-311416286):12)
03-04 11:40:28.773  1271  2348 E AsyncOperation: 	at sji.run(:com.google.android.gms@201817022@20.18.17 (040700-311416286):8)
03-04 11:40:28.773  1271  2348 E AsyncOperation: 	at java.util.concurrent.ThreadPoolExecutor.runWorker(ThreadPoolExecutor.java:1167)
03-04 11:40:28.773  1271  2348 E AsyncOperation: 	at java.util.concurrent.ThreadPoolExecutor$Worker.run(ThreadPoolExecutor.java:641)
03-04 11:40:28.773  1271  2348 E AsyncOperation: 	at spj.run(:com.google.android.gms@201817022@20.18.17 (040700-311416286):0)
03-04 11:40:28.773  1271  2348 E AsyncOperation: 	at java.lang.Thread.run(Thread.java:923)
03-04 11:40:28.787  2578  3716 W BugleRcsEngine: [287] ski.p: No config URL. RCS will be disabled!
03-04 11:40:28.813  1271  2395 W GCoreFlp: No location to return for getLastLocation()
03-04 11:40:28.848  1515  2965 I Checkin : [CheckinRequestProcessor] CheckinNowTaskTag : Checkin Succeeded: https://android.googleapis.com/checkin (fragment #1).
03-04 11:40:28.886  1515  3300 I MdiSyncModule: initializing module...
03-04 11:40:28.888  1758  1853 D BugleRcsEngine: log_saver already enabled
03-04 11:40:28.916  1271  3515 I Fitness : OnPackageChangedOperation got intent: Intent { act=android.intent.action.PACKAGE_CHANGED dat=package:com.google.android.gms flg=0x45000010 cmp=com.google.android.gms/.chimera.PersistentIntentOperationService (has extras) } [CONTEXT service_id=17 ]
03-04 11:40:28.957  1620  3255 W IsoInterface: Missing 'ftyp' header
03-04 11:40:28.958  1620  3255 D SQLiteQueryBuilder: SELECT _id, date_modified, _size, mime_type, media_type, is_pending FROM files WHERE ((volume_name IN ( 'internal' ))) AND ((_data=?)) with args [/product/media/audio/notifications/Mira.ogg]
03-04 11:40:28.961  1515  3300 I MdiSyncModule: module initialization completed
03-04 11:40:28.969  1271  3490 I Fitness : FitCleanupIntentOperation received Intent android.intent.action.PACKAGE_CHANGED [CONTEXT service_id=17 ]
03-04 11:40:28.975  1620  3255 I CursorWindowStats: Created a new Cursor. # Open Cursors=1 (# cursors opened by this proc=1)
03-04 11:40:28.978  1620  3255 D SQLiteCursor: received count(*) from native_fill_window: 0
03-04 11:40:29.007  1271  2926 W .gms.persisten: Long monitor contention with owner netscheduler-queue-handler (2939) at void apkp.a(boolean)(:com.google.android.gms@201817022@20.18.17 (040700-311416286):66) waiters=0 in void apkl.a(aphy, int) for 1.063s
03-04 11:40:29.103  1859  1859 I BgTaskExecutorImpl: Starting EXCLUSIVE background task FETCH_LOCATION_REPORTING_STATE.
03-04 11:40:29.136  2578  2685 W BugleRcsEngine: [239] tgj.a: Carrier Services Apk was not found.
03-04 11:40:29.136  2578  2685 I BugleRcsEngine: [239] tgj.a: Cannot get service version because CS.apk was not found, not pre-loaded or disabled.
03-04 11:40:29.136  2578  2685 W BugleRcsEngine: [239] tgj.a: Service with meta data key: JibeServiceApiVersions is not compatible. Service Version 1 is not supported. Supported versions: []
03-04 11:40:29.136  2578  2685 I BugleRcsEngine: [239] tgj.b: Not using CS JibeService because it is not compatible with AM.
03-04 11:40:29.150  1515  2832 I Checkin : [EventLogChimeraService] Opted in for usage reporting: false
03-04 11:40:29.160   594   627 V Binder  : BinderProxy map growth! bucket size = 20 total = 1575
03-04 11:40:29.177  1620  3255 W IsoInterface: Missing 'ftyp' header
03-04 11:40:29.187  1620  3255 D SQLiteQueryBuilder: SELECT _id, date_modified, _size, mime_type, media_type, is_pending FROM files WHERE ((volume_name IN ( 'internal' ))) AND ((_data=?)) with args [/product/media/audio/notifications/Altair.ogg]
03-04 11:40:29.187  1620  3255 I CursorWindowStats: Created a new Cursor. # Open Cursors=1 (# cursors opened by this proc=1)
03-04 11:40:29.188  1620  3255 D SQLiteCursor: received count(*) from native_fill_window: 0
03-04 11:40:29.218  1271  2442 I anhw    : Scheduling Phenotype for a PhenotypeSyncImmediately(6, com.google.android.gms.lockbox) one off with window [1, 2] in seconds [CONTEXT service_id=51 ]
03-04 11:40:29.220  1271  3076 I NearbyDiscovery: Show notifications: 0 total, no changes since last shown, no-op. [CONTEXT service_id=49 ]
03-04 11:40:29.242  1271  3728 I GCoreUlr: WorldUpdater received intent Intent { act=com.google.android.location.reporting.ACTION_UPDATE_WORLD cmp=com.google.android.gms/com.google.android.location.reporting.service.DispatchingService (has extras) } with receiverAction android.location.PROVIDERS_CHANGED
03-04 11:40:29.249  1515  2832 I Checkin : [EventLogChimeraService] Opted in for usage reporting: false
03-04 11:40:29.258  1620  3255 W IsoInterface: Missing 'ftyp' header
03-04 11:40:29.259  1515  2832 I Checkin : [EventLogChimeraService] Accumulating logs since 1614829218057
03-04 11:40:29.259  1620  3255 D SQLiteQueryBuilder: SELECT _id, date_modified, _size, mime_type, media_type, is_pending FROM files WHERE ((volume_name IN ( 'internal' ))) AND ((_data=?)) with args [/product/media/audio/notifications/moonbeam.ogg]
03-04 11:40:29.259  1620  3255 I CursorWindowStats: Created a new Cursor. # Open Cursors=1 (# cursors opened by this proc=1)
03-04 11:40:29.259  1620  3255 D SQLiteCursor: received count(*) from native_fill_window: 0
03-04 11:40:29.283  2578  2663 W BugleRcsEngine: [236] tgj.a: Carrier Services Apk was not found.
03-04 11:40:29.283  2578  2663 I BugleRcsEngine: [236] tgj.a: Cannot get service version because CS.apk was not found, not pre-loaded or disabled.
03-04 11:40:29.283  2578  2663 W BugleRcsEngine: [236] tgj.a: Service with meta data key: JibeServiceApiVersions is not compatible. Service Version 1 is not supported. Supported versions: []
03-04 11:40:29.283  2578  2663 I BugleRcsEngine: [236] tgj.b: Not using CS JibeService because it is not compatible with AM.
03-04 11:40:29.294  2578  2663 W BugleRcsEngine: [236] tgj.a: Carrier Services Apk was not found.
03-04 11:40:29.295  2578  2663 I BugleRcsEngine: [236] tgj.a: Cannot get service version because CS.apk was not found, not pre-loaded or disabled.
03-04 11:40:29.295  2578  2663 W BugleRcsEngine: [236] tgj.a: Service with meta data key: SignupServiceVersions is not compatible. Service Version 4 is not supported. Supported versions: []
03-04 11:40:29.305  1271  3728 I GCoreUlr: WorldUpdater:android.location.PROVIDERS_CHANGED: Ensuring that reporting is stopped because of reasons: (no Google accounts)
03-04 11:40:29.312  2578  2663 W BugleRcsEngine: [236] tgj.a: Carrier Services Apk was not found.
03-04 11:40:29.312  2578  2663 I BugleRcsEngine: [236] tgj.a: Cannot get service version because CS.apk was not found, not pre-loaded or disabled.
03-04 11:40:29.313  2578  2663 W BugleRcsEngine: [236] tgj.a: Service with meta data key: JibeServiceApiVersions is not compatible. Service Version 1 is not supported. Supported versions: []
03-04 11:40:29.313  2578  2663 I BugleRcsEngine: [236] tgj.b: Not using CS JibeService because it is not compatible with AM.
03-04 11:40:29.317  2578  2663 I BugleRcsEngine: [236] yrg.connect: Connecting SignupService
03-04 11:40:29.325  2578  2663 W BugleRcsEngine: [236] tgj.a: Carrier Services Apk was not found.
03-04 11:40:29.326  2578  2663 I BugleRcsEngine: [236] tgj.a: Cannot get service version because CS.apk was not found, not pre-loaded or disabled.
03-04 11:40:29.326  2578  2663 W BugleRcsEngine: [236] tgj.a: Service with meta data key: JibeServiceApiVersions is not compatible. Service Version 1 is not supported. Supported versions: []
03-04 11:40:29.327  2578  2663 I BugleRcsEngine: [236] tgj.b: Not using CS JibeService because it is not compatible with AM.
03-04 11:40:29.329  2578  2663 I BugleRcsEngine: [236] yrg.connect: Binding to JibeService in Bugle. com.google.android.ims.rcsservice.signup.ISignup
03-04 11:40:29.331  2578  2685 W BugleRcsEngine: [239] tgj.a: Carrier Services Apk was not found.
03-04 11:40:29.331  2578  2685 I BugleRcsEngine: [239] tgj.a: Cannot get service version because CS.apk was not found, not pre-loaded or disabled.
03-04 11:40:29.331  1271  3728 I GCoreUlr: Unbound from all signal providers.
03-04 11:40:29.331  2578  2685 W BugleRcsEngine: [239] tgj.a: Service with meta data key: JibeServiceApiVersions is not compatible. Service Version 1 is not supported. Supported versions: []
03-04 11:40:29.331  2578  2685 I BugleRcsEngine: [239] tgj.b: Not using CS JibeService because it is not compatible with AM.
03-04 11:40:29.346  2578  2578 I RcsClientLib: Service com.google.android.rcs.client.signup.SignupService connected. Will notify listeners: true
03-04 11:40:29.354  1758  1777 I BugleRcsEngine: [131] sqx.a: RcsAvailabilityManager: Calculating Rcs Availability
03-04 11:40:29.361  1758  1777 I BugleRcsEngine: [131] tes.a: Unable to get Cs Apk version
03-04 11:40:29.364  1758  1777 I BugleRcsEngine: [131] sqx.a: Bugle ContentProvider is disabled by p/h flag, using ProvisioningEngineStateCacheUtil.getBugleEnabledRcsFromPreference()
03-04 11:40:29.364  1758  1777 I BugleRcsEngine: [131] sqx.a: Rcs is enabled from user settings: true
03-04 11:40:29.366  1271  3728 I GCoreUlr: WorldUpdater received intent Intent { act=com.google.android.location.reporting.ACTION_UPDATE_WORLD cmp=com.google.android.gms/com.google.android.location.reporting.service.DispatchingService (has extras) } with receiverAction android.location.PROVIDERS_CHANGED
03-04 11:40:29.373  1758  1777 W BugleRcsEngine: [131] soe.c: No config URL available.
03-04 11:40:29.375  1758  1777 I BugleRcsEngine: [131] sqx.a: RcsAvailabilityManager: Rcs Availability still DISABLED_VIA_GSERVICES (RCS is disabled for this carrier by Google)
