03-04 10:44:04.570  9958  9987 E AndroidRuntime: 	at com.facebook.react.bridge.queue.MessageQueueThreadImpl$4.run(MessageQueueThreadImpl.java:226)
03-04 10:44:04.570  9958  9987 E AndroidRuntime: 	at java.lang.Thread.run(Thread.java:923)
03-04 10:44:04.583  9958  9986 D SoLoader: About to load: libreactnativeblob.so
03-04 10:44:04.584  9958  9986 D SoLoader: libreactnativeblob.so not found on /data/user/0/com.testrefresh/lib-main
03-04 10:44:04.584  9958  9986 D SoLoader: libreactnativeblob.so found on /data/app/~~yeJWwa2Y98uDbWhHSkMrcg==/com.testrefresh-qKjb0IEaVNsQj0Pfz265cQ==/lib/x86
03-04 10:44:04.584  9958  9986 D SoLoader: Not resolving dependencies for libreactnativeblob.so
03-04 10:44:04.586  9958  9986 D SoLoader: Loaded: libreactnativeblob.so
03-04 10:44:04.594   581  9998 I DropBoxManagerService: add tag=data_app_crash isTagEnabled=true flags=0x2
03-04 10:44:04.594  9958  9986 E ReactNativeJNI: logMarker RUN_JS_BUNDLE_END
03-04 10:44:04.597  9958  9986 E ReactNativeJS: Invariant Violation: Module AppRegistry is not a registered callable module (calling runApplication)
03-04 10:44:04.602   581  2305 W ActivityTaskManager:   Force finishing activity com.testrefresh/.MainActivity
03-04 10:44:04.609   378   432 D goldfish-address-space: allocate: Ask for block of size 0x900000
03-04 10:44:04.610   378   432 D goldfish-address-space: allocate: ioctl allocate returned offset 0x3f91be000 size 0x901000
03-04 10:44:04.666   581  7390 D HostConnection: HostConnection::get() New Host Connection established 0xb1547ab0, tid 7390
03-04 10:44:04.686   365   423 W audio_hw_generic: Not supplying enough data to HAL, expected position 833725 , only wrote 768743
03-04 10:44:04.689   581  2394 I system_server: oneway function results will be dropped but finished with status OK and parcel size 4
03-04 10:44:04.700   581  2395 W InputReader: Device virtio_input_multi_touch_9 is associated with display ADISPLAY_ID_NONE.
03-04 10:44:04.700   581  2395 W InputReader: Device virtio_input_multi_touch_7 is associated with display ADISPLAY_ID_NONE.
03-04 10:44:04.700   581  2395 W InputReader: Device virtio_input_multi_touch_10 is associated with display ADISPLAY_ID_NONE.
03-04 10:44:04.700   581  2395 W InputReader: Device virtio_input_multi_touch_4 is associated with display ADISPLAY_ID_NONE.
03-04 10:44:04.700   581  2395 W InputReader: Device virtio_input_multi_touch_11 is associated with display ADISPLAY_ID_NONE.
03-04 10:44:04.700   581  2395 W InputReader: Device virtio_input_multi_touch_6 is associated with display ADISPLAY_ID_NONE.
03-04 10:44:04.701   581  2395 W InputReader: Device virtio_input_multi_touch_3 is associated with display ADISPLAY_ID_NONE.
03-04 10:44:04.701   581  2395 W InputReader: Device virtio_input_multi_touch_5 is associated with display ADISPLAY_ID_NONE.
03-04 10:44:04.701   581  2395 W InputReader: Device virtio_input_multi_touch_2 is associated with display ADISPLAY_ID_NONE.
03-04 10:44:04.701   581  2395 W InputReader: Device virtio_input_multi_touch_8 is associated with display ADISPLAY_ID_NONE.
03-04 10:44:04.705   581  2395 W InputReader: Device virtio_input_multi_touch_9 is associated with display ADISPLAY_ID_NONE.
03-04 10:44:04.705   581  2395 W InputReader: Device virtio_input_multi_touch_7 is associated with display ADISPLAY_ID_NONE.
03-04 10:44:04.705   581  2395 W InputReader: Device virtio_input_multi_touch_10 is associated with display ADISPLAY_ID_NONE.
03-04 10:44:04.705   581  2395 W InputReader: Device virtio_input_multi_touch_4 is associated with display ADISPLAY_ID_NONE.
03-04 10:44:04.705   581  2395 W InputReader: Device virtio_input_multi_touch_11 is associated with display ADISPLAY_ID_NONE.
03-04 10:44:04.705   581  2395 W InputReader: Device virtio_input_multi_touch_6 is associated with display ADISPLAY_ID_NONE.
03-04 10:44:04.705   581  2395 W InputReader: Device virtio_input_multi_touch_3 is associated with display ADISPLAY_ID_NONE.
03-04 10:44:04.705   581  2395 W InputReader: Device virtio_input_multi_touch_5 is associated with display ADISPLAY_ID_NONE.
03-04 10:44:04.705   581  2395 W InputReader: Device virtio_input_multi_touch_2 is associated with display ADISPLAY_ID_NONE.
03-04 10:44:04.705   581  2395 W InputReader: Device virtio_input_multi_touch_8 is associated with display ADISPLAY_ID_NONE.
03-04 10:44:04.732   581  7390 D HostConnection: HostComposition ext ANDROID_EMU_CHECKSUM_HELPER_v1 ANDROID_EMU_native_sync_v2 ANDROID_EMU_native_sync_v3 ANDROID_EMU_native_sync_v4 ANDROID_EMU_dma_v1 ANDROID_EMU_direct_mem ANDROID_EMU_host_composition_v1 ANDROID_EMU_host_composition_v2 ANDROID_EMU_YUV_Cache ANDROID_EMU_async_unmap_buffer GL_OES_EGL_image_external_essl3 GL_OES_vertex_array_object GL_KHR_texture_compression_astc_ldr ANDROID_EMU_gles_max_version_3_0 
03-04 10:44:04.738   581  7390 W OpenGLRenderer: Failed to choose config with EGL_SWAP_BEHAVIOR_PRESERVED, retrying without...
03-04 10:44:04.744   581  7390 D EGL_emulation: eglCreateContext: 0xecfeb890: maj 3 min 0 rcv 3
03-04 10:44:04.745   581   626 W BroadcastQueue: Background execution not allowed: receiving Intent { act=android.intent.action.DROPBOX_ENTRY_ADDED flg=0x10 (has extras) } to com.google.android.gms/.stats.service.DropBoxEntryAddedReceiver
03-04 10:44:04.927   581   626 W BroadcastQueue: Background execution not allowed: receiving Intent { act=android.intent.action.DROPBOX_ENTRY_ADDED flg=0x10 (has extras) } to com.google.android.gms/.chimera.GmsIntentOperationService$PersistentTrustedReceiver
03-04 10:44:04.928   581  7390 D EGL_emulation: eglMakeCurrent: 0xecfeb890: ver 3 0 (tinfo 0xb502dd30) (first time)
03-04 10:44:04.966  9958  9987 I Process : Sending signal. PID: 9958 SIG: 9
03-04 10:44:04.970   581   581 W Looper  : Drained
03-04 10:44:04.986   581   618 W Looper  : Slow dispatch took 304ms android.ui h=com.android.server.am.ActivityManagerService$UiHandler c=null m=1
03-04 10:44:04.987   581   618 W Looper  : Slow delivery took 296ms android.ui h=com.android.server.wm.BarController$BarHandler c=com.android.server.wm.-$$Lambda$StatusBarController$1$x4q7e0Eysf0ynMSdT1A-JN_ucuI@fcc65f m=0
03-04 10:44:05.074   378   432 D goldfish-address-space: allocate: Ask for block of size 0xe10000
03-04 10:44:05.074   378   432 D goldfish-address-space: allocate: ioctl allocate returned offset 0x3f6113000 size 0xe11000
03-04 10:44:05.108   581   618 W Looper  : Slow dispatch took 121ms android.ui h=com.android.server.am.ActivityManagerService$UiHandler c=null m=31
03-04 10:44:05.109   378   434 D goldfish-address-space: allocate: Ask for block of size 0xe10000
03-04 10:44:05.109   378   434 D goldfish-address-space: allocate: ioctl allocate returned offset 0x3fb3ab000 size 0xe11000
03-04 10:44:05.131   378   432 D goldfish-address-space: allocate: Ask for block of size 0xe10000
03-04 10:44:05.132   378   432 D goldfish-address-space: allocate: ioctl allocate returned offset 0x3fa59a000 size 0xe11000
03-04 10:44:05.174   378   434 D goldfish-address-space: allocate: Ask for block of size 0xe10000
03-04 10:44:05.174   378   434 D goldfish-address-space: allocate: ioctl allocate returned offset 0x3f3bf0000 size 0xe11000
03-04 10:44:05.204   378  7140 D goldfish-address-space: allocate: Ask for block of size 0xe10000
03-04 10:44:05.205   378  7140 D goldfish-address-space: allocate: ioctl allocate returned offset 0x3f2ddf000 size 0xe11000
03-04 10:44:05.224   378   432 D goldfish-address-space: allocate: Ask for block of size 0xe10000
03-04 10:44:05.225   378   432 D goldfish-address-space: allocate: ioctl allocate returned offset 0x3f1fce000 size 0xe11000
03-04 10:44:05.271   581   618 W Looper  : Slow dispatch took 162ms android.ui h=com.android.server.am.ActivityManagerService$UiHandler c=null m=53
03-04 10:44:05.300   813   886 I ndroid.systemu: Waiting for a blocking GC ProfileSaver
03-04 10:44:05.367     0     0 I binder_alloc: 9958: binder_alloc_buf, no vma
03-04 10:44:05.377     0     0 I binder  : 581:1814 transaction failed 29189/-3, size 264-16 line 3312
03-04 10:44:05.425   581  1814 W InputDispatcher: Attempted to unregister already unregistered input channel 'f371c7f com.testrefresh/com.testrefresh.MainActivity (server)'
03-04 10:44:05.396     0     0 I binder  : undelivered transaction 816117, process died.
03-04 10:44:05.486   362   362 I Zygote  : Process 9958 exited due to signal 9 (Killed)
03-04 10:44:05.477     0     0 I binder  : undelivered transaction 815815, process died.
03-04 10:44:05.535   240   240 W lowmemorykiller: Failed to open /proc/9958/oom_score_adj; errno=2: process 9958 might have been killed
03-04 10:44:05.548     0     0 I binder  : 581:621 transaction failed 29189/-22, size 944-0 line 3142
03-04 10:44:05.546   581   618 W Looper  : Drained
03-04 10:44:05.624   581   621 W WindowManager: Failed to deliver inset state change to w=Window{f371c7f u0 com.testrefresh/com.testrefresh.MainActivity}
03-04 10:44:05.624   581   621 W WindowManager: android.os.DeadObjectException
03-04 10:44:05.624   581   621 W WindowManager: 	at android.os.BinderProxy.transactNative(Native Method)
03-04 10:44:05.624   581   621 W WindowManager: 	at android.os.BinderProxy.transact(BinderProxy.java:540)
03-04 10:44:05.624   581   621 W WindowManager: 	at android.view.IWindow$Stub$Proxy.insetsControlChanged(IWindow.java:765)
03-04 10:44:05.624   581   621 W WindowManager: 	at com.android.server.wm.WindowState.notifyInsetsControlChanged(WindowState.java:3582)
03-04 10:44:05.624   581   621 W WindowManager: 	at com.android.server.wm.InsetsStateController.lambda$notifyPendingInsetsControlChanged$4$InsetsStateController(InsetsStateController.java:428)
03-04 10:44:05.624   581   621 W WindowManager: 	at com.android.server.wm.-$$Lambda$InsetsStateController$-1iOXDf-1s3wDHcMIHBKNk6MS3I.run(Unknown Source:2)
03-04 10:44:05.624   581   621 W WindowManager: 	at com.android.server.wm.WindowAnimator.executeAfterPrepareSurfacesRunnables(WindowAnimator.java:323)
03-04 10:44:05.624   581   621 W WindowManager: 	at com.android.server.wm.WindowAnimator.animate(WindowAnimator.java:204)
03-04 10:44:05.624   581   621 W WindowManager: 	at com.android.server.wm.WindowAnimator.lambda$new$1$WindowAnimator(WindowAnimator.java:100)
03-04 10:44:05.624   581   621 W WindowManager: 	at com.android.server.wm.-$$Lambda$WindowAnimator$ddXU8gK8rmDqri0OZVMNa3Y4GHk.doFrame(Unknown Source:2)
03-04 10:44:05.624   581   621 W WindowManager: 	at android.view.Choreographer$CallbackRecord.run(Choreographer.java:970)
03-04 10:44:05.624   581   621 W WindowManager: 	at android.view.Choreographer.doCallbacks(Choreographer.java:796)
03-04 10:44:05.624   581   621 W WindowManager: 	at android.view.Choreographer.doFrame(Choreographer.java:727)
03-04 10:44:05.624   581   621 W WindowManager: 	at android.view.Choreographer$FrameDisplayEventReceiver.run(Choreographer.java:957)
03-04 10:44:05.624   581   621 W WindowManager: 	at android.os.Handler.handleCallback(Handler.java:938)
03-04 10:44:05.624   581   621 W WindowManager: 	at android.os.Handler.dispatchMessage(Handler.java:99)
03-04 10:44:05.624   581   621 W WindowManager: 	at android.os.Looper.loop(Looper.java:223)
03-04 10:44:05.624   581   621 W WindowManager: 	at android.os.HandlerThread.run(HandlerThread.java:67)
03-04 10:44:05.624   581   621 W WindowManager: 	at com.android.server.ServiceThread.run(ServiceThread.java:44)
03-04 10:44:05.798   581   618 W system_server: Long monitor contention with owner Binder:581_19 (2305) at void com.android.server.am.ActivityManagerService.finishReceiver(android.os.IBinder, int, java.lang.String, android.os.Bundle, boolean, int)(ActivityManagerService.java:16811) waiters=3 in void com.android.server.am.ActivityManagerService.dispatchProcessesChanged() for 233ms
03-04 10:44:05.805   581   581 W Looper  : Slow dispatch took 244ms main h=com.android.server.AlarmManagerService$AlarmHandler c=android.app.PendingIntent$FinishedDispatcher@95398e3 m=0
03-04 10:44:05.861   581   663 I ActivityManager: Process com.testrefresh (pid 9958) has died: cch CRE 
03-04 10:44:05.869   581   620 W ActivityManager: setHasOverlayUi called on unknown pid: 9958
03-04 10:44:05.871   581   618 W Looper  : Slow dispatch took 307ms android.ui h=com.android.server.am.ActivityManagerService$UiHandler c=null m=31
03-04 10:44:05.873   581   628 I libprocessgroup: Successfully killed process cgroup uid 10154 pid 9958 in 18ms
03-04 10:44:05.893  9677  9741 W ThreadPoolDumper: Queue length for executor EventBus is now 11. Perhaps some tasks are too long, or the pool is too small.
03-04 10:44:05.913  1028  1048 I s.nexuslaunche: NativeAlloc concurrent copying GC freed 18561(906KB) AllocSpace objects, 4(276KB) LOS objects, 49% free, 4008KB/8017KB, paused 493us total 962.694ms
03-04 10:44:05.975   813   835 I ndroid.systemu: NativeAlloc concurrent copying GC freed 20354(858KB) AllocSpace objects, 9(180KB) LOS objects, 49% free, 9724KB/18MB, paused 11.052ms total 1.024s
03-04 10:44:05.975   813   886 I ndroid.systemu: WaitForGcToComplete blocked ProfileSaver on HeapTrim for 676.432ms
03-04 10:44:05.977  1028  1050 W System  : A resource failed to call release. 
03-04 10:44:05.979  1028  1050 W System  : A resource failed to call release. 
03-04 10:44:06.055  9677  9677 I BgTaskExecutorImpl: Starting EXCLUSIVE background task TNG_MINUS_ONE_SYNC.
03-04 10:44:06.218  9677  9741 I TngMinusOneSync: Syncing TNG:-1
03-04 10:44:06.569   447   447 I perfetto: probes_producer.cc:329  Producer stop (id=14)
03-04 10:44:06.573   447   447 I perfetto: ftrace_procfs.cc:183    disabled ftrace
03-04 10:44:06.544     0     0 W perfetto: disabled ftrace
03-04 10:44:06.576   449   449 I perfetto: ng_service_impl.cc:1948 Tracing session 14 ended, total sessions:0
03-04 10:44:08.651  1486  1546 I PeriodicStatsRunner: PeriodicStatsRunner.call():180 call()
03-04 10:44:08.651  1486  1546 I PeriodicStatsRunner: PeriodicStatsRunner.call():184 No submit PeriodicStats since input started.
